Component: Arm Compiler for Embedded 6.21 Tool: armlink [5ec1fa00]

==============================================================================

Section Cross References

    main.o(.text.main) refers to zf_common_clock.o(.text.clock_init) for clock_init
    main.o(.text.main) refers to zf_common_debug.o(.text.debug_init) for debug_init
    main.o(.text.main) refers to debug_test.o(.text.HARDWARE_INIT) for HARDWARE_INIT
    main.o(.text.main) refers to zf_device_key.o(.text.key_scanner) for key_scanner
    main.o(.text.main) refers to menu.o(.text.show_process) for show_process
    main.o(.text.main) refers to zf_driver_delay.o(.text.system_delay_ms) for system_delay_ms
    main.o(.ARM.exidx.text.main) refers to main.o(.text.main) for [Anonymous Symbol]
    main.o(.text.pit_handler) refers to main.o(.bss.pit_handler.encoder_tick) for pit_handler.encoder_tick
    main.o(.text.pit_handler) refers to encoder.o(.text.encoder_update) for encoder_update
    main.o(.ARM.exidx.text.pit_handler) refers to main.o(.text.pit_handler) for [Anonymous Symbol]
    main.o(.text.imu_pit) refers to debug_test.o(.bss.imu_init) for imu_init
    main.o(.text.imu_pit) refers to imu.o(.text.imu_get) for imu_get
    main.o(.text.imu_pit) refers to imu.o(.text.get_real_gz) for get_real_gz
    main.o(.ARM.exidx.text.imu_pit) refers to main.o(.text.imu_pit) for [Anonymous Symbol]
    isr.o(.ARM.exidx.text.TIM1_UP_IRQHandler) refers to isr.o(.text.TIM1_UP_IRQHandler) for [Anonymous Symbol]
    isr.o(.text.TIM2_IRQHandler) refers to main.o(.text.imu_pit) for imu_pit
    isr.o(.ARM.exidx.text.TIM2_IRQHandler) refers to isr.o(.text.TIM2_IRQHandler) for [Anonymous Symbol]
    isr.o(.ARM.exidx.text.TIM3_IRQHandler) refers to isr.o(.text.TIM3_IRQHandler) for [Anonymous Symbol]
    isr.o(.ARM.exidx.text.TIM4_IRQHandler) refers to isr.o(.text.TIM4_IRQHandler) for [Anonymous Symbol]
    isr.o(.ARM.exidx.text.TIM5_IRQHandler) refers to isr.o(.text.TIM5_IRQHandler) for [Anonymous Symbol]
    isr.o(.text.TIM6_IRQHandler) refers to main.o(.text.pit_handler) for pit_handler
    isr.o(.ARM.exidx.text.TIM6_IRQHandler) refers to isr.o(.text.TIM6_IRQHandler) for [Anonymous Symbol]
    isr.o(.ARM.exidx.text.TIM7_IRQHandler) refers to isr.o(.text.TIM7_IRQHandler) for [Anonymous Symbol]
    isr.o(.text.TIM8_UP_IRQHandler) refers to zf_device_tsl1401.o(.text.tsl1401_collect_pit_handler) for tsl1401_collect_pit_handler
    isr.o(.ARM.exidx.text.TIM8_UP_IRQHandler) refers to isr.o(.text.TIM8_UP_IRQHandler) for [Anonymous Symbol]
    isr.o(.ARM.exidx.text.UART1_IRQHandler) refers to isr.o(.text.UART1_IRQHandler) for [Anonymous Symbol]
    isr.o(.text.UART2_IRQHandler) refers to zf_device_gps_tau1201.o(.text.gps_uart_callback) for gps_uart_callback
    isr.o(.ARM.exidx.text.UART2_IRQHandler) refers to isr.o(.text.UART2_IRQHandler) for [Anonymous Symbol]
    isr.o(.ARM.exidx.text.UART3_IRQHandler) refers to isr.o(.text.UART3_IRQHandler) for [Anonymous Symbol]
    isr.o(.ARM.exidx.text.UART4_IRQHandler) refers to isr.o(.text.UART4_IRQHandler) for [Anonymous Symbol]
    isr.o(.ARM.exidx.text.UART5_IRQHandler) refers to isr.o(.text.UART5_IRQHandler) for [Anonymous Symbol]
    isr.o(.text.UART6_IRQHandler) refers to zf_device_type.o(.data.wireless_module_uart_handler) for wireless_module_uart_handler
    isr.o(.ARM.exidx.text.UART6_IRQHandler) refers to isr.o(.text.UART6_IRQHandler) for [Anonymous Symbol]
    isr.o(.ARM.exidx.text.UART7_IRQHandler) refers to isr.o(.text.UART7_IRQHandler) for [Anonymous Symbol]
    isr.o(.text.UART8_IRQHandler) refers to zf_device_type.o(.data.camera_uart_handler) for camera_uart_handler
    isr.o(.ARM.exidx.text.UART8_IRQHandler) refers to isr.o(.text.UART8_IRQHandler) for [Anonymous Symbol]
    isr.o(.ARM.exidx.text.EXTI0_IRQHandler) refers to isr.o(.text.EXTI0_IRQHandler) for [Anonymous Symbol]
    isr.o(.ARM.exidx.text.EXTI1_IRQHandler) refers to isr.o(.text.EXTI1_IRQHandler) for [Anonymous Symbol]
    isr.o(.ARM.exidx.text.EXTI2_IRQHandler) refers to isr.o(.text.EXTI2_IRQHandler) for [Anonymous Symbol]
    isr.o(.ARM.exidx.text.EXTI3_IRQHandler) refers to isr.o(.text.EXTI3_IRQHandler) for [Anonymous Symbol]
    isr.o(.text.EXTI4_IRQHandler) refers to zf_device_dl1a.o(.text.dl1a_int_handler) for dl1a_int_handler
    isr.o(.ARM.exidx.text.EXTI4_IRQHandler) refers to isr.o(.text.EXTI4_IRQHandler) for [Anonymous Symbol]
    isr.o(.text.EXTI9_5_IRQHandler) refers to zf_device_type.o(.data.camera_vsync_handler) for camera_vsync_handler
    isr.o(.ARM.exidx.text.EXTI9_5_IRQHandler) refers to isr.o(.text.EXTI9_5_IRQHandler) for [Anonymous Symbol]
    isr.o(.text.EXTI15_10_IRQHandler) refers to zf_device_dm1xa.o(.text.dm1xa_light_callback) for dm1xa_light_callback
    isr.o(.text.EXTI15_10_IRQHandler) refers to zf_device_dm1xa.o(.text.dm1xa_sound_callback) for dm1xa_sound_callback
    isr.o(.ARM.exidx.text.EXTI15_10_IRQHandler) refers to isr.o(.text.EXTI15_10_IRQHandler) for [Anonymous Symbol]
[...]
    imu_pit                                  0x0800656d   Thumb Code    34  main.o(.text.imu_pit)
    imu_test                                 0x08006591   Thumb Code   662  imu.o(.text.imu_test)
    inner_draw_line                          0x08006829   Thumb Code   342  camera.o(.text.inner_draw_line)
    interrupt_disable                        0x08006981   Thumb Code    20  zf_common_interrupt.o(.text.interrupt_disable)
    interrupt_enable                         0x08006995   Thumb Code    20  zf_common_interrupt.o(.text.interrupt_enable)
    interrupt_global_disable                 0x080069a9   Thumb Code    36  zf_common_interrupt.o(.text.interrupt_global_disable)
    interrupt_global_enable                  0x080069cd   Thumb Code    48  zf_common_interrupt.o(.text.interrupt_global_enable)
    interrupt_init                           0x080069fd   Thumb Code    10  zf_common_interrupt.o(.text.interrupt_init)
    interrupt_set_priority                   0x08006a09   Thumb Code    28  zf_common_interrupt.o(.text.interrupt_set_priority)
    ips200_clear                             0x08006a61   Thumb Code   270  zf_device_ips200.o(.text.ips200_clear)
    ips200_draw_point                        0x08006bfd   Thumb Code   234  zf_device_ips200.o(.text.ips200_draw_point)
    ips200_init                              0x08006ce9   Thumb Code  1138  zf_device_ips200.o(.text.ips200_init)
    ips200_set_color                         0x0800715d   Thumb Code    42  zf_device_ips200.o(.text.ips200_set_color)
    ips200_set_dir                           0x08007189   Thumb Code   102  zf_device_ips200.o(.text.ips200_set_dir)
    ips200_set_font                          0x080071f1   Thumb Code    24  zf_device_ips200.o(.text.ips200_set_font)
    ips200_show_char                         0x080072cd   Thumb Code   734  zf_device_ips200.o(.text.ips200_show_char)
    ips200_show_float                        0x080075ad   Thumb Code   350  zf_device_ips200.o(.text.ips200_show_float)
    ips200_show_gray_image                   0x0800770d   Thumb Code   532  zf_device_ips200.o(.text.ips200_show_gray_image)
    ips200_show_int                          0x08007921   Thumb Code   256  zf_device_ips200.o(.text.ips200_show_int)
    ips200_show_string                       0x08007a21   Thumb Code   220  zf_device_ips200.o(.text.ips200_show_string)
    key_clear_state                          0x08007d71   Thumb Code    26  zf_device_key.o(.text.key_clear_state)
    key_get_state                            0x08007d8d   Thumb Code    24  zf_device_key.o(.text.key_get_state)
    key_init                                 0x08007da5   Thumb Code   122  zf_device_key.o(.text.key_init)
    key_scanner                              0x08007ea5   Thumb Code   256  zf_device_key.o(.text.key_scanner)
    left_draw_line                           0x08007fa5   Thumb Code   364  camera.o(.text.left_draw_line)
    left_lose_draw_right_line                0x08008111   Thumb Code    98  camera.o(.text.left_lose_draw_right_line)
    longest_white_sweepline                  0x08008175   Thumb Code  1576  camera.o(.text.longest_white_sweepline)
    main                                     0x0800879d   Thumb Code    48  main.o(.text.main)
    menu_add_flash_edit                      0x080087cd   Thumb Code   112  menu.o(.text.menu_add_flash_edit)
    menu_add_flash_edit_float                0x0800883d   Thumb Code   128  menu.o(.text.menu_add_flash_edit_float)
    menu_add_function                        0x080088bd   Thumb Code   128  menu.o(.text.menu_add_function)
    menu_add_inline_edit                     0x0800893d   Thumb Code   174  menu.o(.text.menu_add_inline_edit)
    menu_add_inline_edit_float               0x080089ed   Thumb Code   282  menu.o(.text.menu_add_inline_edit_float)
    menu_add_submenu                         0x08008b09   Thumb Code   136  menu.o(.text.menu_add_submenu)
    menu_create_page                         0x08008b91   Thumb Code    60  menu.o(.text.menu_create_page)
    menu_init                                0x08008bcd   Thumb Code   164  menu.o(.text.menu_init)
    menu_request_redraw                      0x08008c71   Thumb Code    14  menu.o(.text.menu_request_redraw)
    motor_protect                            0x08008c81   Thumb Code   180  motor.o(.text.motor_protect)
    motor_set_pwm                            0x08008d35   Thumb Code   144  motor.o(.text.motor_set_pwm)
    mt9v03x_get_version                      0x08008f01   Thumb Code   160  zf_device_mt9v03x.o(.text.mt9v03x_get_version)
    mt9v03x_init                             0x08008fa1   Thumb Code   420  zf_device_mt9v03x.o(.text.mt9v03x_init)
    mt9v03x_set_config_sccb                  0x08009279   Thumb Code  2478  zf_device_config.o(.text.mt9v03x_set_config_sccb)
    pit_handler                              0x08009cd5   Thumb Code    44  main.o(.text.pit_handler)
    pit_init                                 0x08009d01   Thumb Code   306  zf_driver_pit.o(.text.pit_init)
    pwm_init                                 0x08009e75   Thumb Code   598  zf_driver_pwm.o(.text.pwm_init)
    pwm_set_duty                             0x0800a0cd   Thumb Code   302  zf_driver_pwm.o(.text.pwm_set_duty)
    ratio_calc_test                          0x0800a1fd   Thumb Code  1380  debug_test.o(.text.ratio_calc_test)
    reset_pid                                0x0800a761   Thumb Code   978  menu.o(.text.reset_pid)
    right_draw_line                          0x0800ab35   Thumb Code   364  camera.o(.text.right_draw_line)
    set_camera_type                          0x0800ad2d   Thumb Code   138  zf_device_type.o(.text.set_camera_type)
    show_binarize                            0x0800adb9   Thumb Code   354  camera.o(.text.show_binarize)
    show_boundary_line                       0x0800af1d   Thumb Code  1306  camera.o(.text.show_boundary_line)
    show_gary                                0x0800b66d   Thumb Code   352  camera.o(.text.show_gary)
    show_process                             0x0800b7cd   Thumb Code  2952  menu.o(.text.show_process)
    show_saidao_flag                         0x0800c355   Thumb Code   210  menu.o(.text.show_saidao_flag)
    soft_iic_init                            0x0800c429   Thumb Code   142  zf_driver_soft_iic.o(.text.soft_iic_init)
    soft_iic_read_8bit_registers             0x0800c4b9   Thumb Code   152  zf_driver_soft_iic.o(.text.soft_iic_read_8bit_registers)
    soft_iic_sccb_read_register              0x0800c6b5   Thumb Code   120  zf_driver_soft_iic.o(.text.soft_iic_sccb_read_register)
    soft_iic_sccb_write_register             0x0800c72d   Thumb Code    86  zf_driver_soft_iic.o(.text.soft_iic_sccb_write_register)
    soft_iic_write_8bit_register             0x0800cc79   Thumb Code    86  zf_driver_soft_iic.o(.text.soft_iic_write_8bit_register)
    speed_hold_LR_test                       0x0800cd85   Thumb Code   990  debug_test.o(.text.speed_hold_LR_test)
    speed_hold_test                          0x0800d165   Thumb Code   612  debug_test.o(.text.speed_hold_test)
    spi_init                                 0x0800d3c9   Thumb Code   870  zf_driver_spi.o(.text.spi_init)
    spi_read_8bit_register                   0x0800d731   Thumb Code   210  zf_driver_spi.o(.text.spi_read_8bit_register)
    spi_read_8bit_registers                  0x0800d805   Thumb Code   264  zf_driver_spi.o(.text.spi_read_8bit_registers)
    spi_write_16bit                          0x0800d90d   Thumb Code   184  zf_driver_spi.o(.text.spi_write_16bit)
    spi_write_8bit                           0x0800d9c5   Thumb Code   134  zf_driver_spi.o(.text.spi_write_8bit)
    spi_write_8bit_register                  0x0800da4d   Thumb Code   188  zf_driver_spi.o(.text.spi_write_8bit_register)
    straight_judge                           0x0800db09   Thumb Code   168  camera.o(.text.straight_judge)
    system_delay_ms                          0x0800dbb1   Thumb Code   154  zf_driver_delay.o(.text.system_delay_ms)
    timer_clear                              0x0800dc4d   Thumb Code   178  zf_driver_timer.o(.text.timer_clear)
    timer_clock_enable                       0x0800dd01   Thumb Code   182  zf_driver_timer.o(.text.timer_clock_enable)
    timer_etr_init                           0x0800ddb9   Thumb Code   298  zf_driver_timer.o(.text.timer_etr_init)
    timer_funciton_check                     0x0800dee5   Thumb Code   104  zf_driver_timer.o(.text.timer_funciton_check)
    timer_get                                0x0800df4d   Thumb Code   182  zf_driver_timer.o(.text.timer_get)
    track_line                               0x0800e095   Thumb Code  1330  track.o(.text.track_line)
    tsl1401_collect_pit_handler              0x0800e5c9   Thumb Code   224  zf_device_tsl1401.o(.text.tsl1401_collect_pit_handler)
    uart_init                                0x0800e6ad   Thumb Code   652  zf_driver_uart.o(.text.uart_init)
    uart_query_byte                          0x0800e939   Thumb Code   102  zf_driver_uart.o(.text.uart_query_byte)
    uart_rx_interrupt                        0x0800e9a1   Thumb Code   160  zf_driver_uart.o(.text.uart_rx_interrupt)
    uart_write_buffer                        0x0800ea41   Thumb Code   108  zf_driver_uart.o(.text.uart_write_buffer)
    uart_write_byte                          0x0800eaad   Thumb Code    64  zf_driver_uart.o(.text.uart_write_byte)
    uart_write_string                        0x0800eaed   Thumb Code    64  zf_driver_uart.o(.text.uart_write_string)
    zebra_judge_multi                        0x0800ec81   Thumb Code   584  camera.o(.text.zebra_judge_multi)
    __0sprintf                               0x0800eec9   Thumb Code    34  printfa.o(i.__0sprintf)
    __1sprintf                               0x0800eec9   Thumb Code     0  printfa.o(i.__0sprintf)
    __2sprintf                               0x0800eec9   Thumb Code     0  printfa.o(i.__0sprintf)
    __c89sprintf                             0x0800eec9   Thumb Code     0  printfa.o(i.__0sprintf)
    sprintf                                  0x0800eec9   Thumb Code     0  printfa.o(i.__0sprintf)
    __ARM_fpclassifyf                        0x0800eef1   Thumb Code    38  fpclassifyf.o(i.__ARM_fpclassifyf)
    __mathlib_flt_infnan                     0x0800ef17   Thumb Code     6  funder.o(i.__mathlib_flt_infnan)
    __mathlib_flt_overflow                   0x0800ef1d   Thumb Code    10  funder.o(i.__mathlib_flt_overflow)
    __mathlib_flt_underflow                  0x0800ef27   Thumb Code    10  funder.o(i.__mathlib_flt_underflow)
    __scatterload_copy                       0x0800ef31   Thumb Code    14  handlers.o(i.__scatterload_copy)
    __scatterload_null                       0x0800ef3f   Thumb Code     2  handlers.o(i.__scatterload_null)
    __scatterload_zeroinit                   0x0800ef41   Thumb Code    14  handlers.o(i.__scatterload_zeroinit)
    __set_errno                              0x0800ef51   Thumb Code     6  errno.o(i.__set_errno)
    __mathlib_expf                           0x0800f819   Thumb Code     0  expf.o(i.expf)
    expf                                     0x0800f819   Thumb Code   326  expf.o(i.expf)
    ascii_font_6x8                           0x0800fa68   Data         552  zf_common_font.o(.rodata.ascii_font_6x8)
    ascii_font_8x16                          0x0800fc90   Data        1520  zf_common_font.o(.rodata.ascii_font_8x16)
    road_wide                                0x08010284   Data         120  camera.o(.rodata.road_wide)
    Region$$Table$$Base                      0x08010ae4   Number         0  anon$$obj.o(Region$$Table)
    Region$$Table$$Limit                     0x08010b04   Number         0  anon$$obj.o(Region$$Table)
    camera_dma_handler                       0x2000000c   Data           4  zf_device_type.o(.data.camera_dma_handler)
    camera_uart_handler                      0x20000010   Data           4  zf_device_type.o(.data.camera_uart_handler)
    camera_vsync_handler                     0x20000014   Data           4  zf_device_type.o(.data.camera_vsync_handler)
    dl1a_distance_mm                         0x20000018   Data           2  zf_device_dl1a.o(.data.dl1a_distance_mm)
    err_end_point                            0x2000002c   Data           1  camera.o(.data.err_end_point)
    err_focus_row                            0x2000002d   Data           1  camera.o(.data.err_focus_row)
    err_start_point                          0x2000002e   Data           1  camera.o(.data.err_start_point)
    gpio_group                               0x20000030   Data          32  zf_driver_gpio.o(.data.gpio_group)
    gyro_pid                                 0x20000050   Data          44  pid.o(.data.gyro_pid)
    image_kp_ref                             0x2000007c   Data           4  pid.o(.data.image_kp_ref)
    image_pid_struct                         0x20000080   Data          56  pid.o(.data.image_pid_struct)
    imu963ra_transition_factor               0x200000b8   Data          12  zf_device_imu963ra.o(.data.imu963ra_transition_factor)
    speed_pid                                0x20000128   Data          44  pid.o(.data.speed_pid)
    speed_pid_L                              0x20000154   Data          44  pid.o(.data.speed_pid_L)
    speed_pid_R                              0x20000180   Data          44  pid.o(.data.speed_pid_R)
    system_clock                             0x200001b4   Data           4  zf_common_clock.o(.data.system_clock)
    track_pid                                0x200001bc   Data          40  pid.o(.data.track_pid)
    wireless_module_uart_handler             0x2000020c   Data           4  zf_device_type.o(.data.wireless_module_uart_handler)
    binary_image                             0x20000216   Data       22560  camera.o(.bss.binary_image)
    boundary_start_left                      0x20005a36   Data           1  camera.o(.bss.boundary_start_left)
    boundary_start_right                     0x20005a37   Data           1  camera.o(.bss.boundary_start_right)
    camera_receiver_buffer                   0x20005a40   Data           8  zf_device_camera.o(.bss.camera_receiver_buffer)
    camera_receiver_fifo                     0x20005a48   Data          24  zf_device_camera.o(.bss.camera_receiver_fifo)
    camera_type                              0x20005a60   Data           1  zf_device_type.o(.bss.camera_type)
    circle_flag                              0x20005a61   Data           1  camera.o(.bss.circle_flag)
    cross_flag                               0x20005a62   Data           1  camera.o(.bss.cross_flag)
    distance_L                               0x20005a7c   Data           4  encoder.o(.bss.distance_L)
    distance_R                               0x20005a80   Data           4  encoder.o(.bss.distance_R)
    dl1a_finsh_flag                          0x20005a84   Data           1  zf_device_dl1a.o(.bss.dl1a_finsh_flag)
    flash_union_buffer                       0x20005aa0   Data        1024  zf_driver_flash.o(.bss.flash_union_buffer)
    gps_gga_state                            0x20005f20   Data           1  zf_device_gps_tau1201.o(.bss.gps_gga_state)
    gps_rmc_state                            0x20005fa1   Data           1  zf_device_gps_tau1201.o(.bss.gps_rmc_state)
    gps_tau1201_flag                         0x20005fa2   Data           1  zf_device_gps_tau1201.o(.bss.gps_tau1201_flag)
    gz                                       0x20005fd4   Data           2  imu.o(.bss.gz)
    imu963ra_acc_x                           0x20005fe8   Data           2  zf_device_imu963ra.o(.bss.imu963ra_acc_x)
    imu963ra_acc_y                           0x20005fea   Data           2  zf_device_imu963ra.o(.bss.imu963ra_acc_y)
    imu963ra_acc_z                           0x20005fec   Data           2  zf_device_imu963ra.o(.bss.imu963ra_acc_z)
    imu963ra_gyro_x                          0x20005fee   Data           2  zf_device_imu963ra.o(.bss.imu963ra_gyro_x)
    imu963ra_gyro_y                          0x20005ff0   Data           2  zf_device_imu963ra.o(.bss.imu963ra_gyro_y)
    imu963ra_gyro_z                          0x20005ff2   Data           2  zf_device_imu963ra.o(.bss.imu963ra_gyro_z)
    imu_init                                 0x20005ff4   Data           1  debug_test.o(.bss.imu_init)
    left_down_point                          0x20006014   Data           1  camera.o(.bss.left_down_point)
    left_line                                0x20006016   Data         240  camera.o(.bss.left_line)
    left_lost_count                          0x20006106   Data           1  camera.o(.bss.left_lost_count)
    left_lost_flag                           0x20006108   Data         240  camera.o(.bss.left_lost_flag)
    left_right_lost_count                    0x200061f8   Data           1  camera.o(.bss.left_right_lost_count)
    left_start                               0x200061f9   Data           1  camera.o(.bss.left_start)
    left_up_point                            0x200061fa   Data           1  camera.o(.bss.left_up_point)
    line_err                                 0x200061fc   Data           4  camera.o(.bss.line_err)
    longest_white_left                       0x20006200   Data           4  camera.o(.bss.longest_white_left)
    longest_white_right                      0x20006204   Data           4  camera.o(.bss.longest_white_right)
    mid_line                                 0x2000620c   Data         120  camera.o(.bss.mid_line)
    mt9v03x_finish_flag                      0x2000628a   Data           1  zf_device_mt9v03x.o(.bss.mt9v03x_finish_flag)
    mt9v03x_image                            0x200062a0   Data       22560  zf_device_mt9v03x.o(.bss.mt9v03x_image)
    real_gz                                  0x2000ceb0   Data           4  imu.o(.bss.real_gz)
    real_road_wide                           0x2000ceb4   Data         120  camera.o(.bss.real_road_wide)
    right_down_point                         0x2000cf2c   Data           1  camera.o(.bss.right_down_point)
    right_line                               0x2000cf2e   Data         240  camera.o(.bss.right_line)
    right_lost_count                         0x2000d01e   Data           1  camera.o(.bss.right_lost_count)
    right_lost_flag                          0x2000d020   Data         240  camera.o(.bss.right_lost_flag)
    right_start                              0x2000d110   Data           1  camera.o(.bss.right_start)
    right_up_point                           0x2000d111   Data           1  camera.o(.bss.right_up_point)
    search_stop_line                         0x2000d118   Data           1  camera.o(.bss.search_stop_line)
    speed_L                                  0x2000d15c   Data           2  encoder.o(.bss.speed_L)
    speed_R                                  0x2000d16c   Data           2  encoder.o(.bss.speed_R)
    straight_flag                            0x2000d189   Data           1  camera.o(.bss.straight_flag)
    tsl1401_data                             0x2000d1b8   Data         512  zf_device_tsl1401.o(.bss.tsl1401_data)
    tsl1401_finish_flag                      0x2000d3b8   Data           1  zf_device_tsl1401.o(.bss.tsl1401_finish_flag)
    white_count                              0x2000d3c2   Data         188  camera.o(.bss.white_count)
    zebra_clear_timer                        0x2000d47e   Data           2  camera.o(.bss.zebra_clear_timer)
    zebra_count_total                        0x2000d480   Data           1  camera.o(.bss.zebra_count_total)
    zebra_detect_state                       0x2000d481   Data           1  camera.o(.bss.zebra_detect_state)
    zebra_flag                               0x2000d482   Data           1  camera.o(.bss.zebra_flag)
    zebra_last_flag                          0x2000d483   Data           1  camera.o(.bss.zebra_last_flag)
    Image$$ARM_LIB_STACK$$ZI$$Limit          0x20020000   Number         0  anon$$obj.o ABSOLUTE



==============================================================================

Memory Map of the image

  Image Entry point : 0x08000401

  Load Region LR_m_text (Base: 0x08000000, Size: 0x00010d18, Max: 0x00080000, ABSOLUTE, COMPRESSED[0x00010c0c])

    Execution Region VECTOR_ROM (Exec base: 0x08000000, Load base: 0x08000000, Size: 0x00000190, Max: 0x00000400, ABSOLUTE)

    Exec Addr    Load Addr    Size         Type   Attr      Idx    E Section Name        Object

    0x08000000   0x08000000   0x00000190   Data   RO         2002    RESET               startup_mm32f3277g.o


    Execution Region ER_m_text (Exec base: 0x08000400, Load base: 0x08000400, Size: 0x00010704, Max: 0x0007fc00, ABSOLUTE, FIXED)

    Exec Addr    Load Addr    Size         Type   Attr      Idx    E Section Name        Object

    0x08000400   0x08000400   0x00000000   Code   RO         2987  * .ARM.Collect$$$$00000000  mc_w.l(entry.o)
    0x08000400   0x08000400   0x00000004   Code   RO         3137    .ARM.Collect$$$$00000003  mc_w.l(entry4.o)
    0x08000404   0x08000404   0x00000004   Code   RO         3140    .ARM.Collect$$$$00000004  mc_w.l(entry5.o)
    0x08000408   0x08000408   0x00000000   Code   RO         3142    .ARM.Collect$$$$00000008  mc_w.l(entry7b.o)
    0x08000408   0x08000408   0x00000000   Code   RO         3144    .ARM.Collect$$$$0000000A  mc_w.l(entry8b.o)
    0x08000408   0x08000408   0x00000008   Code   RO         3145    .ARM.Collect$$$$0000000B  mc_w.l(entry9a.o)
    0x08000410   0x08000410   0x00000000   Code   RO         3147    .ARM.Collect$$$$0000000D  mc_w.l(entry10a.o)
    0x08000410   0x08000410   0x00000000   Code   RO         3149    .ARM.Collect$$$$0000000F  mc_w.l(entry11a.o)
    0x08000410   0x08000410   0x00000004   Code   RO         3138    .ARM.Collect$$$$00002714  mc_w.l(entry4.o)
    0x08000414   0x08000414   0x00000024   Code   RO         2003    .text               startup_mm32f3277g.o
    0x08000438   0x08000438   0x00000024   Code   RO         2990    .text               mc_w.l(memcpya.o)
    0x0800045c   0x0800045c   0x00000024   Code   RO         2992    .text               mc_w.l(memseta.o)
    0x08000480   0x08000480   0x00000014   Code   RO         2998    .text               mc_w.l(strchr.o)
    0x08000494   0x08000494   0x0000000e   Code   RO         3000    .text               mc_w.l(strlen.o)
    0x080004a2   0x080004a2   0x00000012   Code   RO         3004    .text               mc_w.l(strcpy.o)
    0x080004b4   0x080004b4   0x0000001e   Code   RO         3006    .text               mc_w.l(strncmp.o)
    0x080004d2   0x080004d2   0x000000b0   Code   RO         3040    .text               mf_w.l(fadd.o)
    0x08000582   0x08000582   0x00000064   Code   RO         3042    .text               mf_w.l(fmul.o)
    0x080005e6   0x080005e6   0x0000007c   Code   RO         3044    .text               mf_w.l(fdiv.o)
    0x08000662   0x08000662   0x0000014e   Code   RO         3046    .text               mf_w.l(dadd.o)
    0x080007b0   0x080007b0   0x000000e4   Code   RO         3048    .text               mf_w.l(dmul.o)
    0x08000894   0x08000894   0x000000de   Code   RO         3050    .text               mf_w.l(ddiv.o)
    0x08000972   0x08000972   0x0000001c   Code   RO         3052    .text               mf_w.l(fcmple.o)
    0x0800098e   0x0800098e   0x0000001c   Code   RO         3054    .text               mf_w.l(fcmpge.o)
    0x080009aa   0x080009aa   0x0000001c   Code   RO         3056    .text               mf_w.l(fcmpgt.o)
    0x080009c6   0x080009c6   0x0000001c   Code   RO         3058    .text               mf_w.l(fcmpeq.o)
    0x080009e2   0x080009e2   0x00000038   Code   RO         3066    .text               mf_w.l(dcmpeq.o)
    0x08000a1a   0x08000a1a   0x00000012   Code   RO         3068    .text               mf_w.l(fflti.o)
    0x08000a2c   0x08000a2c   0x0000000a   Code   RO         3070    .text               mf_w.l(ffltui.o)
    0x08000a36   0x08000a36   0x00000032   Code   RO         3076    .text               mf_w.l(ffixi.o)
    0x08000a68   0x08000a68   0x0000003e   Code   RO         3078    .text               mf_w.l(dfixi.o)
    0x08000aa6   0x08000aa6   0x00000026   Code   RO         3082    .text               mf_w.l(f2d.o)
    0x08000acc   0x08000acc   0x0000002c   Code   RO         3161    .text               mc_w.l(uidiv.o)
    0x08000af8   0x08000af8   0x00000062   Code   RO         3163    .text               mc_w.l(uldiv.o)
    0x08000b5a   0x08000b5a   0x0000001e   Code   RO         3165    .text               mc_w.l(llshl.o)
    0x08000b78   0x08000b78   0x00000020   Code   RO         3167    .text               mc_w.l(llushr.o)
    0x08000b98   0x08000b98   0x00000024   Code   RO         3169    .text               mc_w.l(llsshr.o)
    0x08000bbc   0x08000bbc   0x00000000   Code   RO         3178    .text               mc_w.l(iusefp.o)
    0x08000bbc   0x08000bbc   0x0000006e   Code   RO         3179    .text               mf_w.l(fepilogue.o)
    0x08000c2a   0x08000c2a   0x00000018   Code   RO         3181    .text               mf_w.l(fscalb.o)
    0x08000c42   0x08000c42   0x0000003c   Code   RO         3183    .text               mf_w.l(frnd.o)
    0x08000c7e   0x08000c7e   0x000000ba   Code   RO         3185    .text               mf_w.l(depilogue.o)
    0x08000d38   0x08000d38   0x00000030   Code   RO         3191    .text               mf_w.l(dfixul.o)
    0x08000d68   0x08000d68   0x00000030   Code   RO         3195    .text               mf_w.l(cdrcmple.o)
    0x08000d98   0x08000d98   0x00000030   Code   RO         3197    .text               mc_w.l(init.o)
    0x08000dc8   0x08000dc8   0x00000056   Code   RO         3207    .text               mc_w.l(__dczerorl2.o)
    0x08000e1e   0x08000e1e   0x00000002   PAD
    0x08000e20   0x08000e20   0x00000020   Code   RO           65    .text.DMA1_Channel1_IRQHandler  isr.o
    0x08000e40   0x08000e40   0x00000022   Code   RO           67    .text.DMA1_Channel2_IRQHandler  isr.o
    0x08000e62   0x08000e62   0x00000002   PAD
    0x08000e64   0x08000e64   0x00000022   Code   RO           69    .text.DMA1_Channel3_IRQHandler  isr.o
    0x08000e86   0x08000e86   0x00000002   PAD
    0x08000e88   0x08000e88   0x00000030   Code   RO           71    .text.DMA1_Channel4_IRQHandler  isr.o
    0x08000eb8   0x08000eb8   0x00000022   Code   RO           73    .text.DMA1_Channel5_IRQHandler  isr.o
    0x08000eda   0x08000eda   0x00000002   PAD
    0x08000edc   0x08000edc   0x00000022   Code   RO           75    .text.DMA1_Channel6_IRQHandler  isr.o
    0x08000efe   0x08000efe   0x00000002   PAD
    0x08000f00   0x08000f00   0x00000022   Code   RO           77    .text.DMA1_Channel7_IRQHandler  isr.o
    0x08000f22   0x08000f22   0x00000002   PAD
    0x08000f24   0x08000f24   0x00000024   Code   RO           79    .text.DMA2_Channel1_IRQHandler  isr.o
    0x08000f48   0x08000f48   0x00000026   Code   RO           81    .text.DMA2_Channel2_IRQHandler  isr.o
    0x08000f6e   0x08000f6e   0x00000002   PAD
    0x08000f70   0x08000f70   0x00000026   Code   RO           83    .text.DMA2_Channel3_IRQHandler  isr.o
    0x08000f96   0x08000f96   0x00000002   PAD
    0x08000f98   0x08000f98   0x00000026   Code   RO           85    .text.DMA2_Channel4_IRQHandler  isr.o
    0x08000fbe   0x08000fbe   0x00000002   PAD
    0x08000fc0   0x08000fc0   0x00000026   Code   RO           87    .text.DMA2_Channel5_IRQHandler  isr.o
    0x08000fe6   0x08000fe6   0x00000002   PAD
    0x08000fe8   0x08000fe8   0x00000012   Code   RO           51    .text.EXTI0_IRQHandler  isr.o
    0x08000ffa   0x08000ffa   0x00000002   PAD
    0x08000ffc   0x08000ffc   0x000000e4   Code   RO           63    .text.EXTI15_10_IRQHandler  isr.o
    0x080010e0   0x080010e0   0x00000012   Code   RO           53    .text.EXTI1_IRQHandler  isr.o
    0x080010f2   0x080010f2   0x00000002   PAD
    0x080010f4   0x080010f4   0x00000012   Code   RO           55    .text.EXTI2_IRQHandler  isr.o
    0x08001106   0x08001106   0x00000002   PAD
    0x08001108   0x08001108   0x00000012   Code   RO           57    .text.EXTI3_IRQHandler  isr.o
    0x0800111a   0x0800111a   0x00000002   PAD
    0x0800111c   0x0800111c   0x00000018   Code   RO           59    .text.EXTI4_IRQHandler  isr.o
    0x08001134   0x08001134   0x000000c4   Code   RO           61    .text.EXTI9_5_IRQHandler  isr.o
    0x080011f8   0x080011f8   0x000000da   Code   RO          255    .text.HARDWARE_INIT  debug_test.o
    0x080012d2   0x080012d2   0x00000002   PAD
    0x080012d4   0x080012d4   0x000000ea   Code   RO          416    .text.Image_Kp_Update  pid.o
    0x080013be   0x080013be   0x00000002   PAD
    0x080013c0   0x080013c0   0x000000ce   Code   RO          412    .text.Image_PID_Calculate  pid.o
    0x0800148e   0x0800148e   0x00000002   PAD
    0x08001490   0x08001490   0x0000011a   Code   RO          408    .text.PID_Update    pid.o
    0x080015aa   0x080015aa   0x00000002   PAD
    0x080015ac   0x080015ac   0x00000010   Code   RO         1995    .text.SystemInit    system_mm32f3277g.o
    0x080015bc   0x080015bc   0x00000012   Code   RO           19    .text.TIM1_UP_IRQHandler  isr.o
    0x080015ce   0x080015ce   0x00000002   PAD
    0x080015d0   0x080015d0   0x00000016   Code   RO           21    .text.TIM2_IRQHandler  isr.o
    0x080015e6   0x080015e6   0x00000002   PAD
    0x080015e8   0x080015e8   0x00000012   Code   RO           23    .text.TIM3_IRQHandler  isr.o
    0x080015fa   0x080015fa   0x00000002   PAD
    0x080015fc   0x080015fc   0x00000012   Code   RO           25    .text.TIM4_IRQHandler  isr.o
    0x0800160e   0x0800160e   0x00000002   PAD
    0x08001610   0x08001610   0x00000012   Code   RO           27    .text.TIM5_IRQHandler  isr.o
    0x08001622   0x08001622   0x00000002   PAD
    0x08001624   0x08001624   0x00000018   Code   RO           29    .text.TIM6_IRQHandler  isr.o
    0x0800163c   0x0800163c   0x00000012   Code   RO           31    .text.TIM7_IRQHandler  isr.o
    0x0800164e   0x0800164e   0x00000002   PAD
    0x08001650   0x08001650   0x00000018   Code   RO           33    .text.TIM8_UP_IRQHandler  isr.o
    0x08001668   0x08001668   0x00000048   Code   RO           35    .text.UART1_IRQHandler  isr.o
    0x080016b0   0x080016b0   0x0000004e   Code   RO           37    .text.UART2_IRQHandler  isr.o
    0x080016fe   0x080016fe   0x00000002   PAD
    0x08001700   0x08001700   0x00000048   Code   RO           39    .text.UART3_IRQHandler  isr.o
    0x08001748   0x08001748   0x00000048   Code   RO           41    .text.UART4_IRQHandler  isr.o
    0x08001790   0x08001790   0x00000048   Code   RO           43    .text.UART5_IRQHandler  isr.o
    0x080017d8   0x080017d8   0x00000056   Code   RO           45    .text.UART6_IRQHandler  isr.o
    0x0800182e   0x0800182e   0x00000002   PAD
    0x08001830   0x08001830   0x00000048   Code   RO           47    .text.UART7_IRQHandler  isr.o
    0x08001878   0x08001878   0x00000056   Code   RO           49    .text.UART8_IRQHandler  isr.o
    0x080018ce   0x080018ce   0x00000002   PAD
    0x080018d0   0x080018d0   0x00000038   Code   RO          593    .text.__NVIC_DisableIRQ  zf_common_interrupt.o
    0x08001908   0x08001908   0x00000030   Code   RO          589    .text.__NVIC_EnableIRQ  zf_common_interrupt.o
    0x08001938   0x08001938   0x00000042   Code   RO          597    .text.__NVIC_SetPriority  zf_common_interrupt.o
    0x0800197a   0x0800197a   0x00000002   PAD
    0x0800197c   0x0800197c   0x0000003c   Code   RO          601    .text.__NVIC_SetPriorityGrouping  zf_common_interrupt.o
    0x080019b8   0x080019b8   0x00000096   Code   RO          611    .text.adc_convert   zf_driver_adc.o
    0x08001a4e   0x08001a4e   0x00000002   PAD
    0x08001a50   0x08001a50   0x00000180   Code   RO          718    .text.afio_init     zf_driver_gpio.o
    0x08001bd0   0x08001bd0   0x00000034   Code   RO          106    .text.alloc_param   menu.o
    0x08001c04   0x08001c04   0x00000030   Code   RO           98    .text.alloc_unit    menu.o
    0x08001c34   0x08001c34   0x0000009a   Code   RO          305    .text.boundary_line_init  camera.o
    0x08001cce   0x08001cce   0x00000002   PAD
    0x08001cd0   0x08001cd0   0x00000f84   Code   RO          126    .text.build_menu_tree  menu.o
    0x08002c54   0x08002c54   0x0000001c   Code   RO         1100    .text.camera_fifo_init  zf_device_camera.o
    0x08002c70   0x08002c70   0x000000ca   Code   RO         1102    .text.camera_init   zf_device_camera.o
    0x08002d3a   0x08002d3a   0x00000002   PAD
    0x08002d3c   0x08002d3c   0x00000024   Code   RO          451    .text.clock_init    zf_common_clock.o
    0x08002d60   0x08002d60   0x00000098   Code   RO          453    .text.clock_reset   zf_common_clock.o
    0x08002df8   0x08002df8   0x00000260   Code   RO          455    .text.clock_set_freq  zf_common_clock.o
    0x08003058   0x08003058   0x000000be   Code   RO          319    .text.cross_judge   camera.o
    0x08003116   0x08003116   0x00000002   PAD
    0x08003118   0x08003118   0x0000006c   Code   RO          473    .text.debug_assert_handler  zf_common_debug.o
    0x08003184   0x08003184   0x00000040   Code   RO          479    .text.debug_delay   zf_common_debug.o
    0x080031c4   0x080031c4   0x00000032   Code   RO          487    .text.debug_init    zf_common_debug.o
    0x080031f6   0x080031f6   0x00000002   PAD
    0x080031f8   0x080031f8   0x00000042   Code   RO          481    .text.debug_log_handler  zf_common_debug.o
    0x0800323a   0x0800323a   0x00000002   PAD
    0x0800323c   0x0800323c   0x000003ae   Code   RO          477    .text.debug_output  zf_common_debug.o
    0x080035ea   0x080035ea   0x00000002   PAD
    0x080035ec   0x080035ec   0x0000004c   Code   RO          485    .text.debug_output_init  zf_common_debug.o
    0x08003638   0x08003638   0x00000030   Code   RO          483    .text.debug_output_struct_init  zf_common_debug.o
    0x08003668   0x08003668   0x000000f2   Code   RO          475    .text.debug_protective_handler  zf_common_debug.o
    0x0800375a   0x0800375a   0x00000002   PAD
    0x0800375c   0x0800375c   0x00000012   Code   RO          489    .text.debug_uart_str_output  zf_common_debug.o
    0x0800376e   0x0800376e   0x00000002   PAD
    0x08003770   0x08003770   0x0000009e   Code   RO         1115    .text.dl1a_get_distance  zf_device_dl1a.o
    0x0800380e   0x0800380e   0x00000002   PAD
    0x08003810   0x08003810   0x00000008   Code   RO         1117    .text.dl1a_int_handler  zf_device_dl1a.o
    0x08003818   0x08003818   0x0000003a   Code   RO         1158    .text.dm1xa_light_callback  zf_device_dm1xa.o
    0x08003852   0x08003852   0x00000002   PAD
    0x08003854   0x08003854   0x00000100   Code   RO         1156    .text.dm1xa_sound_callback  zf_device_dm1xa.o
    0x08003954   0x08003954   0x00000152   Code   RO          645    .text.dma_camera_init  zf_driver_dma.o
    0x08003aa6   0x08003aa6   0x00000002   PAD
    0x08003aa8   0x08003aa8   0x00000032   Code   RO          643    .text.dma_disable   zf_driver_dma.o
    0x08003ada   0x08003ada   0x00000002   PAD
    0x08003adc   0x08003adc   0x00000032   Code   RO          641    .text.dma_enable    zf_driver_dma.o
    0x08003b0e   0x08003b0e   0x00000002   PAD
    0x08003b10   0x08003b10   0x00000034   Code   RO          639    .text.dma_set_count  zf_driver_dma.o
    0x08003b44   0x08003b44   0x00000090   Code   RO          657    .text.encoder_clear_count  zf_driver_encoder.o
    0x08003bd4   0x08003bd4   0x00000168   Code   RO          661    .text.encoder_dir_init  zf_driver_encoder.o
    0x08003d3c   0x08003d3c   0x000000de   Code   RO          655    .text.encoder_get_count  zf_driver_encoder.o
    0x08003e1a   0x08003e1a   0x00000002   PAD
    0x08003e1c   0x08003e1c   0x000001c2   Code   RO          259    .text.encoder_test  debug_test.o
    0x08003fde   0x08003fde   0x00000002   PAD
    0x08003fe0   0x08003fe0   0x00000072   Code   RO          291    .text.encoder_update  encoder.o
    0x08004052   0x08004052   0x00000002   PAD
    0x08004054   0x08004054   0x00000026   Code   RO          313    .text.err_sum_average  camera.o
    0x0800407a   0x0800407a   0x00000002   PAD
    0x0800407c   0x0800407c   0x0000019c   Code   RO          325    .text.err_sum_average_v2  camera.o
    0x08004218   0x08004218   0x000002a0   Code   RO          676    .text.exti_init     zf_driver_exti.o
    0x080044b8   0x080044b8   0x000000a8   Code   RO          504    .text.fifo_clear    zf_common_fifo.o
    0x08004560   0x08004560   0x0000002e   Code   RO          516    .text.fifo_end_offset  zf_common_fifo.o
    0x0800458e   0x0800458e   0x00000002   PAD
    0x08004590   0x08004590   0x0000002e   Code   RO          510    .text.fifo_head_offset  zf_common_fifo.o
    0x080045be   0x080045be   0x00000002   PAD
    0x080045c0   0x080045c0   0x0000006e   Code   RO          522    .text.fifo_init     zf_common_fifo.o
    0x0800462e   0x0800462e   0x00000002   PAD
    0x08004630   0x08004630   0x000001f0   Code   RO          518    .text.fifo_read_buffer  zf_common_fifo.o
    0x08004820   0x08004820   0x00000028   Code   RO          506    .text.fifo_used     zf_common_fifo.o
    0x08004848   0x08004848   0x000001fa   Code   RO          512    .text.fifo_write_buffer  zf_common_fifo.o
    0x08004a42   0x08004a42   0x00000002   PAD
    0x08004a44   0x08004a44   0x000000be   Code   RO          508    .text.fifo_write_element  zf_common_fifo.o
    0x08004b02   0x08004b02   0x00000002   PAD
    0x08004b04   0x08004b04   0x000002e8   Code   RO          347    .text.find_up_point  camera.o
    0x08004dec   0x08004dec   0x0000008e   Code   RO          685    .text.flash_check   zf_driver_flash.o
    0x08004e7a   0x08004e7a   0x00000002   PAD
    0x08004e7c   0x08004e7c   0x00000120   Code   RO          687    .text.flash_erase_page  zf_driver_flash.o
    0x08004f9c   0x08004f9c   0x00000072   Code   RO          182    .text.flash_load_params  menu.o
    0x0800500e   0x0800500e   0x00000002   PAD
    0x08005010   0x08005010   0x00000088   Code   RO          693    .text.flash_read_page_to_buffer  zf_driver_flash.o
    0x08005098   0x08005098   0x00000038   Code   RO          120    .text.flash_save_value  menu.o
    0x080050d0   0x080050d0   0x0000014a   Code   RO          695    .text.flash_write_page_from_buffer  zf_driver_flash.o
    0x0800521a   0x0800521a   0x00000002   PAD
    0x0800521c   0x0800521c   0x0000024c   Code   RO          558    .text.func_float_to_str  zf_common_function.o
    0x08005468   0x08005468   0x00000042   Code   RO          544    .text.func_get_greatest_common_divisor  zf_common_function.o
    0x080054aa   0x080054aa   0x00000002   PAD
    0x080054ac   0x080054ac   0x000000f2   Code   RO          550    .text.func_int_to_str  zf_common_function.o
    0x0800559e   0x0800559e   0x00000002   PAD
    0x080055a0   0x080055a0   0x00000092   Code   RO          178    .text.get_page_title  menu.o
    0x08005632   0x08005632   0x00000002   PAD
    0x08005634   0x08005634   0x00000050   Code   RO          437    .text.get_real_gz   imu.o
    0x08005684   0x08005684   0x00000094   Code   RO          176    .text.get_ring_head  menu.o
    0x08005718   0x08005718   0x00000014   Code   RO          152    .text.gp_Kd_cb      menu.o
    0x0800572c   0x0800572c   0x00000014   Code   RO          150    .text.gp_Ki_cb      menu.o
    0x08005740   0x08005740   0x00000014   Code   RO          148    .text.gp_Kp_cb      menu.o
    0x08005754   0x08005754   0x0000002e   Code   RO          710    .text.gpio_get_level  zf_driver_gpio.o
    0x08005782   0x08005782   0x00000002   PAD
    0x08005784   0x08005784   0x000001e8   Code   RO          716    .text.gpio_init     zf_driver_gpio.o
    0x0800596c   0x0800596c   0x00000062   Code   RO          708    .text.gpio_set_level  zf_driver_gpio.o
    0x080059ce   0x080059ce   0x00000002   PAD
    0x080059d0   0x080059d0   0x0000013a   Code   RO         1187    .text.gps_uart_callback  zf_device_gps_tau1201.o
    0x08005b0a   0x08005b0a   0x00000002   PAD
    0x08005b0c   0x08005b0c   0x00000470   Code   RO          267    .text.gyro_hold_test  debug_test.o
    0x08005f7c   0x08005f7c   0x00000088   Code   RO          317    .text.image_out_of_bounds  camera.o
    0x08006004   0x08006004   0x00000052   Code   RO         1305    .text.imu963ra_acc_gyro_self_check  zf_device_imu963ra.o
    0x08006056   0x08006056   0x00000002   PAD
    0x08006058   0x08006058   0x00000042   Code   RO         1311    .text.imu963ra_connect_mag  zf_device_imu963ra.o
    0x0800609a   0x0800609a   0x00000002   PAD
    0x0800609c   0x0800609c   0x00000056   Code   RO         1291    .text.imu963ra_get_acc  zf_device_imu963ra.o
    0x080060f2   0x080060f2   0x00000002   PAD
    0x080060f4   0x080060f4   0x00000056   Code   RO         1295    .text.imu963ra_get_gyro  zf_device_imu963ra.o
    0x0800614a   0x0800614a   0x00000002   PAD
    0x0800614c   0x0800614c   0x000001ec   Code   RO         1303    .text.imu963ra_init  zf_device_imu963ra.o
    0x08006338   0x08006338   0x00000054   Code   RO         1309    .text.imu963ra_mag_self_check  zf_device_imu963ra.o
    0x0800638c   0x0800638c   0x0000004a   Code   RO         1301    .text.imu963ra_read_acc_gyro_register  zf_device_imu963ra.o
    0x080063d6   0x080063d6   0x00000002   PAD
    0x080063d8   0x080063d8   0x00000042   Code   RO         1293    .text.imu963ra_read_acc_gyro_registers  zf_device_imu963ra.o
    0x0800641a   0x0800641a   0x00000002   PAD
    0x0800641c   0x0800641c   0x00000078   Code   RO         1313    .text.imu963ra_read_mag_register  zf_device_imu963ra.o
    0x08006494   0x08006494   0x0000003e   Code   RO         1299    .text.imu963ra_write_acc_gyro_register  zf_device_imu963ra.o
    0x080064d2   0x080064d2   0x00000002   PAD
    0x080064d4   0x080064d4   0x0000008a   Code   RO         1307    .text.imu963ra_write_mag_register  zf_device_imu963ra.o
    0x0800655e   0x0800655e   0x00000002   PAD
    0x08006560   0x08006560   0x0000000c   Code   RO          433    .text.imu_get       imu.o
    0x0800656c   0x0800656c   0x00000022   Code   RO            8    .text.imu_pit       main.o
    0x0800658e   0x0800658e   0x00000002   PAD
    0x08006590   0x08006590   0x00000296   Code   RO          439    .text.imu_test      imu.o
    0x08006826   0x08006826   0x00000002   PAD
    0x08006828   0x08006828   0x00000156   Code   RO          309    .text.inner_draw_line  camera.o
    0x0800697e   0x0800697e   0x00000002   PAD
    0x08006980   0x08006980   0x00000014   Code   RO          591    .text.interrupt_disable  zf_common_interrupt.o
    0x08006994   0x08006994   0x00000014   Code   RO          587    .text.interrupt_enable  zf_common_interrupt.o
    0x080069a8   0x080069a8   0x00000024   Code   RO          585    .text.interrupt_global_disable  zf_common_interrupt.o
    0x080069cc   0x080069cc   0x00000030   Code   RO          583    .text.interrupt_global_enable  zf_common_interrupt.o
    0x080069fc   0x080069fc   0x0000000a   Code   RO          599    .text.interrupt_init  zf_common_interrupt.o
    0x08006a06   0x08006a06   0x00000002   PAD
    0x08006a08   0x08006a08   0x0000001c   Code   RO          595    .text.interrupt_set_priority  zf_common_interrupt.o
    0x08006a24   0x08006a24   0x00000014   Code   RO          156    .text.ip_Kd_cb      menu.o
    0x08006a38   0x08006a38   0x00000014   Code   RO          158    .text.ip_Kp2_cb     menu.o
    0x08006a4c   0x08006a4c   0x00000014   Code   RO          154    .text.ip_Kp_cb      menu.o
    0x08006a60   0x08006a60   0x0000010e   Code   RO         1389    .text.ips200_clear  zf_device_ips200.o
    0x08006b6e   0x08006b6e   0x00000002   PAD
    0x08006b70   0x08006b70   0x0000008a   Code   RO         1433    .text.ips200_debug_init  zf_device_ips200.o
    0x08006bfa   0x08006bfa   0x00000002   PAD
    0x08006bfc   0x08006bfc   0x000000ea   Code   RO         1403    .text.ips200_draw_point  zf_device_ips200.o
    0x08006ce6   0x08006ce6   0x00000002   PAD
    0x08006ce8   0x08006ce8   0x00000472   Code   RO         1427    .text.ips200_init   zf_device_ips200.o
    0x0800715a   0x0800715a   0x00000002   PAD
    0x0800715c   0x0800715c   0x0000002a   Code   RO         1401    .text.ips200_set_color  zf_device_ips200.o
    0x08007186   0x08007186   0x00000002   PAD
    0x08007188   0x08007188   0x00000066   Code   RO         1397    .text.ips200_set_dir  zf_device_ips200.o
    0x080071ee   0x080071ee   0x00000002   PAD
    0x080071f0   0x080071f0   0x00000018   Code   RO         1399    .text.ips200_set_font  zf_device_ips200.o
    0x08007208   0x08007208   0x000000c4   Code   RO         1391    .text.ips200_set_region  zf_device_ips200.o
    0x080072cc   0x080072cc   0x000002de   Code   RO         1407    .text.ips200_show_char  zf_device_ips200.o
    0x080075aa   0x080075aa   0x00000002   PAD
    0x080075ac   0x080075ac   0x0000015e   Code   RO         1415    .text.ips200_show_float  zf_device_ips200.o
    0x0800770a   0x0800770a   0x00000002   PAD
    0x0800770c   0x0800770c   0x00000214   Code   RO         1419    .text.ips200_show_gray_image  zf_device_ips200.o
    0x08007920   0x08007920   0x00000100   Code   RO         1411    .text.ips200_show_int  zf_device_ips200.o
    0x08007a20   0x08007a20   0x000000dc   Code   RO         1409    .text.ips200_show_string  zf_device_ips200.o
    0x08007afc   0x08007afc   0x000000d6   Code   RO         1393    .text.ips200_write_16bit_data  zf_device_ips200.o
    0x08007bd2   0x08007bd2   0x00000002   PAD
    0x08007bd4   0x08007bd4   0x000000ae   Code   RO         1431    .text.ips200_write_8bit_data  zf_device_ips200.o
    0x08007c82   0x08007c82   0x00000002   PAD
    0x08007c84   0x08007c84   0x000000ea   Code   RO         1429    .text.ips200_write_command  zf_device_ips200.o
    0x08007d6e   0x08007d6e   0x00000002   PAD
    0x08007d70   0x08007d70   0x0000001a   Code   RO         1457    .text.key_clear_state  zf_device_key.o
    0x08007d8a   0x08007d8a   0x00000002   PAD
    0x08007d8c   0x08007d8c   0x00000018   Code   RO         1455    .text.key_get_state  zf_device_key.o
    0x08007da4   0x08007da4   0x0000007a   Code   RO         1461    .text.key_init      zf_device_key.o
    0x08007e1e   0x08007e1e   0x00000002   PAD
    0x08007e20   0x08007e20   0x00000082   Code   RO          118    .text.key_read      menu.o
    0x08007ea2   0x08007ea2   0x00000002   PAD
    0x08007ea4   0x08007ea4   0x00000100   Code   RO         1453    .text.key_scanner   zf_device_key.o
    0x08007fa4   0x08007fa4   0x0000016c   Code   RO          327    .text.left_draw_line  camera.o
    0x08008110   0x08008110   0x00000062   Code   RO          343    .text.left_lose_draw_right_line  camera.o
    0x08008172   0x08008172   0x00000002   PAD
    0x08008174   0x08008174   0x00000628   Code   RO          307    .text.longest_white_sweepline  camera.o
    0x0800879c   0x0800879c   0x00000030   Code   RO            4    .text.main          main.o
    0x080087cc   0x080087cc   0x00000070   Code   RO          110    .text.menu_add_flash_edit  menu.o
    0x0800883c   0x0800883c   0x00000080   Code   RO          114    .text.menu_add_flash_edit_float  menu.o
    0x080088bc   0x080088bc   0x00000080   Code   RO          100    .text.menu_add_function  menu.o
    0x0800893c   0x0800893c   0x000000ae   Code   RO          108    .text.menu_add_inline_edit  menu.o
    0x080089ea   0x080089ea   0x00000002   PAD
    0x080089ec   0x080089ec   0x0000011a   Code   RO          112    .text.menu_add_inline_edit_float  menu.o
    0x08008b06   0x08008b06   0x00000002   PAD
    0x08008b08   0x08008b08   0x00000088   Code   RO          102    .text.menu_add_submenu  menu.o
    0x08008b90   0x08008b90   0x0000003c   Code   RO           96    .text.menu_create_page  menu.o
    0x08008bcc   0x08008bcc   0x000000a4   Code   RO          124    .text.menu_init     menu.o
    0x08008c70   0x08008c70   0x0000000e   Code   RO          128    .text.menu_request_redraw  menu.o
    0x08008c7e   0x08008c7e   0x00000002   PAD
    0x08008c80   0x08008c80   0x000000b4   Code   RO          281    .text.motor_protect  motor.o
    0x08008d34   0x08008d34   0x00000090   Code   RO          279    .text.motor_set_pwm  motor.o
    0x08008dc4   0x08008dc4   0x00000016   Code   RO         1508    .text.mt9v03x_dma_handler  zf_device_mt9v03x.o
    0x08008dda   0x08008dda   0x00000002   PAD
    0x08008ddc   0x08008ddc   0x00000122   Code   RO         1518    .text.mt9v03x_get_config  zf_device_mt9v03x.o
    0x08008efe   0x08008efe   0x00000002   PAD
    0x08008f00   0x08008f00   0x000000a0   Code   RO         1502    .text.mt9v03x_get_version  zf_device_mt9v03x.o
    0x08008fa0   0x08008fa0   0x000001a4   Code   RO         1514    .text.mt9v03x_init  zf_device_mt9v03x.o
    0x08009144   0x08009144   0x0000003c   Code   RO         2937    .text.mt9v03x_read_word_sccb  zf_device_config.lib(zf_device_config.o)
    0x08009180   0x08009180   0x000000f8   Code   RO         1516    .text.mt9v03x_set_config  zf_device_mt9v03x.o
    0x08009278   0x08009278   0x000009ae   Code   RO         2933    .text.mt9v03x_set_config_sccb  zf_device_config.lib(zf_device_config.o)
    0x08009c26   0x08009c26   0x00000002   PAD
    0x08009c28   0x08009c28   0x00000040   Code   RO         1510    .text.mt9v03x_uart_handler  zf_device_mt9v03x.o
    0x08009c68   0x08009c68   0x00000036   Code   RO         1506    .text.mt9v03x_vsync_handler  zf_device_mt9v03x.o
    0x08009c9e   0x08009c9e   0x00000002   PAD
    0x08009ca0   0x08009ca0   0x00000032   Code   RO         2935    .text.mt9v03x_write_word_sccb  zf_device_config.lib(zf_device_config.o)
    0x08009cd2   0x08009cd2   0x00000002   PAD
    0x08009cd4   0x08009cd4   0x0000002c   Code   RO            6    .text.pit_handler   main.o
    0x08009d00   0x08009d00   0x00000132   Code   RO          786    .text.pit_init      zf_driver_pit.o
    0x08009e32   0x08009e32   0x00000002   PAD
    0x08009e34   0x08009e34   0x0000001e   Code   RO          184    .text.pwm_L_on_change  menu.o
    0x08009e52   0x08009e52   0x00000002   PAD
    0x08009e54   0x08009e54   0x0000001e   Code   RO          186    .text.pwm_R_on_change  menu.o
    0x08009e72   0x08009e72   0x00000002   PAD
    0x08009e74   0x08009e74   0x00000256   Code   RO          799    .text.pwm_init      zf_driver_pwm.o
    0x0800a0ca   0x0800a0ca   0x00000002   PAD
    0x0800a0cc   0x0800a0cc   0x0000012e   Code   RO          797    .text.pwm_set_duty  zf_driver_pwm.o
    0x0800a1fa   0x0800a1fa   0x00000002   PAD
    0x0800a1fc   0x0800a1fc   0x00000564   Code   RO          265    .text.ratio_calc_test  debug_test.o
    0x0800a760   0x0800a760   0x000003d2   Code   RO          132    .text.reset_pid     menu.o
    0x0800ab32   0x0800ab32   0x00000002   PAD
    0x0800ab34   0x0800ab34   0x0000016c   Code   RO          329    .text.right_draw_line  camera.o
    0x0800aca0   0x0800aca0   0x0000008c   Code   RO          180    .text.ring_count    menu.o
    0x0800ad2c   0x0800ad2c   0x0000008a   Code   RO         1736    .text.set_camera_type  zf_device_type.o
    0x0800adb6   0x0800adb6   0x00000002   PAD
    0x0800adb8   0x0800adb8   0x00000162   Code   RO          315    .text.show_binarize  camera.o
    0x0800af1a   0x0800af1a   0x00000002   PAD
    0x0800af1c   0x0800af1c   0x0000051a   Code   RO          311    .text.show_boundary_line  camera.o
    0x0800b436   0x0800b436   0x00000002   PAD
    0x0800b438   0x0800b438   0x00000234   Code   RO          122    .text.show_current_page  menu.o
    0x0800b66c   0x0800b66c   0x00000160   Code   RO          303    .text.show_gary     camera.o
    0x0800b7cc   0x0800b7cc   0x00000b88   Code   RO          116    .text.show_process  menu.o
    0x0800c354   0x0800c354   0x000000d2   Code   RO          130    .text.show_saidao_flag  menu.o
    0x0800c426   0x0800c426   0x00000002   PAD
    0x0800c428   0x0800c428   0x0000008e   Code   RO          882    .text.soft_iic_init  zf_driver_soft_iic.o
    0x0800c4b6   0x0800c4b6   0x00000002   PAD
    0x0800c4b8   0x0800c4b8   0x00000098   Code   RO          868    .text.soft_iic_read_8bit_registers  zf_driver_soft_iic.o
    0x0800c550   0x0800c550   0x00000164   Code   RO          858    .text.soft_iic_read_data  zf_driver_soft_iic.o
    0x0800c6b4   0x0800c6b4   0x00000078   Code   RO          880    .text.soft_iic_sccb_read_register  zf_driver_soft_iic.o
    0x0800c72c   0x0800c72c   0x00000056   Code   RO          878    .text.soft_iic_sccb_write_register  zf_driver_soft_iic.o
    0x0800c782   0x0800c782   0x00000002   PAD
    0x0800c784   0x0800c784   0x0000011a   Code   RO          886    .text.soft_iic_send_ack  zf_driver_soft_iic.o
    0x0800c89e   0x0800c89e   0x00000002   PAD
    0x0800c8a0   0x0800c8a0   0x00000128   Code   RO          838    .text.soft_iic_send_data  zf_driver_soft_iic.o
    0x0800c9c8   0x0800c9c8   0x000000da   Code   RO          836    .text.soft_iic_start  zf_driver_soft_iic.o
    0x0800caa2   0x0800caa2   0x00000002   PAD
    0x0800caa4   0x0800caa4   0x000000da   Code   RO          840    .text.soft_iic_stop  zf_driver_soft_iic.o
    0x0800cb7e   0x0800cb7e   0x00000002   PAD
    0x0800cb80   0x0800cb80   0x000000f8   Code   RO          884    .text.soft_iic_wait_ack  zf_driver_soft_iic.o
    0x0800cc78   0x0800cc78   0x00000056   Code   RO          848    .text.soft_iic_write_8bit_register  zf_driver_soft_iic.o
    0x0800ccce   0x0800ccce   0x00000002   PAD
    0x0800ccd0   0x0800ccd0   0x00000014   Code   RO          164    .text.spL_Kd_cb     menu.o
    0x0800cce4   0x0800cce4   0x00000014   Code   RO          162    .text.spL_Ki_cb     menu.o
    0x0800ccf8   0x0800ccf8   0x00000014   Code   RO          160    .text.spL_Kp_cb     menu.o
    0x0800cd0c   0x0800cd0c   0x00000014   Code   RO          170    .text.spR_Kd_cb     menu.o
    0x0800cd20   0x0800cd20   0x00000014   Code   RO          168    .text.spR_Ki_cb     menu.o
    0x0800cd34   0x0800cd34   0x00000014   Code   RO          166    .text.spR_Kp_cb     menu.o
    0x0800cd48   0x0800cd48   0x00000014   Code   RO          138    .text.sp_Kd_cb      menu.o
    0x0800cd5c   0x0800cd5c   0x00000014   Code   RO          136    .text.sp_Ki_cb      menu.o
    0x0800cd70   0x0800cd70   0x00000014   Code   RO          134    .text.sp_Kp_cb      menu.o
    0x0800cd84   0x0800cd84   0x000003de   Code   RO          263    .text.speed_hold_LR_test  debug_test.o
    0x0800d162   0x0800d162   0x00000002   PAD
    0x0800d164   0x0800d164   0x00000264   Code   RO          261    .text.speed_hold_test  debug_test.o
    0x0800d3c8   0x0800d3c8   0x00000366   Code   RO          982    .text.spi_init      zf_driver_spi.o
    0x0800d72e   0x0800d72e   0x00000002   PAD
    0x0800d730   0x0800d730   0x000000d2   Code   RO          970    .text.spi_read_8bit_register  zf_driver_spi.o
    0x0800d802   0x0800d802   0x00000002   PAD
    0x0800d804   0x0800d804   0x00000108   Code   RO          972    .text.spi_read_8bit_registers  zf_driver_spi.o
    0x0800d90c   0x0800d90c   0x000000b8   Code   RO          950    .text.spi_write_16bit  zf_driver_spi.o
    0x0800d9c4   0x0800d9c4   0x00000086   Code   RO          946    .text.spi_write_8bit  zf_driver_spi.o
    0x0800da4a   0x0800da4a   0x00000002   PAD
    0x0800da4c   0x0800da4c   0x000000bc   Code   RO          954    .text.spi_write_8bit_register  zf_driver_spi.o
    0x0800db08   0x0800db08   0x000000a8   Code   RO          323    .text.straight_judge  camera.o
    0x0800dbb0   0x0800dbb0   0x0000009a   Code   RO          627    .text.system_delay_ms  zf_driver_delay.o
    0x0800dc4a   0x0800dc4a   0x00000002   PAD
    0x0800dc4c   0x0800dc4c   0x000000b2   Code   RO         1003    .text.timer_clear   zf_driver_timer.o
    0x0800dcfe   0x0800dcfe   0x00000002   PAD
    0x0800dd00   0x0800dd00   0x000000b6   Code   RO          995    .text.timer_clock_enable  zf_driver_timer.o
    0x0800ddb6   0x0800ddb6   0x00000002   PAD
    0x0800ddb8   0x0800ddb8   0x0000012a   Code   RO         1007    .text.timer_etr_init  zf_driver_timer.o
    0x0800dee2   0x0800dee2   0x00000002   PAD
    0x0800dee4   0x0800dee4   0x00000068   Code   RO          993    .text.timer_funciton_check  zf_driver_timer.o
    0x0800df4c   0x0800df4c   0x000000b6   Code   RO         1001    .text.timer_get     zf_driver_timer.o
    0x0800e002   0x0800e002   0x00000002   PAD
    0x0800e004   0x0800e004   0x00000028   Code   RO          146    .text.tp_kd2_cb     menu.o
    0x0800e02c   0x0800e02c   0x0000001e   Code   RO          142    .text.tp_kd_cb      menu.o
    0x0800e04a   0x0800e04a   0x00000002   PAD
    0x0800e04c   0x0800e04c   0x00000028   Code   RO          144    .text.tp_kp2_cb     menu.o
    0x0800e074   0x0800e074   0x0000001e   Code   RO          140    .text.tp_kp_cb      menu.o
    0x0800e092   0x0800e092   0x00000002   PAD
    0x0800e094   0x0800e094   0x00000532   Code   RO          395    .text.track_line    track.o
    0x0800e5c6   0x0800e5c6   0x00000002   PAD
    0x0800e5c8   0x0800e5c8   0x000000e0   Code   RO         1718    .text.tsl1401_collect_pit_handler  zf_device_tsl1401.o
    0x0800e6a8   0x0800e6a8   0x00000002   Code   RO         1734    .text.type_default_callback  zf_device_type.o
    0x0800e6aa   0x0800e6aa   0x00000002   PAD
    0x0800e6ac   0x0800e6ac   0x0000028c   Code   RO         1033    .text.uart_init     zf_driver_uart.o
    0x0800e938   0x0800e938   0x00000066   Code   RO         1027    .text.uart_query_byte  zf_driver_uart.o
    0x0800e99e   0x0800e99e   0x00000002   PAD
    0x0800e9a0   0x0800e9a0   0x000000a0   Code   RO         1031    .text.uart_rx_interrupt  zf_driver_uart.o
    0x0800ea40   0x0800ea40   0x0000006c   Code   RO         1021    .text.uart_write_buffer  zf_driver_uart.o
    0x0800eaac   0x0800eaac   0x00000040   Code   RO         1019    .text.uart_write_byte  zf_driver_uart.o
    0x0800eaec   0x0800eaec   0x00000040   Code   RO         1023    .text.uart_write_string  zf_driver_uart.o
    0x0800eb2c   0x0800eb2c   0x00000152   Code   RO          172    .text.update_page_item_names  menu.o
    0x0800ec7e   0x0800ec7e   0x00000002   PAD
    0x0800ec80   0x0800ec80   0x00000248   Code   RO          321    .text.zebra_judge_multi  camera.o
    0x0800eec8   0x0800eec8   0x00000028   Code   RO         3015    i.__0sprintf        mc_w.l(printfa.o)
    0x0800eef0   0x0800eef0   0x00000026   Code   RO         3110    i.__ARM_fpclassifyf  m_ws.l(fpclassifyf.o)
    0x0800ef16   0x0800ef16   0x00000006   Code   RO         3113    i.__mathlib_flt_infnan  m_ws.l(funder.o)
    0x0800ef1c   0x0800ef1c   0x0000000a   Code   RO         3116    i.__mathlib_flt_overflow  m_ws.l(funder.o)
    0x0800ef26   0x0800ef26   0x0000000a   Code   RO         3118    i.__mathlib_flt_underflow  m_ws.l(funder.o)
    0x0800ef30   0x0800ef30   0x0000000e   Code   RO         3201    i.__scatterload_copy  mc_w.l(handlers.o)
    0x0800ef3e   0x0800ef3e   0x00000002   Code   RO         3202    i.__scatterload_null  mc_w.l(handlers.o)
    0x0800ef40   0x0800ef40   0x0000000e   Code   RO         3203    i.__scatterload_zeroinit  mc_w.l(handlers.o)
    0x0800ef4e   0x0800ef4e   0x00000002   PAD
    0x0800ef50   0x0800ef50   0x0000000c   Code   RO         3173    i.__set_errno       mc_w.l(errno.o)
    0x0800ef5c   0x0800ef5c   0x00000184   Code   RO         3020    i._fp_digits        mc_w.l(printfa.o)
    0x0800f0e0   0x0800f0e0   0x000006dc   Code   RO         3021    i._printf_core      mc_w.l(printfa.o)
    0x0800f7bc   0x0800f7bc   0x00000024   Code   RO         3022    i._printf_post_padding  mc_w.l(printfa.o)
    0x0800f7e0   0x0800f7e0   0x0000002e   Code   RO         3023    i._printf_pre_padding  mc_w.l(printfa.o)
    0x0800f80e   0x0800f80e   0x0000000a   Code   RO         3025    i._sputc            mc_w.l(printfa.o)
    0x0800f818   0x0800f818   0x00000174   Code   RO         2970    i.expf              m_ws.l(expf.o)
    0x0800f98c   0x0800f98c   0x00000030   Data   RO         2971    .constdata          m_ws.l(expf.o)
    0x0800f9bc   0x0800f9bc   0x000000ac   Data   RO          496    .rodata..L__const.debug_protective_handler.pin_list  zf_common_debug.o
    0x0800fa68   0x0800fa68   0x00000228   Data   RO          533    .rodata.ascii_font_6x8  zf_common_font.o
    0x0800fc90   0x0800fc90   0x000005f0   Data   RO          532    .rodata.ascii_font_8x16  zf_common_font.o
    0x08010280   0x08010280   0x00000004   Data   RO         1463    .rodata.key_index   zf_device_key.o
    0x08010284   0x08010284   0x00000078   Data   RO          357    .rodata.road_wide   camera.o
    0x080102fc   0x080102fc   0x000001d5   Data   RO          189    .rodata.str1.1      menu.o
    0x080104d1   0x080104d1   0x0000024e   Data   RO          270    .rodata.str1.1      debug_test.o
    0x0801071f   0x0801071f   0x0000000d   Data   RO          361    .rodata.str1.1      camera.o
    0x0801072c   0x0801072c   0x00000035   Data   RO          443    .rodata.str1.1      imu.o
    0x08010761   0x08010761   0x00000066   Data   RO          494    .rodata.str1.1      zf_common_debug.o
    0x080107c7   0x080107c7   0x0000002b   Data   RO          524    .rodata.str1.1      zf_common_fifo.o
    0x080107f2   0x080107f2   0x0000002f   Data   RO          574    .rodata.str1.1      zf_common_function.o
    0x08010821   0x08010821   0x0000002c   Data   RO          631    .rodata.str1.1      zf_driver_delay.o
    0x0801084d   0x0801084d   0x0000002e   Data   RO          664    .rodata.str1.1      zf_driver_encoder.o
    0x0801087b   0x0801087b   0x0000002c   Data   RO          699    .rodata.str1.1      zf_driver_flash.o
    0x080108a7   0x080108a7   0x0000002a   Data   RO          788    .rodata.str1.1      zf_driver_pit.o
    0x080108d1   0x080108d1   0x0000002a   Data   RO          801    .rodata.str1.1      zf_driver_pwm.o
    0x080108fb   0x080108fb   0x0000002f   Data   RO          888    .rodata.str1.1      zf_driver_soft_iic.o
    0x0801092a   0x0801092a   0x0000002a   Data   RO          985    .rodata.str1.1      zf_driver_spi.o
    0x08010954   0x08010954   0x0000002c   Data   RO         1011    .rodata.str1.1      zf_driver_timer.o
    0x08010980   0x08010980   0x0000002b   Data   RO         1036    .rodata.str1.1      zf_driver_uart.o
    0x080109ab   0x080109ab   0x00000008   Data   RO         1210    .rodata.str1.1      zf_device_gps_tau1201.o
    0x080109b3   0x080109b3   0x00000076   Data   RO         1325    .rodata.str1.1      zf_device_imu963ra.o
    0x08010a29   0x08010a29   0x0000002d   Data   RO         1443    .rodata.str1.1      zf_device_ips200.o
    0x08010a56   0x08010a56   0x0000002a   Data   RO         1467    .rodata.str1.1      zf_device_key.o
    0x08010a80   0x08010a80   0x00000062   Data   RO         1524    .rodata.str1.1      zf_device_mt9v03x.o
    0x08010ae2   0x08010ae2   0x00000002   PAD
    0x08010ae4   0x08010ae4   0x00000020   Data   RO         3200    Region$$Table       anon$$obj.o


    Execution Region RW_m_data (Exec base: 0x20000000, Load base: 0x08010b04, Size: 0x0000d488, Max: 0x0001dc00, ABSOLUTE, COMPRESSED[0x00000108])

    Exec Addr    Load Addr    Size         Type   Attr      Idx    E Section Name        Object

    0x20000000   COMPRESSED   0x00000004   Data   RW         3174    .data               mc_w.l(errno.o)
    0x20000004   COMPRESSED   0x00000008   Data   RW          617    .data.adc_index     zf_driver_adc.o
    0x2000000c   COMPRESSED   0x00000004   Data   RW         1743    .data.camera_dma_handler  zf_device_type.o
    0x20000010   COMPRESSED   0x00000004   Data   RW         1741    .data.camera_uart_handler  zf_device_type.o
    0x20000014   COMPRESSED   0x00000004   Data   RW         1742    .data.camera_vsync_handler  zf_device_type.o
    0x20000018   COMPRESSED   0x00000002   Data   RW         1146    .data.dl1a_distance_mm  zf_device_dl1a.o
    0x2000001a   COMPRESSED   0x00000002   Data   RW         1169    .data.dm1xa_distance_mm  zf_device_dm1xa.o
    0x2000001c   COMPRESSED   0x00000008   Data   RW          647    .data.dma_index     zf_driver_dma.o
    0x20000024   COMPRESSED   0x00000008   Data   RW          663    .data.encoder_dir_pin  zf_driver_encoder.o
    0x2000002c   COMPRESSED   0x00000001   Data   RW          350    .data.err_end_point  camera.o
    0x2000002d   COMPRESSED   0x00000001   Data   RW          351    .data.err_focus_row  camera.o
    0x2000002e   COMPRESSED   0x00000001   Data   RW          349    .data.err_start_point  camera.o
    0x2000002f   COMPRESSED   0x00000001   PAD
    0x20000030   COMPRESSED   0x00000020   Data   RW          720    .data.gpio_group    zf_driver_gpio.o
    0x20000050   COMPRESSED   0x0000002c   Data   RW          419    .data.gyro_pid      pid.o
    0x2000007c   COMPRESSED   0x00000004   Data   RW          418    .data.image_kp_ref  pid.o
    0x20000080   COMPRESSED   0x00000038   Data   RW          425    .data.image_pid_struct  pid.o
    0x200000b8   COMPRESSED   0x0000000c   Data   RW         1324    .data.imu963ra_transition_factor  zf_device_imu963ra.o
    0x200000c4   COMPRESSED   0x00000002   Data   RW         1439    .data.ips200_bgcolor  zf_device_ips200.o
    0x200000c6   COMPRESSED   0x00000001   Data   RW         1441    .data.ips200_display_font  zf_device_ips200.o
    0x200000c7   COMPRESSED   0x00000001   PAD
    0x200000c8   COMPRESSED   0x00000002   Data   RW         1442    .data.ips200_pencolor  zf_device_ips200.o
    0x200000ca   COMPRESSED   0x00000002   Data   RW         1437    .data.ips200_x_max  zf_device_ips200.o
    0x200000cc   COMPRESSED   0x00000002   Data   RW         1438    .data.ips200_y_max  zf_device_ips200.o
    0x200000ce   COMPRESSED   0x00000001   Data   RW         1445    .data.ips_bl_pin    zf_device_ips200.o
    0x200000cf   COMPRESSED   0x00000001   Data   RW         1436    .data.ips_cs_pin    zf_device_ips200.o
    0x200000d0   COMPRESSED   0x00000001   Data   RW         1444    .data.ips_rst_pin   zf_device_ips200.o
    0x200000d1   COMPRESSED   0x00000001   PAD
    0x200000d2   COMPRESSED   0x00000024   Data   RW         1525    .data.mt9v03x_get_confing_buffer  zf_device_mt9v03x.o
    0x200000f6   COMPRESSED   0x00000028   Data   RW         1522    .data.mt9v03x_set_confing_buffer  zf_device_mt9v03x.o
    0x2000011e   COMPRESSED   0x00000001   Data   RW         1521    .data.mt9v03x_type  zf_device_mt9v03x.o
    0x2000011f   COMPRESSED   0x00000001   PAD
    0x20000120   COMPRESSED   0x00000004   Data   RW          364    .data.show_binarize.last_err  camera.o
    0x20000124   COMPRESSED   0x00000004   Data   RW          363    .data.show_gary.last_err  camera.o
    0x20000128   COMPRESSED   0x0000002c   Data   RW          421    .data.speed_pid     pid.o
    0x20000154   COMPRESSED   0x0000002c   Data   RW          422    .data.speed_pid_L   pid.o
    0x20000180   COMPRESSED   0x0000002c   Data   RW          423    .data.speed_pid_R   pid.o
    0x200001ac   COMPRESSED   0x00000008   Data   RW          984    .data.spi_index     zf_driver_spi.o
    0x200001b4   COMPRESSED   0x00000004   Data   RW          457    .data.system_clock  zf_common_clock.o
    0x200001b8   COMPRESSED   0x00000004   Data   RW          400    .data.track_line.err_focus_filt  track.o
    0x200001bc   COMPRESSED   0x00000028   Data   RW          424    .data.track_pid     pid.o
    0x200001e4   COMPRESSED   0x00000020   Data   RW         1035    .data.uart_index    zf_driver_uart.o
    0x20000204   COMPRESSED   0x00000008   Data   RW         1038    .data.uart_irq      zf_driver_uart.o
    0x2000020c   COMPRESSED   0x00000004   Data   RW         1745    .data.wireless_module_uart_handler  zf_device_type.o
    0x20000210   COMPRESSED   0x00000001   Data   RW          492    .data.zf_debug_assert_enable  zf_common_debug.o
    0x20000211   COMPRESSED   0x00000003   PAD
    0x20000214        -       0x00000002   Zero   RW          618    .bss.adc_resolution  zf_driver_adc.o
    0x20000216        -       0x00005820   Zero   RW          362    .bss.binary_image   camera.o
    0x20005a36        -       0x00000001   Zero   RW          368    .bss.boundary_start_left  camera.o
    0x20005a37        -       0x00000001   Zero   RW          369    .bss.boundary_start_right  camera.o
    0x20005a38        -       0x00000001   Zero   RW          204    .bss.button1        menu.o
    0x20005a39        -       0x00000001   Zero   RW          206    .bss.button2        menu.o
    0x20005a3a        -       0x00000001   Zero   RW          203    .bss.button3        menu.o
    0x20005a3b        -       0x00000001   Zero   RW          201    .bss.button4        menu.o
    0x20005a3c        -       0x00000004   Zero   RW          245    .bss.camera_page    menu.o
    0x20005a40        -       0x00000008   Zero   RW         1107    .bss.camera_receiver_buffer  zf_device_camera.o
    0x20005a48        -       0x00000018   Zero   RW         1106    .bss.camera_receiver_fifo  zf_device_camera.o
    0x20005a60        -       0x00000001   Zero   RW         1740    .bss.camera_type    zf_device_type.o
    0x20005a61        -       0x00000001   Zero   RW          360    .bss.circle_flag    camera.o
    0x20005a62        -       0x00000001   Zero   RW          386    .bss.cross_flag     camera.o
    0x20005a63        -       0x00000001   Zero   RW          493    .bss.debug_assert_handler.assert_nest_index  zf_common_debug.o
    0x20005a64        -       0x00000014   Zero   RW          495    .bss.debug_output_info  zf_common_debug.o
    0x20005a78        -       0x00000004   Zero   RW          243    .bss.debug_page     menu.o
    0x20005a7c        -       0x00000004   Zero   RW          295    .bss.distance_L     encoder.o
    0x20005a80        -       0x00000004   Zero   RW          296    .bss.distance_R     encoder.o
    0x20005a84        -       0x00000001   Zero   RW         1145    .bss.dl1a_finsh_flag  zf_device_dl1a.o
    0x20005a85   COMPRESSED   0x00000003   PAD
    0x20005a88        -       0x00000010   Zero   RW         1147    .bss.dl1a_iic_struct  zf_device_dl1a.o
    0x20005a98        -       0x00000004   Zero   RW         1167    .bss.dm1xa_plus_count  zf_device_dm1xa.o
    0x20005a9c        -       0x00000001   Zero   RW         1168    .bss.dm1xa_ranging_state  zf_device_dm1xa.o
    0x20005a9d        -       0x00000001   Zero   RW         1166    .bss.dm1xa_type     zf_device_dm1xa.o
    0x20005a9e        -       0x00000001   Zero   RW          209    .bss.first_in_page_flag  menu.o
    0x20005a9f        -       0x00000001   Zero   RW          205    .bss.flash_status   menu.o
    0x20005aa0        -       0x00000400   Zero   RW          700    .bss.flash_union_buffer  zf_driver_flash.o
    0x20005ea0        -       0x00000080   Zero   RW         1207    .bss.gps_gga_buffer  zf_device_gps_tau1201.o
    0x20005f20        -       0x00000001   Zero   RW         1202    .bss.gps_gga_state  zf_device_gps_tau1201.o
    0x20005f21        -       0x00000080   Zero   RW         1205    .bss.gps_rmc_buffer  zf_device_gps_tau1201.o
    0x20005fa1        -       0x00000001   Zero   RW         1203    .bss.gps_rmc_state  zf_device_gps_tau1201.o
    0x20005fa2        -       0x00000001   Zero   RW         1201    .bss.gps_tau1201_flag  zf_device_gps_tau1201.o
    0x20005fa3   COMPRESSED   0x00000001   PAD
    0x20005fa4        -       0x00000018   Zero   RW         1209    .bss.gps_tau1201_receiver_fifo  zf_device_gps_tau1201.o
    0x20005fbc        -       0x00000001   Zero   RW         1208    .bss.gps_tau1201_state  zf_device_gps_tau1201.o
    0x20005fbd   COMPRESSED   0x00000003   PAD
    0x20005fc0        -       0x00000004   Zero   RW          230    .bss.gyro_Kd        menu.o
    0x20005fc4        -       0x00000004   Zero   RW          229    .bss.gyro_Ki        menu.o
    0x20005fc8        -       0x00000004   Zero   RW          228    .bss.gyro_Kp        menu.o
    0x20005fcc        -       0x00000004   Zero   RW          271    .bss.gyro_hold_test.G_dis_filt  debug_test.o
    0x20005fd0        -       0x00000004   Zero   RW          238    .bss.gyro_pid_page  menu.o
    0x20005fd4        -       0x00000002   Zero   RW          441    .bss.gz             imu.o
    0x20005fd6   COMPRESSED   0x00000002   PAD
    0x20005fd8        -       0x00000004   Zero   RW          232    .bss.image_Kd       menu.o
    0x20005fdc        -       0x00000004   Zero   RW          231    .bss.image_Kp       menu.o
    0x20005fe0        -       0x00000004   Zero   RW          233    .bss.image_Kp2      menu.o
    0x20005fe4        -       0x00000004   Zero   RW          239    .bss.image_pid_page  menu.o
    0x20005fe8        -       0x00000002   Zero   RW         1318    .bss.imu963ra_acc_x  zf_device_imu963ra.o
    0x20005fea        -       0x00000002   Zero   RW         1319    .bss.imu963ra_acc_y  zf_device_imu963ra.o
    0x20005fec        -       0x00000002   Zero   RW         1320    .bss.imu963ra_acc_z  zf_device_imu963ra.o
    0x20005fee        -       0x00000002   Zero   RW         1315    .bss.imu963ra_gyro_x  zf_device_imu963ra.o
    0x20005ff0        -       0x00000002   Zero   RW         1316    .bss.imu963ra_gyro_y  zf_device_imu963ra.o
    0x20005ff2        -       0x00000002   Zero   RW         1317    .bss.imu963ra_gyro_z  zf_device_imu963ra.o
    0x20005ff4        -       0x00000001   Zero   RW          269    .bss.imu_init       debug_test.o
    0x20005ff5   COMPRESSED   0x00000003   PAD
    0x20005ff8        -       0x00000004   Zero   RW          603    .bss.interrupt_nest_count  zf_common_interrupt.o
    0x20005ffc        -       0x00000001   Zero   RW         1440    .bss.ips200_display_dir  zf_device_ips200.o
    0x20005ffd        -       0x00000001   Zero   RW         1435    .bss.ips200_display_type  zf_device_ips200.o
    0x20005ffe   COMPRESSED   0x00000002   PAD
    0x20006000        -       0x00000010   Zero   RW         1464    .bss.key_press_time  zf_device_key.o
    0x20006010        -       0x00000004   Zero   RW         1466    .bss.key_state      zf_device_key.o
    0x20006014        -       0x00000001   Zero   RW          370    .bss.left_down_point  camera.o
    0x20006015   COMPRESSED   0x00000001   PAD
    0x20006016        -       0x000000f0   Zero   RW          365    .bss.left_line      camera.o
    0x20006106        -       0x00000001   Zero   RW          383    .bss.left_lost_count  camera.o
    0x20006107   COMPRESSED   0x00000001   PAD
    0x20006108        -       0x000000f0   Zero   RW          378    .bss.left_lost_flag  camera.o
    0x200061f8        -       0x00000001   Zero   RW          385    .bss.left_right_lost_count  camera.o
    0x200061f9        -       0x00000001   Zero   RW          376    .bss.left_start     camera.o
    0x200061fa        -       0x00000001   Zero   RW          371    .bss.left_up_point  camera.o
    0x200061fb   COMPRESSED   0x00000001   PAD
    0x200061fc        -       0x00000004   Zero   RW          387    .bss.line_err       camera.o
    0x20006200        -       0x00000004   Zero   RW          374    .bss.longest_white_left  camera.o
    0x20006204        -       0x00000004   Zero   RW          375    .bss.longest_white_right  camera.o
    0x20006208        -       0x00000004   Zero   RW          210    .bss.main_page      menu.o
    0x2000620c        -       0x00000078   Zero   RW          367    .bss.mid_line       camera.o
    0x20006284        -       0x00000004   Zero   RW          211    .bss.motor_page     menu.o
    0x20006288        -       0x00000002   Zero   RW          283    .bss.motor_protect.block_time  motor.o
    0x2000628a        -       0x00000001   Zero   RW         1520    .bss.mt9v03x_finish_flag  zf_device_mt9v03x.o
    0x2000628b   COMPRESSED   0x00000001   PAD
    0x2000628c        -       0x00000004   Zero   RW         2947    .bss.mt9v03x_h_blank  zf_device_config.lib(zf_device_config.o)
    0x20006290        -       0x00000010   Zero   RW         2945    .bss.mt9v03x_iic_inf_struct  zf_device_config.lib(zf_device_config.o)
    0x200062a0        -       0x00005820   Zero   RW         1526    .bss.mt9v03x_image  zf_device_mt9v03x.o
    0x2000bac0        -       0x00000014   Zero   RW         2946    .bss.mt9v03x_init_config  zf_device_config.lib(zf_device_config.o)
    0x2000bad4        -       0x00000004   Zero   RW         2948    .bss.mt9v03x_v_blank  zf_device_config.lib(zf_device_config.o)
    0x2000bad8        -       0x00000002   Zero   RW         1523    .bss.mt9v03x_version  zf_device_mt9v03x.o
    0x2000bada   COMPRESSED   0x00000002   PAD
    0x2000badc        -       0x00000a50   Zero   RW          240    .bss.my_menu_unit   menu.o
    0x2000c52c        -       0x00000960   Zero   RW          242    .bss.my_param_set   menu.o
    0x2000ce8c        -       0x00000001   Zero   RW          202    .bss.need_full_redraw  menu.o
    0x2000ce8d   COMPRESSED   0x00000003   PAD
    0x2000ce90        -       0x00000004   Zero   RW          207    .bss.p_unit         menu.o
    0x2000ce94        -       0x00000004   Zero   RW          208    .bss.p_unit_last    menu.o
    0x2000ce98        -       0x00000004   Zero   RW          244    .bss.pid_page       menu.o
    0x2000ce9c        -       0x00000002   Zero   RW           10    .bss.pit_handler.encoder_tick  main.o
    0x2000ce9e   COMPRESSED   0x00000002   PAD
    0x2000cea0        -       0x00000004   Zero   RW          246    .bss.pwm_L_item     menu.o
    0x2000cea4        -       0x00000002   Zero   RW          212    .bss.pwm_L_val      menu.o
    0x2000cea6   COMPRESSED   0x00000002   PAD
    0x2000cea8        -       0x00000004   Zero   RW          247    .bss.pwm_R_item     menu.o
    0x2000ceac        -       0x00000002   Zero   RW          213    .bss.pwm_R_val      menu.o
    0x2000ceae   COMPRESSED   0x00000002   PAD
    0x2000ceb0        -       0x00000004   Zero   RW          442    .bss.real_gz        imu.o
    0x2000ceb4        -       0x00000078   Zero   RW          380    .bss.real_road_wide  camera.o
    0x2000cf2c        -       0x00000001   Zero   RW          372    .bss.right_down_point  camera.o
    0x2000cf2d   COMPRESSED   0x00000001   PAD
    0x2000cf2e        -       0x000000f0   Zero   RW          366    .bss.right_line     camera.o
    0x2000d01e        -       0x00000001   Zero   RW          384    .bss.right_lost_count  camera.o
    0x2000d01f   COMPRESSED   0x00000001   PAD
    0x2000d020        -       0x000000f0   Zero   RW          379    .bss.right_lost_flag  camera.o
    0x2000d110        -       0x00000001   Zero   RW          377    .bss.right_start    camera.o
    0x2000d111        -       0x00000001   Zero   RW          373    .bss.right_up_point  camera.o
    0x2000d112   COMPRESSED   0x00000002   PAD
    0x2000d114        -       0x00000004   Zero   RW         1465    .bss.scanner_period  zf_device_key.o
    0x2000d118        -       0x00000001   Zero   RW          382    .bss.search_stop_line  camera.o
    0x2000d119        -       0x00000010   Zero   RW          197    .bss.show_process.edit_base  menu.o
    0x2000d129        -       0x00000001   Zero   RW          195    .bss.show_process.edit_is_float  menu.o
    0x2000d12a   COMPRESSED   0x00000002   PAD
    0x2000d12c        -       0x00000004   Zero   RW          196    .bss.show_process.edit_item  menu.o
    0x2000d130        -       0x00000002   Zero   RW          192    .bss.show_process.edit_step  menu.o
    0x2000d132   COMPRESSED   0x00000002   PAD
    0x2000d134        -       0x00000004   Zero   RW          194    .bss.show_process.edit_step_f  menu.o
    0x2000d138        -       0x00000004   Zero   RW          191    .bss.show_process.edit_val  menu.o
    0x2000d13c        -       0x00000004   Zero   RW          193    .bss.show_process.edit_val_f  menu.o
    0x2000d140        -       0x00000001   Zero   RW          190    .bss.show_process.editing  menu.o
    0x2000d141        -       0x00000001   Zero   RW          198    .bss.show_process.flash_edit  menu.o
    0x2000d142   COMPRESSED   0x00000002   PAD
    0x2000d144        -       0x00000004   Zero   RW          200    .bss.show_process.flash_orig_val_f  menu.o
    0x2000d148        -       0x00000002   Zero   RW          199    .bss.show_process.flash_orig_val_i  menu.o
    0x2000d14a   COMPRESSED   0x00000002   PAD
    0x2000d14c        -       0x00000004   Zero   RW          214    .bss.show_saidao_flag.last_flag  menu.o
    0x2000d150        -       0x00000004   Zero   RW          217    .bss.speed_Kd       menu.o
    0x2000d154        -       0x00000004   Zero   RW          216    .bss.speed_Ki       menu.o
    0x2000d158        -       0x00000004   Zero   RW          215    .bss.speed_Kp       menu.o
    0x2000d15c        -       0x00000002   Zero   RW          293    .bss.speed_L        encoder.o
    0x2000d15e   COMPRESSED   0x00000002   PAD
    0x2000d160        -       0x00000004   Zero   RW          220    .bss.speed_L_Kd     menu.o
    0x2000d164        -       0x00000004   Zero   RW          219    .bss.speed_L_Ki     menu.o
    0x2000d168        -       0x00000004   Zero   RW          218    .bss.speed_L_Kp     menu.o
    0x2000d16c        -       0x00000002   Zero   RW          294    .bss.speed_R        encoder.o
    0x2000d16e   COMPRESSED   0x00000002   PAD
    0x2000d170        -       0x00000004   Zero   RW          223    .bss.speed_R_Kd     menu.o
    0x2000d174        -       0x00000004   Zero   RW          222    .bss.speed_R_Ki     menu.o
    0x2000d178        -       0x00000004   Zero   RW          221    .bss.speed_R_Kp     menu.o
    0x2000d17c        -       0x00000004   Zero   RW          235    .bss.speed_pid_L_page  menu.o
    0x2000d180        -       0x00000004   Zero   RW          236    .bss.speed_pid_R_page  menu.o
    0x2000d184        -       0x00000004   Zero   RW          234    .bss.speed_pid_page  menu.o
    0x2000d188        -       0x00000001   Zero   RW          241    .bss.static_cnt     menu.o
    0x2000d189        -       0x00000001   Zero   RW          359    .bss.straight_flag  camera.o
    0x2000d18a        -       0x00000008   Zero   RW         1009    .bss.timer_function_state  zf_driver_timer.o
    0x2000d192        -       0x00000008   Zero   RW         1010    .bss.timer_mode_state  zf_driver_timer.o
    0x2000d19a        -       0x00000002   Zero   RW          225    .bss.track_kd       menu.o
    0x2000d19c        -       0x00000002   Zero   RW          227    .bss.track_kd2      menu.o
    0x2000d19e        -       0x00000002   Zero   RW          224    .bss.track_kp       menu.o
    0x2000d1a0        -       0x00000002   Zero   RW          226    .bss.track_kp2      menu.o
    0x2000d1a2   COMPRESSED   0x00000002   PAD
    0x2000d1a4        -       0x00000004   Zero   RW          398    .bss.track_line.base_speed_target  track.o
    0x2000d1a8        -       0x00000004   Zero   RW          399    .bss.track_line.gyro_fb_filt  track.o
    0x2000d1ac        -       0x00000004   Zero   RW          401    .bss.track_line.speed_err  track.o
    0x2000d1b0        -       0x00000004   Zero   RW          397    .bss.track_line.turn_control  track.o
    0x2000d1b4        -       0x00000004   Zero   RW          237    .bss.track_pid_page  menu.o
    0x2000d1b8        -       0x00000200   Zero   RW         1725    .bss.tsl1401_data   zf_device_tsl1401.o
    0x2000d3b8        -       0x00000001   Zero   RW         1726    .bss.tsl1401_finish_flag  zf_device_tsl1401.o
    0x2000d3b9        -       0x00000001   Zero   RW         1724    .bss.tsl1401_init_state  zf_device_tsl1401.o
    0x2000d3ba        -       0x00000008   Zero   RW         1037    .bss.uart_interrupt_state  zf_driver_uart.o
    0x2000d3c2        -       0x000000bc   Zero   RW          381    .bss.white_count    camera.o
    0x2000d47e        -       0x00000002   Zero   RW          354    .bss.zebra_clear_timer  camera.o
    0x2000d480        -       0x00000001   Zero   RW          352    .bss.zebra_count_total  camera.o
    0x2000d481        -       0x00000001   Zero   RW          353    .bss.zebra_detect_state  camera.o
    0x2000d482        -       0x00000001   Zero   RW          356    .bss.zebra_flag     camera.o
    0x2000d483        -       0x00000001   Zero   RW          355    .bss.zebra_last_flag  camera.o
    0x2000d484        -       0x00000001   Zero   RW          491    .bss.zf_debug_init_flag  zf_common_debug.o


    Execution Region ARM_LIB_HEAP (Exec base: 0x2000d488, Load base: 0x08010c0c, Size: 0x00000400, Max: 0x00000400, ABSOLUTE)

    Exec Addr    Load Addr    Size         Type   Attr      Idx    E Section Name        Object

    0x2000d488        -       0x00000400   Zero   RW            1    ARM_LIB_HEAP.bss    anon$$obj.o


    Execution Region ARM_LIB_STACK (Exec base: 0x2001e000, Load base: 0x08010c0c, Size: 0x00002000, Max: 0x00002000, ABSOLUTE)

    Exec Addr    Load Addr    Size         Type   Attr      Idx    E Section Name        Object

    0x2001e000        -       0x00002000   Zero   RW            2    ARM_LIB_STACK.bss   anon$$obj.o


==============================================================================

Image component sizes


      Code (inc. data)   RO Data    RW Data    ZI Data      Debug   Object Name

      7182          0        133         11      23981      12698   camera.o
      4786          0        590          0          5      11465   debug_test.o
       114          0          0          0         12        932   encoder.o
       754          0         53          0          6       1782   imu.o
      1728          0          0          0          0       6489   isr.o
       126          0          0          0          2       1031   main.o
     11546          0        469          0       5227      19341   menu.o
       324          0          0          0          2       3023   motor.o
       722          0          0        276          0       3285   pid.o
        36          8        400          0          0        832   startup_mm32f3277g.o
        16          0          0          0          0        403   system_mm32f3277g.o
      1330          0          0          4         16       4010   track.o
       796          0          0          4          0       2891   zf_common_clock.o
      1614          0        274          1         22       8143   zf_common_debug.o
      1602          0         43          0          0       5410   zf_common_fifo.o
         0          0       2072          0          0        719   zf_common_font.o
       896          0         47          0          0       8013   zf_common_function.o
       392          0          0          0          4       4628   zf_common_interrupt.o
       230          0          0          0         32       5174   zf_device_camera.o
       166          0          0          2         17       7673   zf_device_dl1a.o
       314          4          0          2          6       3513   zf_device_dm1xa.o
       314          0          8          0        284       8130   zf_device_gps_tau1201.o
      1356          0        118         12         12       5622   zf_device_imu963ra.o
      4858          4         45         12          2      12082   zf_device_ips200.o
       428          0         46          0         24       2968   zf_device_key.o
      1258          0         98         77      22563       6999   zf_device_mt9v03x.o
       224          0          0          0        514       3498   zf_device_tsl1401.o
       140          0          0         16          1       1506   zf_device_type.o
       150          0          0          8          2       4677   zf_driver_adc.o
       154          0         44          0          0       1184   zf_driver_delay.o
       490         22          0          8          0       4101   zf_driver_dma.o
       726         24         46          8          0       5931   zf_driver_encoder.o
       672         28          0          0          0       5097   zf_driver_exti.o
       896          0         44          0       1024       3656   zf_driver_flash.o
      1016          0          0         32          0       4794   zf_driver_gpio.o
       306          8         42          0          0       5075   zf_driver_pit.o
       900         16         42          0          0       5348   zf_driver_pwm.o
      2204          0         47          0          0       8775   zf_driver_soft_iic.o
      1850          4         42          8          0       8650   zf_driver_spi.o
       944         32         44          0         16       7408   zf_driver_timer.o
      1150          8         43         40          8       7454   zf_driver_uart.o

    ----------------------------------------------------------------------
     54956        158       4824        528      63048     224410   Object Totals
         0          0         32          0       9216          0   (incl. Generated)
       246          0          2          7         50          0   (incl. Padding)

    ----------------------------------------------------------------------

      Code (inc. data)   RO Data    RW Data    ZI Data      Debug   Library Member Name

       372         46         48          0          0        168   expf.o
        38          0          0          0          0         68   fpclassifyf.o
        26          0          0          0          0        204   funder.o
        86          0          0          0          0          0   __dczerorl2.o
         0          0          0          0          0          0   entry.o
         0          0          0          0          0          0   entry10a.o
         0          0          0          0          0          0   entry11a.o
         8          4          0          0          0          0   entry4.o
         4          0          0          0          0          0   entry5.o
         0          0          0          0          0          0   entry7b.o
         0          0          0          0          0          0   entry8b.o
         8          4          0          0          0          0   entry9a.o
        12          6          0          4          0         68   errno.o
        30          0          0          0          0          0   handlers.o
        48         10          0          0          0         68   init.o
         0          0          0          0          0          0   iusefp.o
        30          0          0          0          0         68   llshl.o
        36          0          0          0          0         68   llsshr.o
        32          0          0          0          0         68   llushr.o
        36          0          0          0          0         68   memcpya.o
        36          0          0          0          0        108   memseta.o
      2276         86          0          0          0        520   printfa.o
        20          0          0          0          0         68   strchr.o
        18          0          0          0          0         68   strcpy.o
        14          0          0          0          0         68   strlen.o
        30          0          0          0          0         80   strncmp.o
        44          0          0          0          0         80   uidiv.o
        98          0          0          0          0         92   uldiv.o
        48          0          0          0          0         68   cdrcmple.o
       334          0          0          0          0        148   dadd.o
        56          0          0          0          0         80   dcmpeq.o
       222          0          0          0          0        100   ddiv.o
       186          0          0          0          0        176   depilogue.o
        62          0          0          0          0         80   dfixi.o
        48          0          0          0          0         68   dfixul.o
       228          0          0          0          0         96   dmul.o
        38          0          0          0          0         68   f2d.o
       176          0          0          0          0        140   fadd.o
        28          0          0          0          0         68   fcmpeq.o
        28          0          0          0          0         68   fcmpge.o
        28          0          0          0          0         68   fcmpgt.o
        28          0          0          0          0         68   fcmple.o
       124          0          0          0          0         88   fdiv.o
       110          0          0          0          0        168   fepilogue.o
        50          0          0          0          0         68   ffixi.o
        18          0          0          0          0         68   fflti.o
        10          0          0          0          0         68   ffltui.o
       100          0          0          0          0         76   fmul.o
        60          0          0          0          0         76   frnd.o
        24          0          0          0          0         68   fscalb.o
      2588          0          0          0         44       3849   zf_device_config.o

    ----------------------------------------------------------------------
      7904        156         48          4         44       7757   Library Totals
         8          0          0          0          0          0   (incl. Padding)

    ----------------------------------------------------------------------

      Code (inc. data)   RO Data    RW Data    ZI Data      Debug   Library Name

       436         46         48          0          0        440   m_ws.l
      2866        110          0          4          0       1492   mc_w.l
      2006          0          0          0          0       1976   mf_w.l
      2588          0          0          0         44       3849   zf_device_config.lib

    ----------------------------------------------------------------------
      7904        156         48          4         44       7757   Library Totals

    ----------------------------------------------------------------------

==============================================================================


      Code (inc. data)   RO Data    RW Data    ZI Data      Debug   

     62860        314       4872        532      63092     229383   Grand Totals
     62860        314       4872        264      63092     229383   ELF Image Totals (compressed)
     62860        314       4872        264          0          0   ROM Totals

==============================================================================

    Total RO  Size (Code + RO Data)                67732 (  66.14kB)
    Total RW  Size (RW Data + ZI Data)             63624 (  62.13kB)
    Total ROM Size (Code + RO Data + RW Data)      67996 (  66.40kB)

==============================================================================

