Component: Arm Compiler for Embedded 6.21 Tool: armlink [5ec1fa00]

==============================================================================

Section Cross References

    main.o(.text.main) refers to zf_common_clock.o(.text.clock_init) for clock_init
    main.o(.text.main) refers to zf_common_debug.o(.text.debug_init) for debug_init
    main.o(.text.main) refers to debug_test.o(.text.HARDWARE_INIT) for HARDWARE_INIT
    main.o(.text.main) refers to zf_device_key.o(.text.key_scanner) for key_scanner
    main.o(.text.main) refers to menu.o(.text.show_process) for show_process
    main.o(.text.main) refers to zf_driver_delay.o(.text.system_delay_ms) for system_delay_ms
    main.o(.ARM.exidx.text.main) refers to main.o(.text.main) for [Anonymous Symbol]
    main.o(.text.pit_handler) refers to main.o(.bss.pit_handler.encoder_tick) for pit_handler.encoder_tick
    main.o(.text.pit_handler) refers to encoder.o(.text.encoder_update) for encoder_update
    main.o(.ARM.exidx.text.pit_handler) refers to main.o(.text.pit_handler) for [Anonymous Symbol]
    main.o(.text.imu_pit) refers to debug_test.o(.bss.imu_init) for imu_init
    main.o(.text.imu_pit) refers to imu.o(.text.imu_get) for imu_get
    main.o(.text.imu_pit) refers to imu.o(.text.get_real_gz) for get_real_gz
    main.o(.ARM.exidx.text.imu_pit) refers to main.o(.text.imu_pit) for [Anonymous Symbol]
    isr.o(.ARM.exidx.text.TIM1_UP_IRQHandler) refers to isr.o(.text.TIM1_UP_IRQHandler) for [Anonymous Symbol]
    isr.o(.text.TIM2_IRQHandler) refers to main.o(.text.imu_pit) for imu_pit
    isr.o(.ARM.exidx.text.TIM2_IRQHandler) refers to isr.o(.text.TIM2_IRQHandler) for [Anonymous Symbol]
    isr.o(.ARM.exidx.text.TIM3_IRQHandler) refers to isr.o(.text.TIM3_IRQHandler) for [Anonymous Symbol]
    isr.o(.ARM.exidx.text.TIM4_IRQHandler) refers to isr.o(.text.TIM4_IRQHandler) for [Anonymous Symbol]
    isr.o(.ARM.exidx.text.TIM5_IRQHandler) refers to isr.o(.text.TIM5_IRQHandler) for [Anonymous Symbol]
    isr.o(.text.TIM6_IRQHandler) refers to main.o(.text.pit_handler) for pit_handler
    isr.o(.ARM.exidx.text.TIM6_IRQHandler) refers to isr.o(.text.TIM6_IRQHandler) for [Anonymous Symbol]
    isr.o(.ARM.exidx.text.TIM7_IRQHandler) refers to isr.o(.text.TIM7_IRQHandler) for [Anonymous Symbol]
    isr.o(.text.TIM8_UP_IRQHandler) refers to zf_device_tsl1401.o(.text.tsl1401_collect_pit_handler) for tsl1401_collect_pit_handler
    isr.o(.ARM.exidx.text.TIM8_UP_IRQHandler) refers to isr.o(.text.TIM8_UP_IRQHandler) for [Anonymous Symbol]
    isr.o(.ARM.exidx.text.UART1_IRQHandler) refers to isr.o(.text.UART1_IRQHandler) for [Anonymous Symbol]
    isr.o(.text.UART2_IRQHandler) refers to zf_device_gps_tau1201.o(.text.gps_uart_callback) for gps_uart_callback
    isr.o(.ARM.exidx.text.UART2_IRQHandler) refers to isr.o(.text.UART2_IRQHandler) for [Anonymous Symbol]
    isr.o(.ARM.exidx.text.UART3_IRQHandler) refers to isr.o(.text.UART3_IRQHandler) for [Anonymous Symbol]
    isr.o(.ARM.exidx.text.UART4_IRQHandler) refers to isr.o(.text.UART4_IRQHandler) for [Anonymous Symbol]
    isr.o(.ARM.exidx.text.UART5_IRQHandler) refers to isr.o(.text.UART5_IRQHandler) for [Anonymous Symbol]
    isr.o(.text.UART6_IRQHandler) refers to zf_device_type.o(.data.wireless_module_uart_handler) for wireless_module_uart_handler
    isr.o(.ARM.exidx.text.UART6_IRQHandler) refers to isr.o(.text.UART6_IRQHandler) for [Anonymous Symbol]
    isr.o(.ARM.exidx.text.UART7_IRQHandler) refers to isr.o(.text.UART7_IRQHandler) for [Anonymous Symbol]
    isr.o(.text.UART8_IRQHandler) refers to zf_device_type.o(.data.camera_uart_handler) for camera_uart_handler
    isr.o(.ARM.exidx.text.UART8_IRQHandler) refers to isr.o(.text.UART8_IRQHandler) for [Anonymous Symbol]
    isr.o(.ARM.exidx.text.EXTI0_IRQHandler) refers to isr.o(.text.EXTI0_IRQHandler) for [Anonymous Symbol]
    isr.o(.ARM.exidx.text.EXTI1_IRQHandler) refers to isr.o(.text.EXTI1_IRQHandler) for [Anonymous Symbol]
    isr.o(.ARM.exidx.text.EXTI2_IRQHandler) refers to isr.o(.text.EXTI2_IRQHandler) for [Anonymous Symbol]
    isr.o(.ARM.exidx.text.EXTI3_IRQHandler) refers to isr.o(.text.EXTI3_IRQHandler) for [Anonymous Symbol]
    isr.o(.text.EXTI4_IRQHandler) refers to zf_device_dl1a.o(.text.dl1a_int_handler) for dl1a_int_handler
    isr.o(.ARM.exidx.text.EXTI4_IRQHandler) refers to isr.o(.text.EXTI4_IRQHandler) for [Anonymous Symbol]
    isr.o(.text.EXTI9_5_IRQHandler) refers to zf_device_type.o(.data.camera_vsync_handler) for camera_vsync_handler
    isr.o(.ARM.exidx.text.EXTI9_5_IRQHandler) refers to isr.o(.text.EXTI9_5_IRQHandler) for [Anonymous Symbol]
    isr.o(.text.EXTI15_10_IRQHandler) refers to zf_device_dm1xa.o(.text.dm1xa_light_callback) for dm1xa_light_callback
    isr.o(.text.EXTI15_10_IRQHandler) refers to zf_device_dm1xa.o(.text.dm1xa_sound_callback) for dm1xa_sound_callback
    isr.o(.ARM.exidx.text.EXTI15_10_IRQHandler) refers to isr.o(.text.EXTI15_10_IRQHandler) for [Anonymous Symbol]
[...]
    fifo_used                                0x0800472d   Thumb Code    40  zf_common_fifo.o(.text.fifo_used)
    fifo_write_buffer                        0x08004755   Thumb Code   506  zf_common_fifo.o(.text.fifo_write_buffer)
    fifo_write_element                       0x08004951   Thumb Code   190  zf_common_fifo.o(.text.fifo_write_element)
    find_down_point                          0x08004a11   Thumb Code   744  camera.o(.text.find_down_point)
    find_up_point                            0x08004cf9   Thumb Code   744  camera.o(.text.find_up_point)
    flash_check                              0x08004fe1   Thumb Code   142  zf_driver_flash.o(.text.flash_check)
    flash_erase_page                         0x08005071   Thumb Code   288  zf_driver_flash.o(.text.flash_erase_page)
    flash_read_page_to_buffer                0x08005205   Thumb Code   136  zf_driver_flash.o(.text.flash_read_page_to_buffer)
    flash_write_page_from_buffer             0x080052c5   Thumb Code   330  zf_driver_flash.o(.text.flash_write_page_from_buffer)
    func_float_to_str                        0x08005411   Thumb Code   588  zf_common_function.o(.text.func_float_to_str)
    func_get_greatest_common_divisor         0x0800565d   Thumb Code    66  zf_common_function.o(.text.func_get_greatest_common_divisor)
    func_int_to_str                          0x080056a1   Thumb Code   242  zf_common_function.o(.text.func_int_to_str)
    get_real_gz                              0x08005829   Thumb Code    80  imu.o(.text.get_real_gz)
    gpio_get_level                           0x08005949   Thumb Code    46  zf_driver_gpio.o(.text.gpio_get_level)
    gpio_init                                0x08005979   Thumb Code   488  zf_driver_gpio.o(.text.gpio_init)
    gpio_set_level                           0x08005b61   Thumb Code    98  zf_driver_gpio.o(.text.gpio_set_level)
    gps_uart_callback                        0x08005bc5   Thumb Code   314  zf_device_gps_tau1201.o(.text.gps_uart_callback)
    gyro_hold_test                           0x08005d01   Thumb Code   482  debug_test.o(.text.gyro_hold_test)
    image_out_of_bounds                      0x08005ee5   Thumb Code   138  camera.o(.text.image_out_of_bounds)
    imu963ra_get_acc                         0x08006009   Thumb Code    86  zf_device_imu963ra.o(.text.imu963ra_get_acc)
    imu963ra_get_gyro                        0x08006061   Thumb Code    86  zf_device_imu963ra.o(.text.imu963ra_get_gyro)
    imu963ra_init                            0x080060b9   Thumb Code   492  zf_device_imu963ra.o(.text.imu963ra_init)
    imu_get                                  0x080064cd   Thumb Code    12  imu.o(.text.imu_get)
    imu_pit                                  0x080064d9   Thumb Code    34  main.o(.text.imu_pit)
    imu_test                                 0x080064fd   Thumb Code   662  imu.o(.text.imu_test)
    inner_draw_line                          0x08006795   Thumb Code   342  camera.o(.text.inner_draw_line)
    interrupt_disable                        0x080068ed   Thumb Code    20  zf_common_interrupt.o(.text.interrupt_disable)
    interrupt_enable                         0x08006901   Thumb Code    20  zf_common_interrupt.o(.text.interrupt_enable)
    interrupt_global_disable                 0x08006915   Thumb Code    36  zf_common_interrupt.o(.text.interrupt_global_disable)
    interrupt_global_enable                  0x08006939   Thumb Code    48  zf_common_interrupt.o(.text.interrupt_global_enable)
    interrupt_init                           0x08006969   Thumb Code    10  zf_common_interrupt.o(.text.interrupt_init)
    interrupt_set_priority                   0x08006975   Thumb Code    28  zf_common_interrupt.o(.text.interrupt_set_priority)
    ips200_clear                             0x080069a5   Thumb Code   270  zf_device_ips200.o(.text.ips200_clear)
    ips200_draw_point                        0x08006b41   Thumb Code   234  zf_device_ips200.o(.text.ips200_draw_point)
    ips200_init                              0x08006c2d   Thumb Code  1138  zf_device_ips200.o(.text.ips200_init)
    ips200_set_color                         0x080070a1   Thumb Code    42  zf_device_ips200.o(.text.ips200_set_color)
    ips200_set_dir                           0x080070cd   Thumb Code   102  zf_device_ips200.o(.text.ips200_set_dir)
    ips200_set_font                          0x08007135   Thumb Code    24  zf_device_ips200.o(.text.ips200_set_font)
    ips200_show_char                         0x08007211   Thumb Code   734  zf_device_ips200.o(.text.ips200_show_char)
    ips200_show_float                        0x080074f1   Thumb Code   350  zf_device_ips200.o(.text.ips200_show_float)
    ips200_show_gray_image                   0x08007651   Thumb Code   532  zf_device_ips200.o(.text.ips200_show_gray_image)
    ips200_show_int                          0x08007865   Thumb Code   256  zf_device_ips200.o(.text.ips200_show_int)
    ips200_show_string                       0x08007965   Thumb Code   220  zf_device_ips200.o(.text.ips200_show_string)
    key_clear_state                          0x08007cb5   Thumb Code    26  zf_device_key.o(.text.key_clear_state)
    key_get_state                            0x08007cd1   Thumb Code    24  zf_device_key.o(.text.key_get_state)
    key_init                                 0x08007ce9   Thumb Code   122  zf_device_key.o(.text.key_init)
    key_scanner                              0x08007de9   Thumb Code   256  zf_device_key.o(.text.key_scanner)
    left_draw_line                           0x08007ee9   Thumb Code   364  camera.o(.text.left_draw_line)
    left_lose_draw_right_line                0x08008055   Thumb Code    98  camera.o(.text.left_lose_draw_right_line)
    longest_white_sweepline                  0x080080b9   Thumb Code  1576  camera.o(.text.longest_white_sweepline)
    main                                     0x080086e1   Thumb Code    48  main.o(.text.main)
    menu_add_flash_edit                      0x08008711   Thumb Code   112  menu.o(.text.menu_add_flash_edit)
    menu_add_flash_edit_float                0x08008781   Thumb Code   128  menu.o(.text.menu_add_flash_edit_float)
    menu_add_function                        0x08008801   Thumb Code   128  menu.o(.text.menu_add_function)
    menu_add_inline_edit                     0x08008881   Thumb Code   174  menu.o(.text.menu_add_inline_edit)
    menu_add_inline_edit_float               0x08008931   Thumb Code   282  menu.o(.text.menu_add_inline_edit_float)
    menu_add_submenu                         0x08008a4d   Thumb Code   136  menu.o(.text.menu_add_submenu)
    menu_create_page                         0x08008ad5   Thumb Code    60  menu.o(.text.menu_create_page)
    menu_init                                0x08008b11   Thumb Code   164  menu.o(.text.menu_init)
    menu_request_redraw                      0x08008bb5   Thumb Code    14  menu.o(.text.menu_request_redraw)
    motor_protect                            0x08008bc5   Thumb Code   154  motor.o(.text.motor_protect)
    motor_set_pwm                            0x08008c61   Thumb Code   144  motor.o(.text.motor_set_pwm)
    mt9v03x_get_version                      0x08008e2d   Thumb Code   160  zf_device_mt9v03x.o(.text.mt9v03x_get_version)
    mt9v03x_init                             0x08008ecd   Thumb Code   420  zf_device_mt9v03x.o(.text.mt9v03x_init)
    mt9v03x_set_config_sccb                  0x080091a5   Thumb Code  2478  zf_device_config.o(.text.mt9v03x_set_config_sccb)
    pit_handler                              0x08009c01   Thumb Code    44  main.o(.text.pit_handler)
    pit_init                                 0x08009c2d   Thumb Code   306  zf_driver_pit.o(.text.pit_init)
    pwm_init                                 0x08009da1   Thumb Code   598  zf_driver_pwm.o(.text.pwm_init)
    pwm_set_duty                             0x08009ff9   Thumb Code   302  zf_driver_pwm.o(.text.pwm_set_duty)
    reset_pid                                0x0800a129   Thumb Code   568  menu.o(.text.reset_pid)
    right_draw_line                          0x0800a361   Thumb Code   364  camera.o(.text.right_draw_line)
    set_camera_type                          0x0800a559   Thumb Code   138  zf_device_type.o(.text.set_camera_type)
    show_binarize                            0x0800a5e5   Thumb Code   354  camera.o(.text.show_binarize)
    show_boundary_line                       0x0800a749   Thumb Code  1306  camera.o(.text.show_boundary_line)
    show_gary                                0x0800ae99   Thumb Code   352  camera.o(.text.show_gary)
    show_process                             0x0800aff9   Thumb Code  2952  menu.o(.text.show_process)
    show_saidao_flag                         0x0800bb81   Thumb Code   210  menu.o(.text.show_saidao_flag)
    soft_iic_init                            0x0800bc55   Thumb Code   142  zf_driver_soft_iic.o(.text.soft_iic_init)
    soft_iic_read_8bit_registers             0x0800bce5   Thumb Code   152  zf_driver_soft_iic.o(.text.soft_iic_read_8bit_registers)
    soft_iic_sccb_read_register              0x0800bee1   Thumb Code   120  zf_driver_soft_iic.o(.text.soft_iic_sccb_read_register)
    soft_iic_sccb_write_register             0x0800bf59   Thumb Code    86  zf_driver_soft_iic.o(.text.soft_iic_sccb_write_register)
    soft_iic_write_8bit_register             0x0800c4a5   Thumb Code    86  zf_driver_soft_iic.o(.text.soft_iic_write_8bit_register)
    speed_hold_test                          0x0800c539   Thumb Code   612  debug_test.o(.text.speed_hold_test)
    spi_init                                 0x0800c79d   Thumb Code   870  zf_driver_spi.o(.text.spi_init)
    spi_read_8bit_register                   0x0800cb05   Thumb Code   210  zf_driver_spi.o(.text.spi_read_8bit_register)
    spi_read_8bit_registers                  0x0800cbd9   Thumb Code   264  zf_driver_spi.o(.text.spi_read_8bit_registers)
    spi_write_16bit                          0x0800cce1   Thumb Code   184  zf_driver_spi.o(.text.spi_write_16bit)
    spi_write_8bit                           0x0800cd99   Thumb Code   134  zf_driver_spi.o(.text.spi_write_8bit)
    spi_write_8bit_register                  0x0800ce21   Thumb Code   188  zf_driver_spi.o(.text.spi_write_8bit_register)
    straight_judge                           0x0800cedd   Thumb Code   168  camera.o(.text.straight_judge)
    system_delay_ms                          0x0800cf85   Thumb Code   154  zf_driver_delay.o(.text.system_delay_ms)
    timer_clear                              0x0800d021   Thumb Code   178  zf_driver_timer.o(.text.timer_clear)
    timer_clock_enable                       0x0800d0d5   Thumb Code   182  zf_driver_timer.o(.text.timer_clock_enable)
    timer_etr_init                           0x0800d18d   Thumb Code   298  zf_driver_timer.o(.text.timer_etr_init)
    timer_funciton_check                     0x0800d2b9   Thumb Code   104  zf_driver_timer.o(.text.timer_funciton_check)
    timer_get                                0x0800d321   Thumb Code   182  zf_driver_timer.o(.text.timer_get)
    track_line                               0x0800d469   Thumb Code   872  track.o(.text.track_line)
    tsl1401_collect_pit_handler              0x0800d7d1   Thumb Code   224  zf_device_tsl1401.o(.text.tsl1401_collect_pit_handler)
    uart_init                                0x0800d8b5   Thumb Code   652  zf_driver_uart.o(.text.uart_init)
    uart_query_byte                          0x0800db41   Thumb Code   102  zf_driver_uart.o(.text.uart_query_byte)
    uart_rx_interrupt                        0x0800dba9   Thumb Code   160  zf_driver_uart.o(.text.uart_rx_interrupt)
    uart_write_buffer                        0x0800dc49   Thumb Code   108  zf_driver_uart.o(.text.uart_write_buffer)
    uart_write_byte                          0x0800dcb5   Thumb Code    64  zf_driver_uart.o(.text.uart_write_byte)
    uart_write_string                        0x0800dcf5   Thumb Code    64  zf_driver_uart.o(.text.uart_write_string)
    zebra_judge_multi                        0x0800de89   Thumb Code   584  camera.o(.text.zebra_judge_multi)
    __0sprintf                               0x0800e0d1   Thumb Code    34  printfa.o(i.__0sprintf)
    __1sprintf                               0x0800e0d1   Thumb Code     0  printfa.o(i.__0sprintf)
    __2sprintf                               0x0800e0d1   Thumb Code     0  printfa.o(i.__0sprintf)
    __c89sprintf                             0x0800e0d1   Thumb Code     0  printfa.o(i.__0sprintf)
    sprintf                                  0x0800e0d1   Thumb Code     0  printfa.o(i.__0sprintf)
    __ARM_fpclassifyf                        0x0800e0f9   Thumb Code    38  fpclassifyf.o(i.__ARM_fpclassifyf)
    __mathlib_flt_infnan                     0x0800e11f   Thumb Code     6  funder.o(i.__mathlib_flt_infnan)
    __mathlib_flt_overflow                   0x0800e125   Thumb Code    10  funder.o(i.__mathlib_flt_overflow)
    __mathlib_flt_underflow                  0x0800e12f   Thumb Code    10  funder.o(i.__mathlib_flt_underflow)
    __scatterload_copy                       0x0800e139   Thumb Code    14  handlers.o(i.__scatterload_copy)
    __scatterload_null                       0x0800e147   Thumb Code     2  handlers.o(i.__scatterload_null)
    __scatterload_zeroinit                   0x0800e149   Thumb Code    14  handlers.o(i.__scatterload_zeroinit)
    __set_errno                              0x0800e159   Thumb Code     6  errno.o(i.__set_errno)
    __mathlib_expf                           0x0800ea21   Thumb Code     0  expf.o(i.expf)
    expf                                     0x0800ea21   Thumb Code   326  expf.o(i.expf)
    ascii_font_6x8                           0x0800ec70   Data         552  zf_common_font.o(.rodata.ascii_font_6x8)
    ascii_font_8x16                          0x0800ee98   Data        1520  zf_common_font.o(.rodata.ascii_font_8x16)
    road_wide                                0x0800f48c   Data         120  camera.o(.rodata.road_wide)
    Region$$Table$$Base                      0x0800fb78   Number         0  anon$$obj.o(Region$$Table)
    Region$$Table$$Limit                     0x0800fb98   Number         0  anon$$obj.o(Region$$Table)
    camera_dma_handler                       0x2000000c   Data           4  zf_device_type.o(.data.camera_dma_handler)
    camera_uart_handler                      0x20000010   Data           4  zf_device_type.o(.data.camera_uart_handler)
    camera_vsync_handler                     0x20000014   Data           4  zf_device_type.o(.data.camera_vsync_handler)
    dl1a_distance_mm                         0x20000018   Data           2  zf_device_dl1a.o(.data.dl1a_distance_mm)
    err_end_point                            0x2000002c   Data           1  camera.o(.data.err_end_point)
    err_focus_row                            0x2000002d   Data           1  camera.o(.data.err_focus_row)
    err_start_point                          0x2000002e   Data           1  camera.o(.data.err_start_point)
    gpio_group                               0x20000030   Data          32  zf_driver_gpio.o(.data.gpio_group)
    gyro_pid                                 0x20000050   Data          44  pid.o(.data.gyro_pid)
    image_pid                                0x2000007c   Data          44  pid.o(.data.image_pid)
    image_pid_struct                         0x200000a8   Data          56  pid.o(.data.image_pid_struct)
    imu963ra_transition_factor               0x200000e0   Data          12  zf_device_imu963ra.o(.data.imu963ra_transition_factor)
    speed_pid                                0x20000150   Data          44  pid.o(.data.speed_pid)
    system_clock                             0x20000184   Data           4  zf_common_clock.o(.data.system_clock)
    track_pid                                0x20000188   Data          40  pid.o(.data.track_pid)
    wireless_module_uart_handler             0x200001d8   Data           4  zf_device_type.o(.data.wireless_module_uart_handler)
    binary_image                             0x200001e2   Data       22560  camera.o(.bss.binary_image)
    boundary_start_left                      0x20005a02   Data           1  camera.o(.bss.boundary_start_left)
    boundary_start_right                     0x20005a03   Data           1  camera.o(.bss.boundary_start_right)
    camera_receiver_buffer                   0x20005a0c   Data           8  zf_device_camera.o(.bss.camera_receiver_buffer)
    camera_receiver_fifo                     0x20005a14   Data          24  zf_device_camera.o(.bss.camera_receiver_fifo)
    camera_type                              0x20005a2c   Data           1  zf_device_type.o(.bss.camera_type)
    circle_flag                              0x20005a2d   Data           1  camera.o(.bss.circle_flag)
    cross_flag                               0x20005a2e   Data           1  camera.o(.bss.cross_flag)
    distance_L                               0x20005a48   Data           4  encoder.o(.bss.distance_L)
    distance_R                               0x20005a4c   Data           4  encoder.o(.bss.distance_R)
    dl1a_finsh_flag                          0x20005a50   Data           1  zf_device_dl1a.o(.bss.dl1a_finsh_flag)
    flash_union_buffer                       0x20005a6c   Data        1024  zf_driver_flash.o(.bss.flash_union_buffer)
    gps_gga_state                            0x20005eec   Data           1  zf_device_gps_tau1201.o(.bss.gps_gga_state)
    gps_rmc_state                            0x20005f6d   Data           1  zf_device_gps_tau1201.o(.bss.gps_rmc_state)
    gps_tau1201_flag                         0x20005f6e   Data           1  zf_device_gps_tau1201.o(.bss.gps_tau1201_flag)
    gz                                       0x20005f9c   Data           2  imu.o(.bss.gz)
    imu963ra_acc_x                           0x20005fa8   Data           2  zf_device_imu963ra.o(.bss.imu963ra_acc_x)
    imu963ra_acc_y                           0x20005faa   Data           2  zf_device_imu963ra.o(.bss.imu963ra_acc_y)
    imu963ra_acc_z                           0x20005fac   Data           2  zf_device_imu963ra.o(.bss.imu963ra_acc_z)
    imu963ra_gyro_x                          0x20005fae   Data           2  zf_device_imu963ra.o(.bss.imu963ra_gyro_x)
    imu963ra_gyro_y                          0x20005fb0   Data           2  zf_device_imu963ra.o(.bss.imu963ra_gyro_y)
    imu963ra_gyro_z                          0x20005fb2   Data           2  zf_device_imu963ra.o(.bss.imu963ra_gyro_z)
    imu_init                                 0x20005fb4   Data           1  debug_test.o(.bss.imu_init)
    left_down_point                          0x20005fd4   Data           1  camera.o(.bss.left_down_point)
    left_line                                0x20005fd6   Data         240  camera.o(.bss.left_line)
    left_lost_count                          0x200060c6   Data           1  camera.o(.bss.left_lost_count)
    left_lost_flag                           0x200060c8   Data         240  camera.o(.bss.left_lost_flag)
    left_right_lost_count                    0x200061b8   Data           1  camera.o(.bss.left_right_lost_count)
    left_start                               0x200061b9   Data           1  camera.o(.bss.left_start)
    left_up_point                            0x200061ba   Data           1  camera.o(.bss.left_up_point)
    line_err                                 0x200061bc   Data           4  camera.o(.bss.line_err)
    longest_white_left                       0x200061c0   Data           4  camera.o(.bss.longest_white_left)
    longest_white_right                      0x200061c4   Data           4  camera.o(.bss.longest_white_right)
    mid_line                                 0x200061cc   Data         120  camera.o(.bss.mid_line)
    mt9v03x_finish_flag                      0x2000624a   Data           1  zf_device_mt9v03x.o(.bss.mt9v03x_finish_flag)
    mt9v03x_image                            0x20006260   Data       22560  zf_device_mt9v03x.o(.bss.mt9v03x_image)
    real_gz                                  0x2000ce70   Data           4  imu.o(.bss.real_gz)
    real_road_wide                           0x2000ce74   Data         120  camera.o(.bss.real_road_wide)
    right_down_point                         0x2000ceec   Data           1  camera.o(.bss.right_down_point)
    right_line                               0x2000ceee   Data         240  camera.o(.bss.right_line)
    right_lost_count                         0x2000cfde   Data           1  camera.o(.bss.right_lost_count)
    right_lost_flag                          0x2000cfe0   Data         240  camera.o(.bss.right_lost_flag)
    right_start                              0x2000d0d0   Data           1  camera.o(.bss.right_start)
    right_up_point                           0x2000d0d1   Data           1  camera.o(.bss.right_up_point)
    search_stop_line                         0x2000d0d8   Data           1  camera.o(.bss.search_stop_line)
    speed_L                                  0x2000d11c   Data           2  encoder.o(.bss.speed_L)
    speed_R                                  0x2000d11e   Data           2  encoder.o(.bss.speed_R)
    straight_flag                            0x2000d125   Data           1  camera.o(.bss.straight_flag)
    tsl1401_data                             0x2000d14c   Data         512  zf_device_tsl1401.o(.bss.tsl1401_data)
    tsl1401_finish_flag                      0x2000d34c   Data           1  zf_device_tsl1401.o(.bss.tsl1401_finish_flag)
    white_count                              0x2000d356   Data         188  camera.o(.bss.white_count)
    zebra_clear_timer                        0x2000d412   Data           2  camera.o(.bss.zebra_clear_timer)
    zebra_count_total                        0x2000d414   Data           1  camera.o(.bss.zebra_count_total)
    zebra_detect_state                       0x2000d415   Data           1  camera.o(.bss.zebra_detect_state)
    zebra_flag                               0x2000d416   Data           1  camera.o(.bss.zebra_flag)
    zebra_last_flag                          0x2000d417   Data           1  camera.o(.bss.zebra_last_flag)
    Image$$ARM_LIB_STACK$$ZI$$Limit          0x20020000   Number         0  anon$$obj.o ABSOLUTE



==============================================================================

Memory Map of the image

  Image Entry point : 0x08000401

  Load Region LR_m_text (Base: 0x08000000, Size: 0x0000fd78, Max: 0x00080000, ABSOLUTE, COMPRESSED[0x0000fc94])

    Execution Region VECTOR_ROM (Exec base: 0x08000000, Load base: 0x08000000, Size: 0x00000190, Max: 0x00000400, ABSOLUTE)

    Exec Addr    Load Addr    Size         Type   Attr      Idx    E Section Name        Object

    0x08000000   0x08000000   0x00000190   Data   RO         1965    RESET               startup_mm32f3277g.o


    Execution Region ER_m_text (Exec base: 0x08000400, Load base: 0x08000400, Size: 0x0000f798, Max: 0x0007fc00, ABSOLUTE, FIXED)

    Exec Addr    Load Addr    Size         Type   Attr      Idx    E Section Name        Object

    0x08000400   0x08000400   0x00000000   Code   RO         2950  * .ARM.Collect$$$$00000000  mc_w.l(entry.o)
    0x08000400   0x08000400   0x00000004   Code   RO         3100    .ARM.Collect$$$$00000003  mc_w.l(entry4.o)
    0x08000404   0x08000404   0x00000004   Code   RO         3103    .ARM.Collect$$$$00000004  mc_w.l(entry5.o)
    0x08000408   0x08000408   0x00000000   Code   RO         3105    .ARM.Collect$$$$00000008  mc_w.l(entry7b.o)
    0x08000408   0x08000408   0x00000000   Code   RO         3107    .ARM.Collect$$$$0000000A  mc_w.l(entry8b.o)
    0x08000408   0x08000408   0x00000008   Code   RO         3108    .ARM.Collect$$$$0000000B  mc_w.l(entry9a.o)
    0x08000410   0x08000410   0x00000000   Code   RO         3110    .ARM.Collect$$$$0000000D  mc_w.l(entry10a.o)
    0x08000410   0x08000410   0x00000000   Code   RO         3112    .ARM.Collect$$$$0000000F  mc_w.l(entry11a.o)
    0x08000410   0x08000410   0x00000004   Code   RO         3101    .ARM.Collect$$$$00002714  mc_w.l(entry4.o)
    0x08000414   0x08000414   0x00000024   Code   RO         1966    .text               startup_mm32f3277g.o
    0x08000438   0x08000438   0x00000024   Code   RO         2953    .text               mc_w.l(memcpya.o)
    0x0800045c   0x0800045c   0x00000024   Code   RO         2955    .text               mc_w.l(memseta.o)
    0x08000480   0x08000480   0x00000014   Code   RO         2961    .text               mc_w.l(strchr.o)
    0x08000494   0x08000494   0x0000000e   Code   RO         2963    .text               mc_w.l(strlen.o)
    0x080004a2   0x080004a2   0x00000012   Code   RO         2967    .text               mc_w.l(strcpy.o)
    0x080004b4   0x080004b4   0x0000001e   Code   RO         2969    .text               mc_w.l(strncmp.o)
    0x080004d2   0x080004d2   0x000000b0   Code   RO         3003    .text               mf_w.l(fadd.o)
    0x08000582   0x08000582   0x00000064   Code   RO         3005    .text               mf_w.l(fmul.o)
    0x080005e6   0x080005e6   0x0000007c   Code   RO         3007    .text               mf_w.l(fdiv.o)
    0x08000662   0x08000662   0x0000014e   Code   RO         3009    .text               mf_w.l(dadd.o)
    0x080007b0   0x080007b0   0x000000e4   Code   RO         3011    .text               mf_w.l(dmul.o)
    0x08000894   0x08000894   0x000000de   Code   RO         3013    .text               mf_w.l(ddiv.o)
    0x08000972   0x08000972   0x0000001c   Code   RO         3015    .text               mf_w.l(fcmple.o)
    0x0800098e   0x0800098e   0x0000001c   Code   RO         3017    .text               mf_w.l(fcmpge.o)
    0x080009aa   0x080009aa   0x0000001c   Code   RO         3019    .text               mf_w.l(fcmpgt.o)
    0x080009c6   0x080009c6   0x0000001c   Code   RO         3021    .text               mf_w.l(fcmpeq.o)
    0x080009e2   0x080009e2   0x00000038   Code   RO         3029    .text               mf_w.l(dcmpeq.o)
    0x08000a1a   0x08000a1a   0x00000012   Code   RO         3031    .text               mf_w.l(fflti.o)
    0x08000a2c   0x08000a2c   0x0000000a   Code   RO         3033    .text               mf_w.l(ffltui.o)
    0x08000a36   0x08000a36   0x00000032   Code   RO         3039    .text               mf_w.l(ffixi.o)
    0x08000a68   0x08000a68   0x0000003e   Code   RO         3041    .text               mf_w.l(dfixi.o)
    0x08000aa6   0x08000aa6   0x00000026   Code   RO         3045    .text               mf_w.l(f2d.o)
    0x08000acc   0x08000acc   0x00000038   Code   RO         3047    .text               mf_w.l(d2f.o)
    0x08000b04   0x08000b04   0x0000002c   Code   RO         3124    .text               mc_w.l(uidiv.o)
    0x08000b30   0x08000b30   0x00000062   Code   RO         3126    .text               mc_w.l(uldiv.o)
    0x08000b92   0x08000b92   0x0000001e   Code   RO         3128    .text               mc_w.l(llshl.o)
    0x08000bb0   0x08000bb0   0x00000020   Code   RO         3130    .text               mc_w.l(llushr.o)
    0x08000bd0   0x08000bd0   0x00000024   Code   RO         3132    .text               mc_w.l(llsshr.o)
    0x08000bf4   0x08000bf4   0x00000000   Code   RO         3141    .text               mc_w.l(iusefp.o)
    0x08000bf4   0x08000bf4   0x0000006e   Code   RO         3142    .text               mf_w.l(fepilogue.o)
    0x08000c62   0x08000c62   0x00000018   Code   RO         3144    .text               mf_w.l(fscalb.o)
    0x08000c7a   0x08000c7a   0x0000003c   Code   RO         3146    .text               mf_w.l(frnd.o)
    0x08000cb6   0x08000cb6   0x000000ba   Code   RO         3148    .text               mf_w.l(depilogue.o)
    0x08000d70   0x08000d70   0x00000030   Code   RO         3154    .text               mf_w.l(dfixul.o)
    0x08000da0   0x08000da0   0x00000030   Code   RO         3158    .text               mf_w.l(cdrcmple.o)
    0x08000dd0   0x08000dd0   0x00000030   Code   RO         3160    .text               mc_w.l(init.o)
    0x08000e00   0x08000e00   0x00000056   Code   RO         3170    .text               mc_w.l(__dczerorl2.o)
    0x08000e56   0x08000e56   0x00000002   PAD
    0x08000e58   0x08000e58   0x00000020   Code   RO           65    .text.DMA1_Channel1_IRQHandler  isr.o
    0x08000e78   0x08000e78   0x00000022   Code   RO           67    .text.DMA1_Channel2_IRQHandler  isr.o
    0x08000e9a   0x08000e9a   0x00000002   PAD
    0x08000e9c   0x08000e9c   0x00000022   Code   RO           69    .text.DMA1_Channel3_IRQHandler  isr.o
    0x08000ebe   0x08000ebe   0x00000002   PAD
    0x08000ec0   0x08000ec0   0x00000030   Code   RO           71    .text.DMA1_Channel4_IRQHandler  isr.o
    0x08000ef0   0x08000ef0   0x00000022   Code   RO           73    .text.DMA1_Channel5_IRQHandler  isr.o
    0x08000f12   0x08000f12   0x00000002   PAD
    0x08000f14   0x08000f14   0x00000022   Code   RO           75    .text.DMA1_Channel6_IRQHandler  isr.o
    0x08000f36   0x08000f36   0x00000002   PAD
    0x08000f38   0x08000f38   0x00000022   Code   RO           77    .text.DMA1_Channel7_IRQHandler  isr.o
    0x08000f5a   0x08000f5a   0x00000002   PAD
    0x08000f5c   0x08000f5c   0x00000024   Code   RO           79    .text.DMA2_Channel1_IRQHandler  isr.o
    0x08000f80   0x08000f80   0x00000026   Code   RO           81    .text.DMA2_Channel2_IRQHandler  isr.o
    0x08000fa6   0x08000fa6   0x00000002   PAD
    0x08000fa8   0x08000fa8   0x00000026   Code   RO           83    .text.DMA2_Channel3_IRQHandler  isr.o
    0x08000fce   0x08000fce   0x00000002   PAD
    0x08000fd0   0x08000fd0   0x00000026   Code   RO           85    .text.DMA2_Channel4_IRQHandler  isr.o
    0x08000ff6   0x08000ff6   0x00000002   PAD
    0x08000ff8   0x08000ff8   0x00000026   Code   RO           87    .text.DMA2_Channel5_IRQHandler  isr.o
    0x0800101e   0x0800101e   0x00000002   PAD
    0x08001020   0x08001020   0x00000012   Code   RO           51    .text.EXTI0_IRQHandler  isr.o
    0x08001032   0x08001032   0x00000002   PAD
    0x08001034   0x08001034   0x000000e4   Code   RO           63    .text.EXTI15_10_IRQHandler  isr.o
    0x08001118   0x08001118   0x00000012   Code   RO           53    .text.EXTI1_IRQHandler  isr.o
    0x0800112a   0x0800112a   0x00000002   PAD
    0x0800112c   0x0800112c   0x00000012   Code   RO           55    .text.EXTI2_IRQHandler  isr.o
    0x0800113e   0x0800113e   0x00000002   PAD
    0x08001140   0x08001140   0x00000012   Code   RO           57    .text.EXTI3_IRQHandler  isr.o
    0x08001152   0x08001152   0x00000002   PAD
    0x08001154   0x08001154   0x00000018   Code   RO           59    .text.EXTI4_IRQHandler  isr.o
    0x0800116c   0x0800116c   0x000000c4   Code   RO           61    .text.EXTI9_5_IRQHandler  isr.o
    0x08001230   0x08001230   0x000000da   Code   RO          229    .text.HARDWARE_INIT  debug_test.o
    0x0800130a   0x0800130a   0x00000002   PAD
    0x0800130c   0x0800130c   0x000000d2   Code   RO          382    .text.Image_Kp_Update  pid.o
    0x080013de   0x080013de   0x00000002   PAD
    0x080013e0   0x080013e0   0x000000ce   Code   RO          378    .text.Image_PID_Calculate  pid.o
    0x080014ae   0x080014ae   0x00000002   PAD
    0x080014b0   0x080014b0   0x0000011a   Code   RO          374    .text.PID_Update    pid.o
    0x080015ca   0x080015ca   0x00000002   PAD
    0x080015cc   0x080015cc   0x00000010   Code   RO         1958    .text.SystemInit    system_mm32f3277g.o
    0x080015dc   0x080015dc   0x00000012   Code   RO           19    .text.TIM1_UP_IRQHandler  isr.o
    0x080015ee   0x080015ee   0x00000002   PAD
    0x080015f0   0x080015f0   0x00000016   Code   RO           21    .text.TIM2_IRQHandler  isr.o
    0x08001606   0x08001606   0x00000002   PAD
    0x08001608   0x08001608   0x00000012   Code   RO           23    .text.TIM3_IRQHandler  isr.o
    0x0800161a   0x0800161a   0x00000002   PAD
    0x0800161c   0x0800161c   0x00000012   Code   RO           25    .text.TIM4_IRQHandler  isr.o
    0x0800162e   0x0800162e   0x00000002   PAD
    0x08001630   0x08001630   0x00000012   Code   RO           27    .text.TIM5_IRQHandler  isr.o
    0x08001642   0x08001642   0x00000002   PAD
    0x08001644   0x08001644   0x00000018   Code   RO           29    .text.TIM6_IRQHandler  isr.o
    0x0800165c   0x0800165c   0x00000012   Code   RO           31    .text.TIM7_IRQHandler  isr.o
    0x0800166e   0x0800166e   0x00000002   PAD
    0x08001670   0x08001670   0x00000018   Code   RO           33    .text.TIM8_UP_IRQHandler  isr.o
    0x08001688   0x08001688   0x00000048   Code   RO           35    .text.UART1_IRQHandler  isr.o
    0x080016d0   0x080016d0   0x0000004e   Code   RO           37    .text.UART2_IRQHandler  isr.o
    0x0800171e   0x0800171e   0x00000002   PAD
    0x08001720   0x08001720   0x00000048   Code   RO           39    .text.UART3_IRQHandler  isr.o
    0x08001768   0x08001768   0x00000048   Code   RO           41    .text.UART4_IRQHandler  isr.o
    0x080017b0   0x080017b0   0x00000048   Code   RO           43    .text.UART5_IRQHandler  isr.o
    0x080017f8   0x080017f8   0x00000056   Code   RO           45    .text.UART6_IRQHandler  isr.o
    0x0800184e   0x0800184e   0x00000002   PAD
    0x08001850   0x08001850   0x00000048   Code   RO           47    .text.UART7_IRQHandler  isr.o
    0x08001898   0x08001898   0x00000056   Code   RO           49    .text.UART8_IRQHandler  isr.o
    0x080018ee   0x080018ee   0x00000002   PAD
    0x080018f0   0x080018f0   0x00000038   Code   RO          556    .text.__NVIC_DisableIRQ  zf_common_interrupt.o
    0x08001928   0x08001928   0x00000030   Code   RO          552    .text.__NVIC_EnableIRQ  zf_common_interrupt.o
    0x08001958   0x08001958   0x00000042   Code   RO          560    .text.__NVIC_SetPriority  zf_common_interrupt.o
    0x0800199a   0x0800199a   0x00000002   PAD
    0x0800199c   0x0800199c   0x0000003c   Code   RO          564    .text.__NVIC_SetPriorityGrouping  zf_common_interrupt.o
    0x080019d8   0x080019d8   0x00000096   Code   RO          574    .text.adc_convert   zf_driver_adc.o
    0x08001a6e   0x08001a6e   0x00000002   PAD
    0x08001a70   0x08001a70   0x00000180   Code   RO          681    .text.afio_init     zf_driver_gpio.o
    0x08001bf0   0x08001bf0   0x00000034   Code   RO          106    .text.alloc_param   menu.o
    0x08001c24   0x08001c24   0x00000030   Code   RO           98    .text.alloc_unit    menu.o
    0x08001c54   0x08001c54   0x0000009a   Code   RO          274    .text.boundary_line_init  camera.o
    0x08001cee   0x08001cee   0x00000002   PAD
    0x08001cf0   0x08001cf0   0x00000a02   Code   RO          126    .text.build_menu_tree  menu.o
    0x080026f2   0x080026f2   0x00000002   PAD
    0x080026f4   0x080026f4   0x0000001c   Code   RO         1063    .text.camera_fifo_init  zf_device_camera.o
    0x08002710   0x08002710   0x000000ca   Code   RO         1065    .text.camera_init   zf_device_camera.o
    0x080027da   0x080027da   0x00000002   PAD
    0x080027dc   0x080027dc   0x00000024   Code   RO          414    .text.clock_init    zf_common_clock.o
    0x08002800   0x08002800   0x00000098   Code   RO          416    .text.clock_reset   zf_common_clock.o
    0x08002898   0x08002898   0x00000260   Code   RO          418    .text.clock_set_freq  zf_common_clock.o
    0x08002af8   0x08002af8   0x00000204   Code   RO          288    .text.cross_judge   camera.o
    0x08002cfc   0x08002cfc   0x0000006c   Code   RO          436    .text.debug_assert_handler  zf_common_debug.o
    0x08002d68   0x08002d68   0x00000040   Code   RO          442    .text.debug_delay   zf_common_debug.o
    0x08002da8   0x08002da8   0x00000032   Code   RO          450    .text.debug_init    zf_common_debug.o
    0x08002dda   0x08002dda   0x00000002   PAD
    0x08002ddc   0x08002ddc   0x00000042   Code   RO          444    .text.debug_log_handler  zf_common_debug.o
    0x08002e1e   0x08002e1e   0x00000002   PAD
    0x08002e20   0x08002e20   0x000003ae   Code   RO          440    .text.debug_output  zf_common_debug.o
    0x080031ce   0x080031ce   0x00000002   PAD
    0x080031d0   0x080031d0   0x0000004c   Code   RO          448    .text.debug_output_init  zf_common_debug.o
    0x0800321c   0x0800321c   0x00000030   Code   RO          446    .text.debug_output_struct_init  zf_common_debug.o
    0x0800324c   0x0800324c   0x000000f2   Code   RO          438    .text.debug_protective_handler  zf_common_debug.o
    0x0800333e   0x0800333e   0x00000002   PAD
    0x08003340   0x08003340   0x00000012   Code   RO          452    .text.debug_uart_str_output  zf_common_debug.o
    0x08003352   0x08003352   0x00000002   PAD
    0x08003354   0x08003354   0x0000009e   Code   RO         1078    .text.dl1a_get_distance  zf_device_dl1a.o
    0x080033f2   0x080033f2   0x00000002   PAD
    0x080033f4   0x080033f4   0x00000008   Code   RO         1080    .text.dl1a_int_handler  zf_device_dl1a.o
    0x080033fc   0x080033fc   0x0000003a   Code   RO         1121    .text.dm1xa_light_callback  zf_device_dm1xa.o
    0x08003436   0x08003436   0x00000002   PAD
    0x08003438   0x08003438   0x00000100   Code   RO         1119    .text.dm1xa_sound_callback  zf_device_dm1xa.o
    0x08003538   0x08003538   0x00000152   Code   RO          608    .text.dma_camera_init  zf_driver_dma.o
    0x0800368a   0x0800368a   0x00000002   PAD
    0x0800368c   0x0800368c   0x00000032   Code   RO          606    .text.dma_disable   zf_driver_dma.o
    0x080036be   0x080036be   0x00000002   PAD
    0x080036c0   0x080036c0   0x00000032   Code   RO          604    .text.dma_enable    zf_driver_dma.o
    0x080036f2   0x080036f2   0x00000002   PAD
    0x080036f4   0x080036f4   0x00000034   Code   RO          602    .text.dma_set_count  zf_driver_dma.o
    0x08003728   0x08003728   0x00000090   Code   RO          620    .text.encoder_clear_count  zf_driver_encoder.o
    0x080037b8   0x080037b8   0x00000168   Code   RO          624    .text.encoder_dir_init  zf_driver_encoder.o
    0x08003920   0x08003920   0x000000de   Code   RO          618    .text.encoder_get_count  zf_driver_encoder.o
    0x080039fe   0x080039fe   0x00000002   PAD
    0x08003a00   0x08003a00   0x000001c2   Code   RO          233    .text.encoder_test  debug_test.o
    0x08003bc2   0x08003bc2   0x00000002   PAD
    0x08003bc4   0x08003bc4   0x00000072   Code   RO          260    .text.encoder_update  encoder.o
    0x08003c36   0x08003c36   0x00000002   PAD
    0x08003c38   0x08003c38   0x00000026   Code   RO          282    .text.err_sum_average  camera.o
    0x08003c5e   0x08003c5e   0x00000002   PAD
    0x08003c60   0x08003c60   0x0000019c   Code   RO          294    .text.err_sum_average_v2  camera.o
    0x08003dfc   0x08003dfc   0x00000190   Code   RO          300    .text.extend_left_line  camera.o
    0x08003f8c   0x08003f8c   0x00000196   Code   RO          302    .text.extend_right_line  camera.o
    0x08004122   0x08004122   0x00000002   PAD
    0x08004124   0x08004124   0x000002a0   Code   RO          639    .text.exti_init     zf_driver_exti.o
    0x080043c4   0x080043c4   0x000000a8   Code   RO          467    .text.fifo_clear    zf_common_fifo.o
    0x0800446c   0x0800446c   0x0000002e   Code   RO          479    .text.fifo_end_offset  zf_common_fifo.o
    0x0800449a   0x0800449a   0x00000002   PAD
    0x0800449c   0x0800449c   0x0000002e   Code   RO          473    .text.fifo_head_offset  zf_common_fifo.o
    0x080044ca   0x080044ca   0x00000002   PAD
    0x080044cc   0x080044cc   0x0000006e   Code   RO          485    .text.fifo_init     zf_common_fifo.o
    0x0800453a   0x0800453a   0x00000002   PAD
    0x0800453c   0x0800453c   0x000001f0   Code   RO          481    .text.fifo_read_buffer  zf_common_fifo.o
    0x0800472c   0x0800472c   0x00000028   Code   RO          469    .text.fifo_used     zf_common_fifo.o
    0x08004754   0x08004754   0x000001fa   Code   RO          475    .text.fifo_write_buffer  zf_common_fifo.o
    0x0800494e   0x0800494e   0x00000002   PAD
    0x08004950   0x08004950   0x000000be   Code   RO          471    .text.fifo_write_element  zf_common_fifo.o
    0x08004a0e   0x08004a0e   0x00000002   PAD
    0x08004a10   0x08004a10   0x000002e8   Code   RO          314    .text.find_down_point  camera.o
    0x08004cf8   0x08004cf8   0x000002e8   Code   RO          316    .text.find_up_point  camera.o
    0x08004fe0   0x08004fe0   0x0000008e   Code   RO          648    .text.flash_check   zf_driver_flash.o
    0x0800506e   0x0800506e   0x00000002   PAD
    0x08005070   0x08005070   0x00000120   Code   RO          650    .text.flash_erase_page  zf_driver_flash.o
    0x08005190   0x08005190   0x00000072   Code   RO          166    .text.flash_load_params  menu.o
    0x08005202   0x08005202   0x00000002   PAD
    0x08005204   0x08005204   0x00000088   Code   RO          656    .text.flash_read_page_to_buffer  zf_driver_flash.o
    0x0800528c   0x0800528c   0x00000038   Code   RO          120    .text.flash_save_value  menu.o
    0x080052c4   0x080052c4   0x0000014a   Code   RO          658    .text.flash_write_page_from_buffer  zf_driver_flash.o
    0x0800540e   0x0800540e   0x00000002   PAD
    0x08005410   0x08005410   0x0000024c   Code   RO          521    .text.func_float_to_str  zf_common_function.o
    0x0800565c   0x0800565c   0x00000042   Code   RO          507    .text.func_get_greatest_common_divisor  zf_common_function.o
    0x0800569e   0x0800569e   0x00000002   PAD
    0x080056a0   0x080056a0   0x000000f2   Code   RO          513    .text.func_int_to_str  zf_common_function.o
    0x08005792   0x08005792   0x00000002   PAD
    0x08005794   0x08005794   0x00000092   Code   RO          162    .text.get_page_title  menu.o
    0x08005826   0x08005826   0x00000002   PAD
    0x08005828   0x08005828   0x00000050   Code   RO          400    .text.get_real_gz   imu.o
    0x08005878   0x08005878   0x00000094   Code   RO          160    .text.get_ring_head  menu.o
    0x0800590c   0x0800590c   0x00000014   Code   RO          152    .text.gp_Kd_cb      menu.o
    0x08005920   0x08005920   0x00000014   Code   RO          150    .text.gp_Ki_cb      menu.o
    0x08005934   0x08005934   0x00000014   Code   RO          148    .text.gp_Kp_cb      menu.o
    0x08005948   0x08005948   0x0000002e   Code   RO          673    .text.gpio_get_level  zf_driver_gpio.o
    0x08005976   0x08005976   0x00000002   PAD
    0x08005978   0x08005978   0x000001e8   Code   RO          679    .text.gpio_init     zf_driver_gpio.o
    0x08005b60   0x08005b60   0x00000062   Code   RO          671    .text.gpio_set_level  zf_driver_gpio.o
    0x08005bc2   0x08005bc2   0x00000002   PAD
    0x08005bc4   0x08005bc4   0x0000013a   Code   RO         1150    .text.gps_uart_callback  zf_device_gps_tau1201.o
    0x08005cfe   0x08005cfe   0x00000002   PAD
    0x08005d00   0x08005d00   0x000001e2   Code   RO          237    .text.gyro_hold_test  debug_test.o
    0x08005ee2   0x08005ee2   0x00000002   PAD
    0x08005ee4   0x08005ee4   0x0000008a   Code   RO          286    .text.image_out_of_bounds  camera.o
    0x08005f6e   0x08005f6e   0x00000002   PAD
    0x08005f70   0x08005f70   0x00000052   Code   RO         1268    .text.imu963ra_acc_gyro_self_check  zf_device_imu963ra.o
    0x08005fc2   0x08005fc2   0x00000002   PAD
    0x08005fc4   0x08005fc4   0x00000042   Code   RO         1274    .text.imu963ra_connect_mag  zf_device_imu963ra.o
    0x08006006   0x08006006   0x00000002   PAD
    0x08006008   0x08006008   0x00000056   Code   RO         1254    .text.imu963ra_get_acc  zf_device_imu963ra.o
    0x0800605e   0x0800605e   0x00000002   PAD
    0x08006060   0x08006060   0x00000056   Code   RO         1258    .text.imu963ra_get_gyro  zf_device_imu963ra.o
    0x080060b6   0x080060b6   0x00000002   PAD
    0x080060b8   0x080060b8   0x000001ec   Code   RO         1266    .text.imu963ra_init  zf_device_imu963ra.o
    0x080062a4   0x080062a4   0x00000054   Code   RO         1272    .text.imu963ra_mag_self_check  zf_device_imu963ra.o
    0x080062f8   0x080062f8   0x0000004a   Code   RO         1264    .text.imu963ra_read_acc_gyro_register  zf_device_imu963ra.o
    0x08006342   0x08006342   0x00000002   PAD
    0x08006344   0x08006344   0x00000042   Code   RO         1256    .text.imu963ra_read_acc_gyro_registers  zf_device_imu963ra.o
    0x08006386   0x08006386   0x00000002   PAD
    0x08006388   0x08006388   0x00000078   Code   RO         1276    .text.imu963ra_read_mag_register  zf_device_imu963ra.o
    0x08006400   0x08006400   0x0000003e   Code   RO         1262    .text.imu963ra_write_acc_gyro_register  zf_device_imu963ra.o
    0x0800643e   0x0800643e   0x00000002   PAD
    0x08006440   0x08006440   0x0000008a   Code   RO         1270    .text.imu963ra_write_mag_register  zf_device_imu963ra.o
    0x080064ca   0x080064ca   0x00000002   PAD
    0x080064cc   0x080064cc   0x0000000c   Code   RO          396    .text.imu_get       imu.o
    0x080064d8   0x080064d8   0x00000022   Code   RO            8    .text.imu_pit       main.o
    0x080064fa   0x080064fa   0x00000002   PAD
    0x080064fc   0x080064fc   0x00000296   Code   RO          402    .text.imu_test      imu.o
    0x08006792   0x08006792   0x00000002   PAD
    0x08006794   0x08006794   0x00000156   Code   RO          278    .text.inner_draw_line  camera.o
    0x080068ea   0x080068ea   0x00000002   PAD
    0x080068ec   0x080068ec   0x00000014   Code   RO          554    .text.interrupt_disable  zf_common_interrupt.o
    0x08006900   0x08006900   0x00000014   Code   RO          550    .text.interrupt_enable  zf_common_interrupt.o
    0x08006914   0x08006914   0x00000024   Code   RO          548    .text.interrupt_global_disable  zf_common_interrupt.o
    0x08006938   0x08006938   0x00000030   Code   RO          546    .text.interrupt_global_enable  zf_common_interrupt.o
    0x08006968   0x08006968   0x0000000a   Code   RO          562    .text.interrupt_init  zf_common_interrupt.o
    0x08006972   0x08006972   0x00000002   PAD
    0x08006974   0x08006974   0x0000001c   Code   RO          558    .text.interrupt_set_priority  zf_common_interrupt.o
    0x08006990   0x08006990   0x00000014   Code   RO          154    .text.ip_Kp_cb      menu.o
    0x080069a4   0x080069a4   0x0000010e   Code   RO         1352    .text.ips200_clear  zf_device_ips200.o
    0x08006ab2   0x08006ab2   0x00000002   PAD
    0x08006ab4   0x08006ab4   0x0000008a   Code   RO         1396    .text.ips200_debug_init  zf_device_ips200.o
    0x08006b3e   0x08006b3e   0x00000002   PAD
    0x08006b40   0x08006b40   0x000000ea   Code   RO         1366    .text.ips200_draw_point  zf_device_ips200.o
    0x08006c2a   0x08006c2a   0x00000002   PAD
    0x08006c2c   0x08006c2c   0x00000472   Code   RO         1390    .text.ips200_init   zf_device_ips200.o
    0x0800709e   0x0800709e   0x00000002   PAD
    0x080070a0   0x080070a0   0x0000002a   Code   RO         1364    .text.ips200_set_color  zf_device_ips200.o
    0x080070ca   0x080070ca   0x00000002   PAD
    0x080070cc   0x080070cc   0x00000066   Code   RO         1360    .text.ips200_set_dir  zf_device_ips200.o
    0x08007132   0x08007132   0x00000002   PAD
    0x08007134   0x08007134   0x00000018   Code   RO         1362    .text.ips200_set_font  zf_device_ips200.o
    0x0800714c   0x0800714c   0x000000c4   Code   RO         1354    .text.ips200_set_region  zf_device_ips200.o
    0x08007210   0x08007210   0x000002de   Code   RO         1370    .text.ips200_show_char  zf_device_ips200.o
    0x080074ee   0x080074ee   0x00000002   PAD
    0x080074f0   0x080074f0   0x0000015e   Code   RO         1378    .text.ips200_show_float  zf_device_ips200.o
    0x0800764e   0x0800764e   0x00000002   PAD
    0x08007650   0x08007650   0x00000214   Code   RO         1382    .text.ips200_show_gray_image  zf_device_ips200.o
    0x08007864   0x08007864   0x00000100   Code   RO         1374    .text.ips200_show_int  zf_device_ips200.o
    0x08007964   0x08007964   0x000000dc   Code   RO         1372    .text.ips200_show_string  zf_device_ips200.o
    0x08007a40   0x08007a40   0x000000d6   Code   RO         1356    .text.ips200_write_16bit_data  zf_device_ips200.o
    0x08007b16   0x08007b16   0x00000002   PAD
    0x08007b18   0x08007b18   0x000000ae   Code   RO         1394    .text.ips200_write_8bit_data  zf_device_ips200.o
    0x08007bc6   0x08007bc6   0x00000002   PAD
    0x08007bc8   0x08007bc8   0x000000ea   Code   RO         1392    .text.ips200_write_command  zf_device_ips200.o
    0x08007cb2   0x08007cb2   0x00000002   PAD
    0x08007cb4   0x08007cb4   0x0000001a   Code   RO         1420    .text.key_clear_state  zf_device_key.o
    0x08007cce   0x08007cce   0x00000002   PAD
    0x08007cd0   0x08007cd0   0x00000018   Code   RO         1418    .text.key_get_state  zf_device_key.o
    0x08007ce8   0x08007ce8   0x0000007a   Code   RO         1424    .text.key_init      zf_device_key.o
    0x08007d62   0x08007d62   0x00000002   PAD
    0x08007d64   0x08007d64   0x00000082   Code   RO          118    .text.key_read      menu.o
    0x08007de6   0x08007de6   0x00000002   PAD
    0x08007de8   0x08007de8   0x00000100   Code   RO         1416    .text.key_scanner   zf_device_key.o
    0x08007ee8   0x08007ee8   0x0000016c   Code   RO          296    .text.left_draw_line  camera.o
    0x08008054   0x08008054   0x00000062   Code   RO          312    .text.left_lose_draw_right_line  camera.o
    0x080080b6   0x080080b6   0x00000002   PAD
    0x080080b8   0x080080b8   0x00000628   Code   RO          276    .text.longest_white_sweepline  camera.o
    0x080086e0   0x080086e0   0x00000030   Code   RO            4    .text.main          main.o
    0x08008710   0x08008710   0x00000070   Code   RO          110    .text.menu_add_flash_edit  menu.o
    0x08008780   0x08008780   0x00000080   Code   RO          114    .text.menu_add_flash_edit_float  menu.o
    0x08008800   0x08008800   0x00000080   Code   RO          100    .text.menu_add_function  menu.o
    0x08008880   0x08008880   0x000000ae   Code   RO          108    .text.menu_add_inline_edit  menu.o
    0x0800892e   0x0800892e   0x00000002   PAD
    0x08008930   0x08008930   0x0000011a   Code   RO          112    .text.menu_add_inline_edit_float  menu.o
    0x08008a4a   0x08008a4a   0x00000002   PAD
    0x08008a4c   0x08008a4c   0x00000088   Code   RO          102    .text.menu_add_submenu  menu.o
    0x08008ad4   0x08008ad4   0x0000003c   Code   RO           96    .text.menu_create_page  menu.o
    0x08008b10   0x08008b10   0x000000a4   Code   RO          124    .text.menu_init     menu.o
    0x08008bb4   0x08008bb4   0x0000000e   Code   RO          128    .text.menu_request_redraw  menu.o
    0x08008bc2   0x08008bc2   0x00000002   PAD
    0x08008bc4   0x08008bc4   0x0000009a   Code   RO          250    .text.motor_protect  motor.o
    0x08008c5e   0x08008c5e   0x00000002   PAD
    0x08008c60   0x08008c60   0x00000090   Code   RO          248    .text.motor_set_pwm  motor.o
    0x08008cf0   0x08008cf0   0x00000016   Code   RO         1471    .text.mt9v03x_dma_handler  zf_device_mt9v03x.o
    0x08008d06   0x08008d06   0x00000002   PAD
    0x08008d08   0x08008d08   0x00000122   Code   RO         1481    .text.mt9v03x_get_config  zf_device_mt9v03x.o
    0x08008e2a   0x08008e2a   0x00000002   PAD
    0x08008e2c   0x08008e2c   0x000000a0   Code   RO         1465    .text.mt9v03x_get_version  zf_device_mt9v03x.o
    0x08008ecc   0x08008ecc   0x000001a4   Code   RO         1477    .text.mt9v03x_init  zf_device_mt9v03x.o
    0x08009070   0x08009070   0x0000003c   Code   RO         2900    .text.mt9v03x_read_word_sccb  zf_device_config.lib(zf_device_config.o)
    0x080090ac   0x080090ac   0x000000f8   Code   RO         1479    .text.mt9v03x_set_config  zf_device_mt9v03x.o
    0x080091a4   0x080091a4   0x000009ae   Code   RO         2896    .text.mt9v03x_set_config_sccb  zf_device_config.lib(zf_device_config.o)
    0x08009b52   0x08009b52   0x00000002   PAD
    0x08009b54   0x08009b54   0x00000040   Code   RO         1473    .text.mt9v03x_uart_handler  zf_device_mt9v03x.o
    0x08009b94   0x08009b94   0x00000036   Code   RO         1469    .text.mt9v03x_vsync_handler  zf_device_mt9v03x.o
    0x08009bca   0x08009bca   0x00000002   PAD
    0x08009bcc   0x08009bcc   0x00000032   Code   RO         2898    .text.mt9v03x_write_word_sccb  zf_device_config.lib(zf_device_config.o)
    0x08009bfe   0x08009bfe   0x00000002   PAD
    0x08009c00   0x08009c00   0x0000002c   Code   RO            6    .text.pit_handler   main.o
    0x08009c2c   0x08009c2c   0x00000132   Code   RO          749    .text.pit_init      zf_driver_pit.o
    0x08009d5e   0x08009d5e   0x00000002   PAD
    0x08009d60   0x08009d60   0x0000001e   Code   RO          168    .text.pwm_L_on_change  menu.o
    0x08009d7e   0x08009d7e   0x00000002   PAD
    0x08009d80   0x08009d80   0x0000001e   Code   RO          170    .text.pwm_R_on_change  menu.o
    0x08009d9e   0x08009d9e   0x00000002   PAD
    0x08009da0   0x08009da0   0x00000256   Code   RO          762    .text.pwm_init      zf_driver_pwm.o
    0x08009ff6   0x08009ff6   0x00000002   PAD
    0x08009ff8   0x08009ff8   0x0000012e   Code   RO          760    .text.pwm_set_duty  zf_driver_pwm.o
    0x0800a126   0x0800a126   0x00000002   PAD
    0x0800a128   0x0800a128   0x00000238   Code   RO          132    .text.reset_pid     menu.o
    0x0800a360   0x0800a360   0x0000016c   Code   RO          298    .text.right_draw_line  camera.o
    0x0800a4cc   0x0800a4cc   0x0000008c   Code   RO          164    .text.ring_count    menu.o
    0x0800a558   0x0800a558   0x0000008a   Code   RO         1699    .text.set_camera_type  zf_device_type.o
    0x0800a5e2   0x0800a5e2   0x00000002   PAD
    0x0800a5e4   0x0800a5e4   0x00000162   Code   RO          284    .text.show_binarize  camera.o
    0x0800a746   0x0800a746   0x00000002   PAD
    0x0800a748   0x0800a748   0x0000051a   Code   RO          280    .text.show_boundary_line  camera.o
    0x0800ac62   0x0800ac62   0x00000002   PAD
    0x0800ac64   0x0800ac64   0x00000234   Code   RO          122    .text.show_current_page  menu.o
    0x0800ae98   0x0800ae98   0x00000160   Code   RO          272    .text.show_gary     camera.o
    0x0800aff8   0x0800aff8   0x00000b88   Code   RO          116    .text.show_process  menu.o
    0x0800bb80   0x0800bb80   0x000000d2   Code   RO          130    .text.show_saidao_flag  menu.o
    0x0800bc52   0x0800bc52   0x00000002   PAD
    0x0800bc54   0x0800bc54   0x0000008e   Code   RO          845    .text.soft_iic_init  zf_driver_soft_iic.o
    0x0800bce2   0x0800bce2   0x00000002   PAD
    0x0800bce4   0x0800bce4   0x00000098   Code   RO          831    .text.soft_iic_read_8bit_registers  zf_driver_soft_iic.o
    0x0800bd7c   0x0800bd7c   0x00000164   Code   RO          821    .text.soft_iic_read_data  zf_driver_soft_iic.o
    0x0800bee0   0x0800bee0   0x00000078   Code   RO          843    .text.soft_iic_sccb_read_register  zf_driver_soft_iic.o
    0x0800bf58   0x0800bf58   0x00000056   Code   RO          841    .text.soft_iic_sccb_write_register  zf_driver_soft_iic.o
    0x0800bfae   0x0800bfae   0x00000002   PAD
    0x0800bfb0   0x0800bfb0   0x0000011a   Code   RO          849    .text.soft_iic_send_ack  zf_driver_soft_iic.o
    0x0800c0ca   0x0800c0ca   0x00000002   PAD
    0x0800c0cc   0x0800c0cc   0x00000128   Code   RO          801    .text.soft_iic_send_data  zf_driver_soft_iic.o
    0x0800c1f4   0x0800c1f4   0x000000da   Code   RO          799    .text.soft_iic_start  zf_driver_soft_iic.o
    0x0800c2ce   0x0800c2ce   0x00000002   PAD
    0x0800c2d0   0x0800c2d0   0x000000da   Code   RO          803    .text.soft_iic_stop  zf_driver_soft_iic.o
    0x0800c3aa   0x0800c3aa   0x00000002   PAD
    0x0800c3ac   0x0800c3ac   0x000000f8   Code   RO          847    .text.soft_iic_wait_ack  zf_driver_soft_iic.o
    0x0800c4a4   0x0800c4a4   0x00000056   Code   RO          811    .text.soft_iic_write_8bit_register  zf_driver_soft_iic.o
    0x0800c4fa   0x0800c4fa   0x00000002   PAD
    0x0800c4fc   0x0800c4fc   0x00000014   Code   RO          138    .text.sp_Kd_cb      menu.o
    0x0800c510   0x0800c510   0x00000014   Code   RO          136    .text.sp_Ki_cb      menu.o
    0x0800c524   0x0800c524   0x00000014   Code   RO          134    .text.sp_Kp_cb      menu.o
    0x0800c538   0x0800c538   0x00000264   Code   RO          235    .text.speed_hold_test  debug_test.o
    0x0800c79c   0x0800c79c   0x00000366   Code   RO          945    .text.spi_init      zf_driver_spi.o
    0x0800cb02   0x0800cb02   0x00000002   PAD
    0x0800cb04   0x0800cb04   0x000000d2   Code   RO          933    .text.spi_read_8bit_register  zf_driver_spi.o
    0x0800cbd6   0x0800cbd6   0x00000002   PAD
    0x0800cbd8   0x0800cbd8   0x00000108   Code   RO          935    .text.spi_read_8bit_registers  zf_driver_spi.o
    0x0800cce0   0x0800cce0   0x000000b8   Code   RO          913    .text.spi_write_16bit  zf_driver_spi.o
    0x0800cd98   0x0800cd98   0x00000086   Code   RO          909    .text.spi_write_8bit  zf_driver_spi.o
    0x0800ce1e   0x0800ce1e   0x00000002   PAD
    0x0800ce20   0x0800ce20   0x000000bc   Code   RO          917    .text.spi_write_8bit_register  zf_driver_spi.o
    0x0800cedc   0x0800cedc   0x000000a8   Code   RO          292    .text.straight_judge  camera.o
    0x0800cf84   0x0800cf84   0x0000009a   Code   RO          590    .text.system_delay_ms  zf_driver_delay.o
    0x0800d01e   0x0800d01e   0x00000002   PAD
    0x0800d020   0x0800d020   0x000000b2   Code   RO          966    .text.timer_clear   zf_driver_timer.o
    0x0800d0d2   0x0800d0d2   0x00000002   PAD
    0x0800d0d4   0x0800d0d4   0x000000b6   Code   RO          958    .text.timer_clock_enable  zf_driver_timer.o
    0x0800d18a   0x0800d18a   0x00000002   PAD
    0x0800d18c   0x0800d18c   0x0000012a   Code   RO          970    .text.timer_etr_init  zf_driver_timer.o
    0x0800d2b6   0x0800d2b6   0x00000002   PAD
    0x0800d2b8   0x0800d2b8   0x00000068   Code   RO          956    .text.timer_funciton_check  zf_driver_timer.o
    0x0800d320   0x0800d320   0x000000b6   Code   RO          964    .text.timer_get     zf_driver_timer.o
    0x0800d3d6   0x0800d3d6   0x00000002   PAD
    0x0800d3d8   0x0800d3d8   0x00000028   Code   RO          146    .text.tp_kd2_cb     menu.o
    0x0800d400   0x0800d400   0x0000001e   Code   RO          142    .text.tp_kd_cb      menu.o
    0x0800d41e   0x0800d41e   0x00000002   PAD
    0x0800d420   0x0800d420   0x00000028   Code   RO          144    .text.tp_kp2_cb     menu.o
    0x0800d448   0x0800d448   0x0000001e   Code   RO          140    .text.tp_kp_cb      menu.o
    0x0800d466   0x0800d466   0x00000002   PAD
    0x0800d468   0x0800d468   0x00000368   Code   RO          364    .text.track_line    track.o
    0x0800d7d0   0x0800d7d0   0x000000e0   Code   RO         1681    .text.tsl1401_collect_pit_handler  zf_device_tsl1401.o
    0x0800d8b0   0x0800d8b0   0x00000002   Code   RO         1697    .text.type_default_callback  zf_device_type.o
    0x0800d8b2   0x0800d8b2   0x00000002   PAD
    0x0800d8b4   0x0800d8b4   0x0000028c   Code   RO          996    .text.uart_init     zf_driver_uart.o
    0x0800db40   0x0800db40   0x00000066   Code   RO          990    .text.uart_query_byte  zf_driver_uart.o
    0x0800dba6   0x0800dba6   0x00000002   PAD
    0x0800dba8   0x0800dba8   0x000000a0   Code   RO          994    .text.uart_rx_interrupt  zf_driver_uart.o
    0x0800dc48   0x0800dc48   0x0000006c   Code   RO          984    .text.uart_write_buffer  zf_driver_uart.o
    0x0800dcb4   0x0800dcb4   0x00000040   Code   RO          982    .text.uart_write_byte  zf_driver_uart.o
    0x0800dcf4   0x0800dcf4   0x00000040   Code   RO          986    .text.uart_write_string  zf_driver_uart.o
    0x0800dd34   0x0800dd34   0x00000152   Code   RO          156    .text.update_page_item_names  menu.o
    0x0800de86   0x0800de86   0x00000002   PAD
    0x0800de88   0x0800de88   0x00000248   Code   RO          290    .text.zebra_judge_multi  camera.o
    0x0800e0d0   0x0800e0d0   0x00000028   Code   RO         2978    i.__0sprintf        mc_w.l(printfa.o)
    0x0800e0f8   0x0800e0f8   0x00000026   Code   RO         3073    i.__ARM_fpclassifyf  m_ws.l(fpclassifyf.o)
    0x0800e11e   0x0800e11e   0x00000006   Code   RO         3076    i.__mathlib_flt_infnan  m_ws.l(funder.o)
    0x0800e124   0x0800e124   0x0000000a   Code   RO         3079    i.__mathlib_flt_overflow  m_ws.l(funder.o)
    0x0800e12e   0x0800e12e   0x0000000a   Code   RO         3081    i.__mathlib_flt_underflow  m_ws.l(funder.o)
    0x0800e138   0x0800e138   0x0000000e   Code   RO         3164    i.__scatterload_copy  mc_w.l(handlers.o)
    0x0800e146   0x0800e146   0x00000002   Code   RO         3165    i.__scatterload_null  mc_w.l(handlers.o)
    0x0800e148   0x0800e148   0x0000000e   Code   RO         3166    i.__scatterload_zeroinit  mc_w.l(handlers.o)
    0x0800e156   0x0800e156   0x00000002   PAD
    0x0800e158   0x0800e158   0x0000000c   Code   RO         3136    i.__set_errno       mc_w.l(errno.o)
    0x0800e164   0x0800e164   0x00000184   Code   RO         2983    i._fp_digits        mc_w.l(printfa.o)
    0x0800e2e8   0x0800e2e8   0x000006dc   Code   RO         2984    i._printf_core      mc_w.l(printfa.o)
    0x0800e9c4   0x0800e9c4   0x00000024   Code   RO         2985    i._printf_post_padding  mc_w.l(printfa.o)
    0x0800e9e8   0x0800e9e8   0x0000002e   Code   RO         2986    i._printf_pre_padding  mc_w.l(printfa.o)
    0x0800ea16   0x0800ea16   0x0000000a   Code   RO         2988    i._sputc            mc_w.l(printfa.o)
    0x0800ea20   0x0800ea20   0x00000174   Code   RO         2933    i.expf              m_ws.l(expf.o)
    0x0800eb94   0x0800eb94   0x00000030   Data   RO         2934    .constdata          m_ws.l(expf.o)
    0x0800ebc4   0x0800ebc4   0x000000ac   Data   RO          459    .rodata..L__const.debug_protective_handler.pin_list  zf_common_debug.o
    0x0800ec70   0x0800ec70   0x00000228   Data   RO          496    .rodata.ascii_font_6x8  zf_common_font.o
    0x0800ee98   0x0800ee98   0x000005f0   Data   RO          495    .rodata.ascii_font_8x16  zf_common_font.o
    0x0800f488   0x0800f488   0x00000004   Data   RO         1426    .rodata.key_index   zf_device_key.o
    0x0800f48c   0x0800f48c   0x00000078   Data   RO          326    .rodata.road_wide   camera.o
    0x0800f504   0x0800f504   0x00000188   Data   RO          173    .rodata.str1.1      menu.o
    0x0800f68c   0x0800f68c   0x00000129   Data   RO          240    .rodata.str1.1      debug_test.o
    0x0800f7b5   0x0800f7b5   0x0000000d   Data   RO          330    .rodata.str1.1      camera.o
    0x0800f7c2   0x0800f7c2   0x00000035   Data   RO          406    .rodata.str1.1      imu.o
    0x0800f7f7   0x0800f7f7   0x00000066   Data   RO          457    .rodata.str1.1      zf_common_debug.o
    0x0800f85d   0x0800f85d   0x0000002b   Data   RO          487    .rodata.str1.1      zf_common_fifo.o
    0x0800f888   0x0800f888   0x0000002f   Data   RO          537    .rodata.str1.1      zf_common_function.o
    0x0800f8b7   0x0800f8b7   0x0000002c   Data   RO          594    .rodata.str1.1      zf_driver_delay.o
    0x0800f8e3   0x0800f8e3   0x0000002e   Data   RO          627    .rodata.str1.1      zf_driver_encoder.o
    0x0800f911   0x0800f911   0x0000002c   Data   RO          662    .rodata.str1.1      zf_driver_flash.o
    0x0800f93d   0x0800f93d   0x0000002a   Data   RO          751    .rodata.str1.1      zf_driver_pit.o
    0x0800f967   0x0800f967   0x0000002a   Data   RO          764    .rodata.str1.1      zf_driver_pwm.o
    0x0800f991   0x0800f991   0x0000002f   Data   RO          851    .rodata.str1.1      zf_driver_soft_iic.o
    0x0800f9c0   0x0800f9c0   0x0000002a   Data   RO          948    .rodata.str1.1      zf_driver_spi.o
    0x0800f9ea   0x0800f9ea   0x0000002c   Data   RO          974    .rodata.str1.1      zf_driver_timer.o
    0x0800fa16   0x0800fa16   0x0000002b   Data   RO          999    .rodata.str1.1      zf_driver_uart.o
    0x0800fa41   0x0800fa41   0x00000008   Data   RO         1173    .rodata.str1.1      zf_device_gps_tau1201.o
    0x0800fa49   0x0800fa49   0x00000076   Data   RO         1288    .rodata.str1.1      zf_device_imu963ra.o
    0x0800fabf   0x0800fabf   0x0000002d   Data   RO         1406    .rodata.str1.1      zf_device_ips200.o
    0x0800faec   0x0800faec   0x0000002a   Data   RO         1430    .rodata.str1.1      zf_device_key.o
    0x0800fb16   0x0800fb16   0x00000062   Data   RO         1487    .rodata.str1.1      zf_device_mt9v03x.o
    0x0800fb78   0x0800fb78   0x00000020   Data   RO         3163    Region$$Table       anon$$obj.o


    Execution Region RW_m_data (Exec base: 0x20000000, Load base: 0x0800fb98, Size: 0x0000d41c, Max: 0x0001dc00, ABSOLUTE, COMPRESSED[0x000000fc])

    Exec Addr    Load Addr    Size         Type   Attr      Idx    E Section Name        Object

    0x20000000   COMPRESSED   0x00000004   Data   RW         3137    .data               mc_w.l(errno.o)
    0x20000004   COMPRESSED   0x00000008   Data   RW          580    .data.adc_index     zf_driver_adc.o
    0x2000000c   COMPRESSED   0x00000004   Data   RW         1706    .data.camera_dma_handler  zf_device_type.o
    0x20000010   COMPRESSED   0x00000004   Data   RW         1704    .data.camera_uart_handler  zf_device_type.o
    0x20000014   COMPRESSED   0x00000004   Data   RW         1705    .data.camera_vsync_handler  zf_device_type.o
    0x20000018   COMPRESSED   0x00000002   Data   RW         1109    .data.dl1a_distance_mm  zf_device_dl1a.o
    0x2000001a   COMPRESSED   0x00000002   Data   RW         1132    .data.dm1xa_distance_mm  zf_device_dm1xa.o
    0x2000001c   COMPRESSED   0x00000008   Data   RW          610    .data.dma_index     zf_driver_dma.o
    0x20000024   COMPRESSED   0x00000008   Data   RW          626    .data.encoder_dir_pin  zf_driver_encoder.o
    0x2000002c   COMPRESSED   0x00000001   Data   RW          319    .data.err_end_point  camera.o
    0x2000002d   COMPRESSED   0x00000001   Data   RW          320    .data.err_focus_row  camera.o
    0x2000002e   COMPRESSED   0x00000001   Data   RW          318    .data.err_start_point  camera.o
    0x2000002f   COMPRESSED   0x00000001   PAD
    0x20000030   COMPRESSED   0x00000020   Data   RW          683    .data.gpio_group    zf_driver_gpio.o
    0x20000050   COMPRESSED   0x0000002c   Data   RW          384    .data.gyro_pid      pid.o
    0x2000007c   COMPRESSED   0x0000002c   Data   RW          385    .data.image_pid     pid.o
    0x200000a8   COMPRESSED   0x00000038   Data   RW          388    .data.image_pid_struct  pid.o
    0x200000e0   COMPRESSED   0x0000000c   Data   RW         1287    .data.imu963ra_transition_factor  zf_device_imu963ra.o
    0x200000ec   COMPRESSED   0x00000002   Data   RW         1402    .data.ips200_bgcolor  zf_device_ips200.o
    0x200000ee   COMPRESSED   0x00000001   Data   RW         1404    .data.ips200_display_font  zf_device_ips200.o
    0x200000ef   COMPRESSED   0x00000001   PAD
    0x200000f0   COMPRESSED   0x00000002   Data   RW         1405    .data.ips200_pencolor  zf_device_ips200.o
    0x200000f2   COMPRESSED   0x00000002   Data   RW         1400    .data.ips200_x_max  zf_device_ips200.o
    0x200000f4   COMPRESSED   0x00000002   Data   RW         1401    .data.ips200_y_max  zf_device_ips200.o
    0x200000f6   COMPRESSED   0x00000001   Data   RW         1408    .data.ips_bl_pin    zf_device_ips200.o
    0x200000f7   COMPRESSED   0x00000001   Data   RW         1399    .data.ips_cs_pin    zf_device_ips200.o
    0x200000f8   COMPRESSED   0x00000001   Data   RW         1407    .data.ips_rst_pin   zf_device_ips200.o
    0x200000f9   COMPRESSED   0x00000001   PAD
    0x200000fa   COMPRESSED   0x00000024   Data   RW         1488    .data.mt9v03x_get_confing_buffer  zf_device_mt9v03x.o
    0x2000011e   COMPRESSED   0x00000028   Data   RW         1485    .data.mt9v03x_set_confing_buffer  zf_device_mt9v03x.o
    0x20000146   COMPRESSED   0x00000001   Data   RW         1484    .data.mt9v03x_type  zf_device_mt9v03x.o
    0x20000147   COMPRESSED   0x00000001   PAD
    0x20000148   COMPRESSED   0x00000004   Data   RW          333    .data.show_binarize.last_err  camera.o
    0x2000014c   COMPRESSED   0x00000004   Data   RW          332    .data.show_gary.last_err  camera.o
    0x20000150   COMPRESSED   0x0000002c   Data   RW          386    .data.speed_pid     pid.o
    0x2000017c   COMPRESSED   0x00000008   Data   RW          947    .data.spi_index     zf_driver_spi.o
    0x20000184   COMPRESSED   0x00000004   Data   RW          420    .data.system_clock  zf_common_clock.o
    0x20000188   COMPRESSED   0x00000028   Data   RW          387    .data.track_pid     pid.o
    0x200001b0   COMPRESSED   0x00000020   Data   RW          998    .data.uart_index    zf_driver_uart.o
    0x200001d0   COMPRESSED   0x00000008   Data   RW         1001    .data.uart_irq      zf_driver_uart.o
    0x200001d8   COMPRESSED   0x00000004   Data   RW         1708    .data.wireless_module_uart_handler  zf_device_type.o
    0x200001dc   COMPRESSED   0x00000001   Data   RW          455    .data.zf_debug_assert_enable  zf_common_debug.o
    0x200001dd   COMPRESSED   0x00000003   PAD
    0x200001e0        -       0x00000002   Zero   RW          581    .bss.adc_resolution  zf_driver_adc.o
    0x200001e2        -       0x00005820   Zero   RW          331    .bss.binary_image   camera.o
    0x20005a02        -       0x00000001   Zero   RW          337    .bss.boundary_start_left  camera.o
    0x20005a03        -       0x00000001   Zero   RW          338    .bss.boundary_start_right  camera.o
    0x20005a04        -       0x00000001   Zero   RW          188    .bss.button1        menu.o
    0x20005a05        -       0x00000001   Zero   RW          190    .bss.button2        menu.o
    0x20005a06        -       0x00000001   Zero   RW          187    .bss.button3        menu.o
    0x20005a07        -       0x00000001   Zero   RW          185    .bss.button4        menu.o
    0x20005a08        -       0x00000004   Zero   RW          219    .bss.camera_page    menu.o
    0x20005a0c        -       0x00000008   Zero   RW         1070    .bss.camera_receiver_buffer  zf_device_camera.o
    0x20005a14        -       0x00000018   Zero   RW         1069    .bss.camera_receiver_fifo  zf_device_camera.o
    0x20005a2c        -       0x00000001   Zero   RW         1703    .bss.camera_type    zf_device_type.o
    0x20005a2d        -       0x00000001   Zero   RW          329    .bss.circle_flag    camera.o
    0x20005a2e        -       0x00000001   Zero   RW          355    .bss.cross_flag     camera.o
    0x20005a2f        -       0x00000001   Zero   RW          456    .bss.debug_assert_handler.assert_nest_index  zf_common_debug.o
    0x20005a30        -       0x00000014   Zero   RW          458    .bss.debug_output_info  zf_common_debug.o
    0x20005a44        -       0x00000004   Zero   RW          217    .bss.debug_page     menu.o
    0x20005a48        -       0x00000004   Zero   RW          264    .bss.distance_L     encoder.o
    0x20005a4c        -       0x00000004   Zero   RW          265    .bss.distance_R     encoder.o
    0x20005a50        -       0x00000001   Zero   RW         1108    .bss.dl1a_finsh_flag  zf_device_dl1a.o
    0x20005a51   COMPRESSED   0x00000003   PAD
    0x20005a54        -       0x00000010   Zero   RW         1110    .bss.dl1a_iic_struct  zf_device_dl1a.o
    0x20005a64        -       0x00000004   Zero   RW         1130    .bss.dm1xa_plus_count  zf_device_dm1xa.o
    0x20005a68        -       0x00000001   Zero   RW         1131    .bss.dm1xa_ranging_state  zf_device_dm1xa.o
    0x20005a69        -       0x00000001   Zero   RW         1129    .bss.dm1xa_type     zf_device_dm1xa.o
    0x20005a6a        -       0x00000001   Zero   RW          193    .bss.first_in_page_flag  menu.o
    0x20005a6b        -       0x00000001   Zero   RW          189    .bss.flash_status   menu.o
    0x20005a6c        -       0x00000400   Zero   RW          663    .bss.flash_union_buffer  zf_driver_flash.o
    0x20005e6c        -       0x00000080   Zero   RW         1170    .bss.gps_gga_buffer  zf_device_gps_tau1201.o
    0x20005eec        -       0x00000001   Zero   RW         1165    .bss.gps_gga_state  zf_device_gps_tau1201.o
    0x20005eed        -       0x00000080   Zero   RW         1168    .bss.gps_rmc_buffer  zf_device_gps_tau1201.o
    0x20005f6d        -       0x00000001   Zero   RW         1166    .bss.gps_rmc_state  zf_device_gps_tau1201.o
    0x20005f6e        -       0x00000001   Zero   RW         1164    .bss.gps_tau1201_flag  zf_device_gps_tau1201.o
    0x20005f6f   COMPRESSED   0x00000001   PAD
    0x20005f70        -       0x00000018   Zero   RW         1172    .bss.gps_tau1201_receiver_fifo  zf_device_gps_tau1201.o
    0x20005f88        -       0x00000001   Zero   RW         1171    .bss.gps_tau1201_state  zf_device_gps_tau1201.o
    0x20005f89   COMPRESSED   0x00000003   PAD
    0x20005f8c        -       0x00000004   Zero   RW          208    .bss.gyro_Kd        menu.o
    0x20005f90        -       0x00000004   Zero   RW          207    .bss.gyro_Ki        menu.o
    0x20005f94        -       0x00000004   Zero   RW          206    .bss.gyro_Kp        menu.o
    0x20005f98        -       0x00000004   Zero   RW          212    .bss.gyro_pid_page  menu.o
    0x20005f9c        -       0x00000002   Zero   RW          404    .bss.gz             imu.o
    0x20005f9e   COMPRESSED   0x00000002   PAD
    0x20005fa0        -       0x00000004   Zero   RW          209    .bss.image_Kp       menu.o
    0x20005fa4        -       0x00000004   Zero   RW          213    .bss.image_pid_page  menu.o
    0x20005fa8        -       0x00000002   Zero   RW         1281    .bss.imu963ra_acc_x  zf_device_imu963ra.o
    0x20005faa        -       0x00000002   Zero   RW         1282    .bss.imu963ra_acc_y  zf_device_imu963ra.o
    0x20005fac        -       0x00000002   Zero   RW         1283    .bss.imu963ra_acc_z  zf_device_imu963ra.o
    0x20005fae        -       0x00000002   Zero   RW         1278    .bss.imu963ra_gyro_x  zf_device_imu963ra.o
    0x20005fb0        -       0x00000002   Zero   RW         1279    .bss.imu963ra_gyro_y  zf_device_imu963ra.o
    0x20005fb2        -       0x00000002   Zero   RW         1280    .bss.imu963ra_gyro_z  zf_device_imu963ra.o
    0x20005fb4        -       0x00000001   Zero   RW          239    .bss.imu_init       debug_test.o
    0x20005fb5   COMPRESSED   0x00000003   PAD
    0x20005fb8        -       0x00000004   Zero   RW          566    .bss.interrupt_nest_count  zf_common_interrupt.o
    0x20005fbc        -       0x00000001   Zero   RW         1403    .bss.ips200_display_dir  zf_device_ips200.o
    0x20005fbd        -       0x00000001   Zero   RW         1398    .bss.ips200_display_type  zf_device_ips200.o
    0x20005fbe   COMPRESSED   0x00000002   PAD
    0x20005fc0        -       0x00000010   Zero   RW         1427    .bss.key_press_time  zf_device_key.o
    0x20005fd0        -       0x00000004   Zero   RW         1429    .bss.key_state      zf_device_key.o
    0x20005fd4        -       0x00000001   Zero   RW          339    .bss.left_down_point  camera.o
    0x20005fd5   COMPRESSED   0x00000001   PAD
    0x20005fd6        -       0x000000f0   Zero   RW          334    .bss.left_line      camera.o
    0x200060c6        -       0x00000001   Zero   RW          352    .bss.left_lost_count  camera.o
    0x200060c7   COMPRESSED   0x00000001   PAD
    0x200060c8        -       0x000000f0   Zero   RW          347    .bss.left_lost_flag  camera.o
    0x200061b8        -       0x00000001   Zero   RW          354    .bss.left_right_lost_count  camera.o
    0x200061b9        -       0x00000001   Zero   RW          345    .bss.left_start     camera.o
    0x200061ba        -       0x00000001   Zero   RW          340    .bss.left_up_point  camera.o
    0x200061bb   COMPRESSED   0x00000001   PAD
    0x200061bc        -       0x00000004   Zero   RW          356    .bss.line_err       camera.o
    0x200061c0        -       0x00000004   Zero   RW          343    .bss.longest_white_left  camera.o
    0x200061c4        -       0x00000004   Zero   RW          344    .bss.longest_white_right  camera.o
    0x200061c8        -       0x00000004   Zero   RW          194    .bss.main_page      menu.o
    0x200061cc        -       0x00000078   Zero   RW          336    .bss.mid_line       camera.o
    0x20006244        -       0x00000004   Zero   RW          195    .bss.motor_page     menu.o
    0x20006248        -       0x00000002   Zero   RW          252    .bss.motor_protect.block_time  motor.o
    0x2000624a        -       0x00000001   Zero   RW         1483    .bss.mt9v03x_finish_flag  zf_device_mt9v03x.o
    0x2000624b   COMPRESSED   0x00000001   PAD
    0x2000624c        -       0x00000004   Zero   RW         2910    .bss.mt9v03x_h_blank  zf_device_config.lib(zf_device_config.o)
    0x20006250        -       0x00000010   Zero   RW         2908    .bss.mt9v03x_iic_inf_struct  zf_device_config.lib(zf_device_config.o)
    0x20006260        -       0x00005820   Zero   RW         1489    .bss.mt9v03x_image  zf_device_mt9v03x.o
    0x2000ba80        -       0x00000014   Zero   RW         2909    .bss.mt9v03x_init_config  zf_device_config.lib(zf_device_config.o)
    0x2000ba94        -       0x00000004   Zero   RW         2911    .bss.mt9v03x_v_blank  zf_device_config.lib(zf_device_config.o)
    0x2000ba98        -       0x00000002   Zero   RW         1486    .bss.mt9v03x_version  zf_device_mt9v03x.o
    0x2000ba9a   COMPRESSED   0x00000002   PAD
    0x2000ba9c        -       0x00000a50   Zero   RW          214    .bss.my_menu_unit   menu.o
    0x2000c4ec        -       0x00000960   Zero   RW          216    .bss.my_param_set   menu.o
    0x2000ce4c        -       0x00000001   Zero   RW          186    .bss.need_full_redraw  menu.o
    0x2000ce4d   COMPRESSED   0x00000003   PAD
    0x2000ce50        -       0x00000004   Zero   RW          191    .bss.p_unit         menu.o
    0x2000ce54        -       0x00000004   Zero   RW          192    .bss.p_unit_last    menu.o
    0x2000ce58        -       0x00000004   Zero   RW          218    .bss.pid_page       menu.o
    0x2000ce5c        -       0x00000002   Zero   RW           10    .bss.pit_handler.encoder_tick  main.o
    0x2000ce5e   COMPRESSED   0x00000002   PAD
    0x2000ce60        -       0x00000004   Zero   RW          220    .bss.pwm_L_item     menu.o
    0x2000ce64        -       0x00000002   Zero   RW          196    .bss.pwm_L_val      menu.o
    0x2000ce66   COMPRESSED   0x00000002   PAD
    0x2000ce68        -       0x00000004   Zero   RW          221    .bss.pwm_R_item     menu.o
    0x2000ce6c        -       0x00000002   Zero   RW          197    .bss.pwm_R_val      menu.o
    0x2000ce6e   COMPRESSED   0x00000002   PAD
    0x2000ce70        -       0x00000004   Zero   RW          405    .bss.real_gz        imu.o
    0x2000ce74        -       0x00000078   Zero   RW          349    .bss.real_road_wide  camera.o
    0x2000ceec        -       0x00000001   Zero   RW          341    .bss.right_down_point  camera.o
    0x2000ceed   COMPRESSED   0x00000001   PAD
    0x2000ceee        -       0x000000f0   Zero   RW          335    .bss.right_line     camera.o
    0x2000cfde        -       0x00000001   Zero   RW          353    .bss.right_lost_count  camera.o
    0x2000cfdf   COMPRESSED   0x00000001   PAD
    0x2000cfe0        -       0x000000f0   Zero   RW          348    .bss.right_lost_flag  camera.o
    0x2000d0d0        -       0x00000001   Zero   RW          346    .bss.right_start    camera.o
    0x2000d0d1        -       0x00000001   Zero   RW          342    .bss.right_up_point  camera.o
    0x2000d0d2   COMPRESSED   0x00000002   PAD
    0x2000d0d4        -       0x00000004   Zero   RW         1428    .bss.scanner_period  zf_device_key.o
    0x2000d0d8        -       0x00000001   Zero   RW          351    .bss.search_stop_line  camera.o
    0x2000d0d9        -       0x00000010   Zero   RW          181    .bss.show_process.edit_base  menu.o
    0x2000d0e9        -       0x00000001   Zero   RW          179    .bss.show_process.edit_is_float  menu.o
    0x2000d0ea   COMPRESSED   0x00000002   PAD
    0x2000d0ec        -       0x00000004   Zero   RW          180    .bss.show_process.edit_item  menu.o
    0x2000d0f0        -       0x00000002   Zero   RW          176    .bss.show_process.edit_step  menu.o
    0x2000d0f2   COMPRESSED   0x00000002   PAD
    0x2000d0f4        -       0x00000004   Zero   RW          178    .bss.show_process.edit_step_f  menu.o
    0x2000d0f8        -       0x00000004   Zero   RW          175    .bss.show_process.edit_val  menu.o
    0x2000d0fc        -       0x00000004   Zero   RW          177    .bss.show_process.edit_val_f  menu.o
    0x2000d100        -       0x00000001   Zero   RW          174    .bss.show_process.editing  menu.o
    0x2000d101        -       0x00000001   Zero   RW          182    .bss.show_process.flash_edit  menu.o
    0x2000d102   COMPRESSED   0x00000002   PAD
    0x2000d104        -       0x00000004   Zero   RW          184    .bss.show_process.flash_orig_val_f  menu.o
    0x2000d108        -       0x00000002   Zero   RW          183    .bss.show_process.flash_orig_val_i  menu.o
    0x2000d10a   COMPRESSED   0x00000002   PAD
    0x2000d10c        -       0x00000004   Zero   RW          198    .bss.show_saidao_flag.last_flag  menu.o
    0x2000d110        -       0x00000004   Zero   RW          201    .bss.speed_Kd       menu.o
    0x2000d114        -       0x00000004   Zero   RW          200    .bss.speed_Ki       menu.o
    0x2000d118        -       0x00000004   Zero   RW          199    .bss.speed_Kp       menu.o
    0x2000d11c        -       0x00000002   Zero   RW          262    .bss.speed_L        encoder.o
    0x2000d11e        -       0x00000002   Zero   RW          263    .bss.speed_R        encoder.o
    0x2000d120        -       0x00000004   Zero   RW          210    .bss.speed_pid_page  menu.o
    0x2000d124        -       0x00000001   Zero   RW          215    .bss.static_cnt     menu.o
    0x2000d125        -       0x00000001   Zero   RW          328    .bss.straight_flag  camera.o
    0x2000d126        -       0x00000008   Zero   RW          972    .bss.timer_function_state  zf_driver_timer.o
    0x2000d12e        -       0x00000008   Zero   RW          973    .bss.timer_mode_state  zf_driver_timer.o
    0x2000d136        -       0x00000002   Zero   RW          203    .bss.track_kd       menu.o
    0x2000d138        -       0x00000002   Zero   RW          205    .bss.track_kd2      menu.o
    0x2000d13a        -       0x00000002   Zero   RW          202    .bss.track_kp       menu.o
    0x2000d13c        -       0x00000002   Zero   RW          204    .bss.track_kp2      menu.o
    0x2000d13e   COMPRESSED   0x00000002   PAD
    0x2000d140        -       0x00000004   Zero   RW          367    .bss.track_line.speed_err  track.o
    0x2000d144        -       0x00000004   Zero   RW          366    .bss.track_line.turn_control  track.o
    0x2000d148        -       0x00000004   Zero   RW          211    .bss.track_pid_page  menu.o
    0x2000d14c        -       0x00000200   Zero   RW         1688    .bss.tsl1401_data   zf_device_tsl1401.o
    0x2000d34c        -       0x00000001   Zero   RW         1689    .bss.tsl1401_finish_flag  zf_device_tsl1401.o
    0x2000d34d        -       0x00000001   Zero   RW         1687    .bss.tsl1401_init_state  zf_device_tsl1401.o
    0x2000d34e        -       0x00000008   Zero   RW         1000    .bss.uart_interrupt_state  zf_driver_uart.o
    0x2000d356        -       0x000000bc   Zero   RW          350    .bss.white_count    camera.o
    0x2000d412        -       0x00000002   Zero   RW          323    .bss.zebra_clear_timer  camera.o
    0x2000d414        -       0x00000001   Zero   RW          321    .bss.zebra_count_total  camera.o
    0x2000d415        -       0x00000001   Zero   RW          322    .bss.zebra_detect_state  camera.o
    0x2000d416        -       0x00000001   Zero   RW          325    .bss.zebra_flag     camera.o
    0x2000d417        -       0x00000001   Zero   RW          324    .bss.zebra_last_flag  camera.o
    0x2000d418        -       0x00000001   Zero   RW          454    .bss.zf_debug_init_flag  zf_common_debug.o


    Execution Region ARM_LIB_HEAP (Exec base: 0x2000d41c, Load base: 0x0800fc94, Size: 0x00000400, Max: 0x00000400, ABSOLUTE)

    Exec Addr    Load Addr    Size         Type   Attr      Idx    E Section Name        Object

    0x2000d41c        -       0x00000400   Zero   RW            1    ARM_LIB_HEAP.bss    anon$$obj.o


    Execution Region ARM_LIB_STACK (Exec base: 0x2001e000, Load base: 0x0800fc94, Size: 0x00002000, Max: 0x00002000, ABSOLUTE)

    Exec Addr    Load Addr    Size         Type   Attr      Idx    E Section Name        Object

    0x2001e000        -       0x00002000   Zero   RW            2    ARM_LIB_STACK.bss   anon$$obj.o


==============================================================================

Image component sizes


      Code (inc. data)   RO Data    RW Data    ZI Data      Debug   Object Name

      9060          0        133         11      23981      12876   camera.o
      1762          0        297          0          1       8170   debug_test.o
       114          0          0          0         12        932   encoder.o
       754          0         53          0          6       1782   imu.o
      1728          0          0          0          0       6489   isr.o
       126          0          0          0          2       1031   main.o
      9566          0        392          0       5187      17635   menu.o
       298          0          0          0          2       3013   motor.o
       698          0          0        228          0       3144   pid.o
        36          8        400          0          0        832   startup_mm32f3277g.o
        16          0          0          0          0        403   system_mm32f3277g.o
       872          0          0          0          8       3382   track.o
       796          0          0          4          0       2891   zf_common_clock.o
      1614          0        274          1         22       8143   zf_common_debug.o
      1602          0         43          0          0       5410   zf_common_fifo.o
         0          0       2072          0          0        719   zf_common_font.o
       896          0         47          0          0       8013   zf_common_function.o
       392          0          0          0          4       4628   zf_common_interrupt.o
       230          0          0          0         32       5174   zf_device_camera.o
       166          0          0          2         17       7673   zf_device_dl1a.o
       314          4          0          2          6       3513   zf_device_dm1xa.o
       314          0          8          0        284       8130   zf_device_gps_tau1201.o
      1356          0        118         12         12       5622   zf_device_imu963ra.o
      4858          4         45         12          2      12082   zf_device_ips200.o
       428          0         46          0         24       2968   zf_device_key.o
      1258          0         98         77      22563       6999   zf_device_mt9v03x.o
       224          0          0          0        514       3498   zf_device_tsl1401.o
       140          0          0         16          1       1506   zf_device_type.o
       150          0          0          8          2       4677   zf_driver_adc.o
       154          0         44          0          0       1184   zf_driver_delay.o
       490         22          0          8          0       4101   zf_driver_dma.o
       726         24         46          8          0       5931   zf_driver_encoder.o
       672         28          0          0          0       5097   zf_driver_exti.o
       896          0         44          0       1024       3656   zf_driver_flash.o
      1016          0          0         32          0       4794   zf_driver_gpio.o
       306          8         42          0          0       5075   zf_driver_pit.o
       900         16         42          0          0       5348   zf_driver_pwm.o
      2204          0         47          0          0       8775   zf_driver_soft_iic.o
      1850          4         42          8          0       8650   zf_driver_spi.o
       944         32         44          0         16       7408   zf_driver_timer.o
      1150          8         43         40          8       7454   zf_driver_uart.o

    ----------------------------------------------------------------------
     51324        158       4452        476      62992     218808   Object Totals
         0          0         32          0       9216          0   (incl. Generated)
       248          0          0          7         46          0   (incl. Padding)

    ----------------------------------------------------------------------

      Code (inc. data)   RO Data    RW Data    ZI Data      Debug   Library Member Name

       372         46         48          0          0        168   expf.o
        38          0          0          0          0         68   fpclassifyf.o
        26          0          0          0          0        204   funder.o
        86          0          0          0          0          0   __dczerorl2.o
         0          0          0          0          0          0   entry.o
         0          0          0          0          0          0   entry10a.o
         0          0          0          0          0          0   entry11a.o
         8          4          0          0          0          0   entry4.o
         4          0          0          0          0          0   entry5.o
         0          0          0          0          0          0   entry7b.o
         0          0          0          0          0          0   entry8b.o
         8          4          0          0          0          0   entry9a.o
        12          6          0          4          0         68   errno.o
        30          0          0          0          0          0   handlers.o
        48         10          0          0          0         68   init.o
         0          0          0          0          0          0   iusefp.o
        30          0          0          0          0         68   llshl.o
        36          0          0          0          0         68   llsshr.o
        32          0          0          0          0         68   llushr.o
        36          0          0          0          0         68   memcpya.o
        36          0          0          0          0        108   memseta.o
      2276         86          0          0          0        520   printfa.o
        20          0          0          0          0         68   strchr.o
        18          0          0          0          0         68   strcpy.o
        14          0          0          0          0         68   strlen.o
        30          0          0          0          0         80   strncmp.o
        44          0          0          0          0         80   uidiv.o
        98          0          0          0          0         92   uldiv.o
        48          0          0          0          0         68   cdrcmple.o
        56          0          0          0          0         88   d2f.o
       334          0          0          0          0        148   dadd.o
        56          0          0          0          0         80   dcmpeq.o
       222          0          0          0          0        100   ddiv.o
       186          0          0          0          0        176   depilogue.o
        62          0          0          0          0         80   dfixi.o
        48          0          0          0          0         68   dfixul.o
       228          0          0          0          0         96   dmul.o
        38          0          0          0          0         68   f2d.o
       176          0          0          0          0        140   fadd.o
        28          0          0          0          0         68   fcmpeq.o
        28          0          0          0          0         68   fcmpge.o
        28          0          0          0          0         68   fcmpgt.o
        28          0          0          0          0         68   fcmple.o
       124          0          0          0          0         88   fdiv.o
       110          0          0          0          0        168   fepilogue.o
        50          0          0          0          0         68   ffixi.o
        18          0          0          0          0         68   fflti.o
        10          0          0          0          0         68   ffltui.o
       100          0          0          0          0         76   fmul.o
        60          0          0          0          0         76   frnd.o
        24          0          0          0          0         68   fscalb.o
      2588          0          0          0         44       3849   zf_device_config.o

    ----------------------------------------------------------------------
      7960        156         48          4         44       7845   Library Totals
         8          0          0          0          0          0   (incl. Padding)

    ----------------------------------------------------------------------

      Code (inc. data)   RO Data    RW Data    ZI Data      Debug   Library Name

       436         46         48          0          0        440   m_ws.l
      2866        110          0          4          0       1492   mc_w.l
      2062          0          0          0          0       2064   mf_w.l
      2588          0          0          0         44       3849   zf_device_config.lib

    ----------------------------------------------------------------------
      7960        156         48          4         44       7845   Library Totals

    ----------------------------------------------------------------------

==============================================================================


      Code (inc. data)   RO Data    RW Data    ZI Data      Debug   

     59284        314       4500        480      63036     223817   Grand Totals
     59284        314       4500        252      63036     223817   ELF Image Totals (compressed)
     59284        314       4500        252          0          0   ROM Totals

==============================================================================

    Total RO  Size (Code + RO Data)                63784 (  62.29kB)
    Total RW  Size (RW Data + ZI Data)             63516 (  62.03kB)
    Total ROM Size (Code + RO Data + RW Data)      64036 (  62.54kB)

==============================================================================

